ripple.app.NFTokenAuth Unauthorized seller tries to accept buy offer
ripple.app.NFTokenAuth Unauthorized buyer tries to create buy offer
ripple.app.NFTokenAuth Seller tries to accept buy offer from unauth buyer
ripple.app.NFTokenAuth Authorized buyer tries to accept sell offer from unauthorized seller
ripple.app.NFTokenAuth Unauthorized buyer tries to accept sell offer
ripple.app.NFTokenAuth Unauthorized broker bridges authorized buyer and seller.
ripple.app.NFTokenAuth Authorized broker tries to bridge offers from unauthorized buyer.
ripple.app.NFTokenAuth Authorized broker tries to bridge offers from unauthorized seller.
ripple.app.NFTokenAuth Unauthorized minter receives transfer fee.
ripple.app.NFTokenAuth Unauthorized seller tries to accept buy offer
ripple.app.NFTokenAuth Unauthorized buyer tries to create buy offer
ripple.app.NFTokenAuth Seller tries to accept buy offer from unauth buyer
ripple.app.NFTokenAuth Authorized buyer tries to accept sell offer from unauthorized seller
ripple.app.NFTokenAuth Unauthorized buyer tries to accept sell offer
ripple.app.NFTokenAuth Unauthorized broker bridges authorized buyer and seller.
ripple.app.NFTokenAuth Authorized broker tries to bridge offers from unauthorized buyer.
ripple.app.NFTokenAuth Authorized broker tries to bridge offers from unauthorized seller.
ripple.app.NFTokenAuth Unauthorized minter receives transfer fee.
ripple.app.NFTokenAuth had 0 failures.
ripple.app.AMMClawback test invalid request
ripple.app.AMMClawback test featureAMMClawback is not enabled.
ripple.app.AMMClawback test AMMClawback specific amount
ripple.app.AMMClawback test AMMClawback specific amount which exceeds the current balance
ripple.app.AMMClawback test AMMClawback all the tokens in the AMM pool
ripple.app.AMMClawback test AMMClawback from AMM pool with assets having the same issuer
ripple.app.AMMClawback test AMMClawback from AMM pool with assets having the same currency, but from different issuer
ripple.app.AMMClawback test AMMClawback when issuing token for each other
ripple.app.AMMClawback test AMMClawback from account which does not own any lptoken in the pool
ripple.app.AMMClawback test assets frozen
ripple.app.AMMClawback test single depoit and clawback
ripple.app.AMMClawback test last holder's lptoken balance not equal to AMM's lptoken balance before clawback
ripple.app.AMMClawback test AMMClawback specific amount
ripple.app.AMMClawback test AMMClawback specific amount which exceeds the current balance
ripple.app.AMMClawback test AMMClawback all the tokens in the AMM pool
ripple.app.AMMClawback test AMMClawback from AMM pool with assets having the same issuer
ripple.app.AMMClawback test AMMClawback from AMM pool with assets having the same currency, but from different issuer
ripple.app.AMMClawback test AMMClawback when issuing token for each other
ripple.app.AMMClawback test AMMClawback from account which does not own any lptoken in the pool
ripple.app.AMMClawback test assets frozen
ripple.app.AMMClawback test single depoit and clawback
ripple.app.AMMClawback test last holder's lptoken balance not equal to AMM's lptoken balance before clawback
ripple.app.AMMClawback test AMMClawback specific amount
ripple.app.AMMClawback test AMMClawback specific amount which exceeds the current balance
ripple.app.AMMClawback test AMMClawback all the tokens in the AMM pool
ripple.app.AMMClawback test AMMClawback from AMM pool with assets having the same issuer
ripple.app.AMMClawback test AMMClawback from AMM pool with assets having the same currency, but from different issuer
ripple.app.AMMClawback test AMMClawback when issuing token for each other
ripple.app.AMMClawback test AMMClawback from account which does not own any lptoken in the pool
ripple.app.AMMClawback test assets frozen
ripple.app.AMMClawback test single depoit and clawback
ripple.app.AMMClawback test last holder's lptoken balance not equal to AMM's lptoken balance before clawback
ripple.app.AMMClawback had 0 failures.
ripple.app.AccountTxPaging Paging for Single Account
ripple.app.AccountTxPaging had 0 failures.
ripple.app.Clawback Enable AllowTrustLineClawback flag
ripple.app.Clawback Validation
ripple.app.Clawback Permission
ripple.app.Clawback Enable clawback
ripple.app.Clawback Multi line
ripple.app.Clawback Bidirectional line
ripple.app.Clawback Delete default trustline
ripple.app.Clawback Frozen trustline
ripple.app.Clawback Amount exceeds available
ripple.app.Clawback Tickets
ripple.app.Clawback Enable AllowTrustLineClawback flag
ripple.app.Clawback Validation
ripple.app.Clawback Permission
ripple.app.Clawback Enable clawback
ripple.app.Clawback Multi line
ripple.app.Clawback Bidirectional line
ripple.app.Clawback Delete default trustline
ripple.app.Clawback Frozen trustline
ripple.app.Clawback Amount exceeds available
ripple.app.Clawback Tickets
ripple.app.Clawback had 0 failures.
ripple.app.Freeze RippleState Freeze
ripple.app.Freeze Deep Freeze
ripple.app.Freeze Create Frozen Trustline
ripple.app.Freeze Freeze Set and Clear
ripple.app.Freeze Global Freeze
ripple.app.Freeze No Freeze
ripple.app.Freeze Offers for Frozen Trust Lines
ripple.app.Freeze Offers on frozen trust lines
ripple.app.Freeze Direct payments on frozen trust lines
ripple.app.Freeze Checks on frozen trust lines
ripple.app.Freeze AMM payments on frozen trust lines
ripple.app.Freeze Longer paths payment on frozen trust lines
ripple.app.Freeze NFT offers on frozen trust lines
ripple.app.Freeze RippleState Freeze
ripple.app.Freeze Deep Freeze
ripple.app.Freeze Create Frozen Trustline
ripple.app.Freeze Freeze Set and Clear
ripple.app.Freeze Global Freeze
ripple.app.Freeze No Freeze
ripple.app.Freeze Offers for Frozen Trust Lines
ripple.app.Freeze Offers on frozen trust lines
ripple.app.Freeze Direct payments on frozen trust lines
ripple.app.Freeze Checks on frozen trust lines
ripple.app.Freeze AMM payments on frozen trust lines
ripple.app.Freeze Longer paths payment on frozen trust lines
ripple.app.Freeze NFT offers on frozen trust lines
ripple.app.Freeze RippleState Freeze
ripple.app.Freeze Deep Freeze
ripple.app.Freeze Create Frozen Trustline
ripple.app.Freeze Freeze Set and Clear
ripple.app.Freeze Global Freeze
ripple.app.Freeze No Freeze
ripple.app.Freeze Offers for Frozen Trust Lines
ripple.app.Freeze Offers on frozen trust lines
ripple.app.Freeze Direct payments on frozen trust lines
ripple.app.Freeze Checks on frozen trust lines
ripple.app.Freeze AMM payments on frozen trust lines
ripple.app.Freeze Longer paths payment on frozen trust lines
ripple.app.Freeze NFT offers on frozen trust lines
ripple.app.Freeze RippleState Freeze
ripple.app.Freeze Deep Freeze
ripple.app.Freeze Create Frozen Trustline
ripple.app.Freeze Freeze Set and Clear
ripple.app.Freeze Global Freeze
ripple.app.Freeze No Freeze
ripple.app.Freeze Offers for Frozen Trust Lines
ripple.app.Freeze Offers on frozen trust lines
ripple.app.Freeze Direct payments on frozen trust lines
ripple.app.Freeze Checks on frozen trust lines
ripple.app.Freeze AMM payments on frozen trust lines
ripple.app.Freeze Longer paths payment on frozen trust lines
ripple.app.Freeze NFT offers on frozen trust lines
ripple.app.Freeze RippleState Freeze
ripple.app.Freeze Deep Freeze
ripple.app.Freeze Create Frozen Trustline
ripple.app.Freeze Freeze Set and Clear
ripple.app.Freeze Global Freeze
ripple.app.Freeze No Freeze
ripple.app.Freeze Offers for Frozen Trust Lines
ripple.app.Freeze Offers on frozen trust lines
ripple.app.Freeze Direct payments on frozen trust lines
ripple.app.Freeze Checks on frozen trust lines
ripple.app.Freeze AMM payments on frozen trust lines
ripple.app.Freeze Longer paths payment on frozen trust lines
ripple.app.Freeze NFT offers on frozen trust lines
ripple.app.Freeze RippleState Freeze
ripple.app.Freeze Deep Freeze
ripple.app.Freeze Create Frozen Trustline
ripple.app.Freeze Freeze Set and Clear
ripple.app.Freeze Global Freeze
ripple.app.Freeze No Freeze
ripple.app.Freeze Offers for Frozen Trust Lines
ripple.app.Freeze Offers on frozen trust lines
ripple.app.Freeze Direct payments on frozen trust lines
ripple.app.Freeze Checks on frozen trust lines
ripple.app.Freeze AMM payments on frozen trust lines
ripple.app.Freeze Longer paths payment on frozen trust lines
ripple.app.Freeze NFT offers on frozen trust lines
ripple.app.Freeze RippleState Freeze
ripple.app.Freeze Deep Freeze
ripple.app.Freeze Create Frozen Trustline
ripple.app.Freeze Freeze Set and Clear
ripple.app.Freeze Global Freeze
ripple.app.Freeze No Freeze
ripple.app.Freeze Offers for Frozen Trust Lines
ripple.app.Freeze Offers on frozen trust lines
ripple.app.Freeze Direct payments on frozen trust lines
ripple.app.Freeze Checks on frozen trust lines
ripple.app.Freeze AMM payments on frozen trust lines
ripple.app.Freeze Longer paths payment on frozen trust lines
ripple.app.Freeze NFT offers on frozen trust lines
ripple.app.Freeze had 0 failures.
ripple.rpc.AccountLines account_lines
ripple.rpc.AccountLines Entry pointed to by marker is not owned by account
ripple.rpc.AccountLines Entry pointed to by marker is removed
ripple.rpc.AccountLines Marker can point to any appropriate ledger entry type
ripple.rpc.AccountLines V2: account_lines
ripple.rpc.AccountLines V2: account_lines with removed marker
ripple.rpc.AccountLines had 0 failures.
ripple.rpc.AccountObjects error cases
ripple.rpc.AccountObjects unsteppedThenStepped
ripple.rpc.AccountObjects unsteppedThenSteppedWithNFTs
ripple.rpc.AccountObjects object types
ripple.rpc.AccountObjects NFTsMarker
ripple.rpc.AccountObjects account_nfts
ripple.rpc.AccountObjects AccountObjectMarker
ripple.rpc.AccountObjects had 0 failures.
ripple.rpc.AccountOffers Sequential - admin
ripple.rpc.AccountOffers Sequential - non-admin
ripple.rpc.AccountOffers Bad input
ripple.rpc.AccountOffers Non-Admin Min Limit
ripple.rpc.AccountOffers had 0 failures.
ripple.rpc.AccountTx Parameters APIv1
ripple.rpc.AccountTx Parameters APIv2
ripple.rpc.AccountTx Parameters APIv3
ripple.rpc.AccountTx Contents
ripple.rpc.AccountTx AccountDelete
ripple.rpc.AccountTx MPT
ripple.rpc.AccountTx had 0 failures.
Longest suite times:
   14.3s ripple.app.Freeze
    9.0s ripple.app.AMMClawback
    3.7s ripple.app.Clawback
    2.4s ripple.app.NFTokenAuth
    1.5s ripple.rpc.AccountObjects
    1.5s ripple.rpc.AccountLines
34.1s, 9 suites, 185 cases, 23586 tests total, 0 failures
