4539bb074 chore: Consolidate fix amendments (#104)
dde7ca9f2 fix: Use transaction sequence numbers in permissioned domains (#98)
dc707b9f3 feat: Enable and rename fixSecurity3_1_3 amendment (#90)
7ea4a5f3f fix: Cap the base fee for LoanPay (#6969)
2794a7503 fix: Prevents overwritting a bool value in an invariant (#6609) (#6961)
5ad05918f fix: Check for empty `sfAdditionalBooks` array in hybrid offer invariant (#6716) (#6945)
519d9057a fix: Improve invariant check for Permissioned Domains (#6134) (#6958)
08d8e440c Stop tx processing if failed to delete expired credentials (#6715)
7e7dc3070 fix: Add rounding to Vault invariants (#6217) (#6957)
e09949ccd fix: Fix touchy "funds are conserved" assertion in LoanPay (#6231)
c979643d0 fix: Add assorted Lending Protocol fixes (#6678)
dd99ecc65 fix: Clamp VaultClawback to assetsAvailable for zero-amount clawback (#6646)
a59a6138b fix: Check trustline limits for share-denominated vault withdrawals (#6645)
4e066ea45 refactor: Apply various minor improvements and corrections (#6739)
415e3d8ca fix: Assorted Permissioned Domain fixes (#6587)
26d416123 fix: Assorted Vault fixes (#6607)
baa78ad13 fix: Assorted Oracle fixes (#6570)
fb19338b9 fix: Make assorted NFT fixes (#6566)
543e6f35e fix: Gateway balance with MPT (#6143)
351907457 refactor: Update PermissionedDomainDelete to use keylet for sle access (#6063)
24874f7e0 fix: Deletes expired NFToken offers from ledger (#5707)
b8577bd7b Fix: Perform array size check (#6030)
b46a9818e fix: account_tx limit parameter validation for malformed values (#5891)
a92483e07 fix: Improve loan invariant message (#6668)
0e3600a18 refactor: Improve exception handling
1ead5a7ac Expand Number to support full integer range (#6192)
91d239f10 Improve and fix bugs in Lending Protocol - XLS-66 (#6156)
418ce6830 VaultClawback: Burn shares of an empty vault (#6120)
f17e476f7 fix: Inner batch transactions never have valid signatures (#6069)
d25915ca1 fix: Reorder Batch Preflight Errors (#6176)
138d6e751 Implement Lending Protocol (unsupported) (#5270)
b195011ef fix: Apply object reserve for Vault pseudo-account (#5954)
587d4ac5c refactor: Add support for extra transaction signature validation (#5851)
0276a6b6b docs: Improve `VaultWithdraw` documentation (#6068)
4425f84c1 Remove directory size limit (#5935)
8951419db fix: invariant error in fee-sized `VaultWithdraw` (#5876)
5ebc29c48 fix: Enforce reserve when creating trust line or MPToken in VaultWithdraw (#5857)
224b05512 chore: remove unnecessary LCOV_EXCL_LINE (#5913)
a127314a8 refactor: replace string JSONs with Json::Value (#5886)
b444457c1 chore: Exclude code/unreachable transaction code from Codecov (#5847)
220ab2622 Add vault invariants (#5518)
5b2ab905c chore: exclude all `UNREACHABLE` blocks from codecov (#5846)
5e43e91d4 Revert "refactor: Update to Boost 1.88 and 1.86" (#5872)
51ef35ab5 fix: Transaction sig checking functions do not get a full context (#5829)
8e4fda160 Rename flags for DynamicMPT (#5820)
550f90a75 refactor: Add support for extra transaction signatures (#5594)
d67dcfe3c refactor: Restructure Transactor::preflight to reduce boilerplate (#5592)
3cbdf818a Miscellaneous refactors and updates (#5590)
dc8b37a52 refactor: Modularise ledger (#5493)
510314d34 fix(amendment): Add missing fields for keylets to ledger objects (#5646)
37b951859 Rename mutable flags (#5797)
ccb9f1e42 Support DynamicMPT XLS-94d (#5705)
37c377a1b Fix: EscrowTokenV1 (#5571)
e6f8bc720 Add additional metadata to simulate response (#5754)
61d628d65 fix: Add restrictions to Permission Delegation: fixDelegateV1_1 (#5650)
cf5f65b68 Add `Scale` to SingleAssetVault (#5652)
e0b9812fc Refactor `ledger_entry` RPC source code and tests (#5237)
1506e6555 refactor: Update to Boost 1.88 (#5570)
7775c725f Merge remote-tracking branch 'upstream/release' into ximinez/merge-release
c57cd8b23 Revert "perf: Move mutex to the partition level (#5486)"
896b8c3b5 chore: Fix file formatting (#5718)
ceb0ce563 refactor: Decouple net from xrpld and move rpc-related classes to the rpc folder (#5477)
b7ed99426 fix: Make test suite names match the directory name (#5597)
94decc753 perf: Move mutex to the partition level (#5486)
4eae037fe fix: Ensures canonical order for `PriceDataSeries` upon `PriceOracle` creation (#5485)
b5a63b39d refactor: Decouple ledger from xrpld/app (#5492)
baf4b8381 fix `DeliveredAmount` and `delivered_amount` in transaction metadata for direct MPT transfer (#5569)
7179ce9c5 Build options cleanup (#5581)
e7a7bb83c VaultWithdraw destination account bugfix (#5572)
80d82c5b2 Add support for `DomainID` in `MPTokenIssuance` transactions (#5509)
433eeabfa chore: Remove unused code after flow cross retirement (#5575)
c233df720 refactor: Makes HashRouter flags more type-safe (#5371)
1a40f18bd Remove the type filter from "ledger" RPC command (#4934)
8bfaa7fe0 test: Run unit tests regardless of 'Supported' amendment status (#5537)
c9135a63c Retire Flow Cross amendment (#5562)
8aa94ea09 fixAMMClawbackRounding: adjust last holder's LPToken balance (#5513)
b8626ea3c Add MPT related txns into issuer's account history  (#5530)
8e94ea315 fix: add allowTrustLineLocking flag for account_info (#5525)
9874d47d7 Decouple CredentialHelpers from xrpld/app/tx (#5487)
c55ea56c5 Add nftoken_id, nftoken_ids, offer_id to meta for transaction stream (#5230)
fc0984d28 Require a message on "Application::signalStop" (#5255)
8f2f5310e Fix: Improve error handling in Batch RPC response (#5503)
35a40a8e6 fix: Improve multi-sign usage of `simulate` (#5479)
58c2c82a3 fix: Amendment-guard `TokenEscrow` preclaim and expand tests (#5473)
a5e953b19 fix: Add tecNO_DELEGATE_PERMISSION and fix flags (#5465)
053e1af7f Add support for XLS-85 Token Escrow (#5185)
7e24adbdd fix: Address NFT interactions with trustlines (#5297)
621df422a fix: Add AMMv1_3 amendment (#5203)
0a34b5c69 Add support for XLS-81 Permissioned DEX (#5404)
2a61aee56 Add Batch feature (XLS-56) (#5060)
e514de76e Add single asset vault (XLS-65d) (#5224)
3e152fec7 refactor: use east const convention (#5409)
2db279180 Add PermissionDelegation feature (#5354)
cba512068 refactor: Clean up test logging to make it easier to search (#5396)
c4308b216 fix: Adds CTID to RPC tx and updates error (#4738)
a574ec602 fix: `fixPayChanV1` (#4717)
e429455f4 refactor(trivial): reorganize ledger entry tests and helper functions (#5376)
4ba928893 fix: disable `channel_authorize` when `signing_support` is disabled (#5385)
2bc5cb240 test: enable unit tests to work with variable reference fee (#5145)
bf504912a fix: trust line RPC no ripple flag (#5345)
a7fb8ae91 fix: Handle invalid marker parameter in grpc call (#5317)
d9b7a2688 fix: Error message for ledger_entry rpc (#5344)
c17676a9b refactor: Improve ordering of headers with clang-format (#5343)
2406b28e6 refactor: Remove unused and add missing includes (#5293)
fa5a85439 fix: Amendment to add transaction flag checking functionality for Credentials (#5250)
0968cdf34 fix: Do not allow creating Permissioned Domains if credentials are not enabled (#5275)
d9e4009e3 fix: issues in `simulate` RPC (#5265)
33e1c4259 Add deep freeze feature (XLS-77d) (#5187)
3d02580c0 Merge remote-tracking branch 'upstream/master' into merge231
dcc458122 Add RPC "simulate" to execute a dry run of a transaction (#5069)
50b8f19cb Fix CI unit tests (#5196)
b14c24960 Reduce the peer charges for well-behaved peers:
3868c04e9 Switch from assert to XRPL_ASSERT (#5245)
409c1d5aa Add missing space character to a log message (#5251)
eac3abdca fix: Error consistency in LedgerEntry::parsePermissionedDomains() (#5252)
9e4a7d587 Fix the flag processing of NFTokenModify (#5246)
ff8b9aa43 Fix failing assert in `connect` RPC (#5235)
ccc088980 Permissioned Domains (XLS-80d) (#5161)
58af62f38 XLS-46: DynamicNFT (#5048)
0324764a8 prefix Uint384 and Uint512 with Hash in server_definitions (#5231)
5cd72f243 Add MPTIssue to STIssue (#5200)
eabca8439 Antithesis instrumentation improvements (#5213)
ea1fffeeb Enforce levelization in libxrpl with CMake (#5111)
6d5806590 refactor: clean up `LedgerEntry.cpp` (#5199)
d7e949193 Add Antithesis intrumentation (#5042)
b54d85d86 refactor(AMMClawback): move tfClawTwoAssets check (#5201)
f419c1805 Add a new serialized type: STNumber (#5121)
0ec17b602 fix: check for valid ammID field in amm_info RPC (#5188)
2316d843d Fix ledger_entry crash on invalid credentials request (#5189)
7b1800619 Replace Uint192 with Hash192 in server_definitions response (#5177)
8e827e32a Introduce Credentials support (XLS-70d): (#5103)
c5c0e70e2 Fix token comparison in Payment (#5172)
ec61f5e9d Add fixAMMv1_2 amendment (#5176)
54a350be7 Add AMMClawback Transaction (XLS-0073d) (#5142)
d4a5f8390 fix: reject invalid markers in account_objects RPC calls (#5046)
23c37fa50 Introduce MPT support (XLS-33d): (#5143)
63209c264 Consolidate definitions of fields, objects, transactions, and features (#5122)
552377c76 Reformat code with clang-format-18
b6391fe01 fix(book_changes): add "validated" field and reduce RPC latency (#5096)
9a6af9c43 chore: fix typos in comments (#5094)
4d7aed84e refactor: Remove reporting mode (#5092)
c19a88fee Address rare corruption of NFTokenPage linked list (#4945)
0a331ea72 Factor out Transactor::trapTransaction (#5087)
7d27b1119 Remove shards (#5066)
8b181ed81 Merge branch 'master' into develop
a39720e94 fix: change error for invalid `feature` param in `feature` RPC (#5063)
d54151e7c Disallow filtering account_objects by unsupported types (#5056)
21a0a6464 chore: Add comments to SignerEntries.h (#5059)
20707fac4 chore: Rename two files from Directory* to Dir*: (#5058)
eba5d1937 Improve error handling in some RPC commands
a17ccca61 Invariant: prevent a deleted account from leaving (most) artifacts on the ledger. (#4663)
e1534a320 fix "account_nfts" with unassociated marker returning issue (#5045)
9fec615dc fixInnerObjTemplate2 amendment (#5047)
1d23148e6 Rewrite includes (#4997)
e416ee72c Rearrange sources (#4997)
6edf03c15 Write improved `forAllApiVersions` used in NetworkOPs (#4833)
ac27089c6 Promote API version 2 to supported (#4803)
32ced493d Unify JSON serialization format of transactions (#4775)
397268394 APIv2(DeliverMax): add alias for Amount in Payment transactions (#4733)
b421945e7 `DID`: Decentralized identifiers (DIDs) (XLS-40): (#4636)
649c11a78 `XChainBridge`: Introduce sidechain support (XLS-38): (#4292)
7fae1c126 APIv2(account_tx, noripple_check): return error on invalid input (#4620)
b014b79d8 amm_info: fetch by amm account id; add AMM object entry (#4682)
5d88b726c test: add forAllApiVersions helper function (#4611)
58f7aecb0 fix(AMM): prevent orphaned objects, inconsistent ledger state: (#4626)
5ba1f984d Rename `allowClawback` flag to `allowTrustLineClawback` (#4617)
3c9db4b69 Introduce AMM support (XLS-30d): (#4294)
d34e8be31 APIv2: add error messages for account_tx (#4571)
b7e902dcc XLS-39 Clawback: (#4553)
78076a690 fix!: Prevent API from accepting seed or public key for account (#4404)
f191c911d Add NFTokenPages to account_objects RPC: (#4352)
e4b17d1cf `XRPFees`: Fee setting and handling improvements (#4247)
0362e935a Reduce default reserves to 10/2 (#4329)
ff3d2e7c2 Use jtx::offer_cancel more places:
2eb1c6a39 Enable testing beta RPC API version with config
44fe0e1fc Add support for the 'TicketBatch' amendment:
f07246940 Simplify & modernize code:
17abca1ca Use macros to instantiate most SField instances:
7724cca38 Implement enhanced Ticket support:
1067086f7 Consolidate "Not Synced" error messages:
2d23e7bd1 Use std::size in place of std::extent
894d3463c Extend unit testing of account_tx with deleted account:
74f9edef0 Prefer keylets instead of naked hashes:
50760c693 Format first-party source according to .clang-format
a6246b0ba Remove conditionals for fix1373 enabled 07Jul2017
81326a6d0 Remove old payment code
906b9ae00 Don't use `set` in AccountObjects test:
a3a9dc26b Introduce support for deletable accounts:
7e7664c29 Add deletion_blockers_only param to account_objects RPC command
e33ac1d45 Add PayChan to recipient's owner directory
a9a4e2c8f Add Destination to Check threading
28b942b18 Enhance AccountTx unit test
f8365f500 Add JsonOptions enum class to contain options passed to getJSON methods
b39b0fef3 Get names of transactions and ledger types from jss
64b55c0f8 Rename JsonFields.h to jss.h:
7c785d0d7 Add missing override keyword:
008ff67ac Add DepositPreauth ledger type and transaction (RIPD-1624):
88570df13 Allow account_objects RPC to filter by "check" (RIPD-1589):
83dc45db6 Default account_tx RPC to validated ledger range (RIPD-1544)
cd1924693 Enable batch rpc processing
e8d02c133 Refactor FeatureBitset:
3523cee63 Minimize use of jtx::with_only_features (RIPD-1515):
feb7582ac Unit tests don't enable Tickets or SHAMapV2 by default:
463b154e3 Improve directory insertion & deletion (RIPD-1353, RIPD-1488):
56946e812 Change features default behavior in Env (RIPD-1460):
369909df8 Use payment flow code for offer crossing (RIPD-1094):
2680b78b5 Rename featureToStrandV2 to fix1373
846723d77 New rules for payment paths:
fb60cc9b5 Cleanup unit test support code (RIPD-1380):
b6a01ea41 Move support test code to src/test/support (RIPD-1313)
28ae522ea Migrate freeze-test to cpp (RIPD-1154):
8f9788917 Don't include unit test sources in code coverage (RIPD-1132):
