ripple.app.AccountDelete Basics
ripple.app.AccountDelete Directories
ripple.app.AccountDelete Owned types
ripple.app.AccountDelete Resurrection
ripple.app.AccountDelete Amendment enable
ripple.app.AccountDelete Too many offers
ripple.app.AccountDelete Implicitly created trust line
ripple.app.AccountDelete Balance too small for fee
ripple.app.AccountDelete With Tickets
ripple.app.AccountDelete Destination Constraints
ripple.app.AccountDelete Destination Constraints with DepositPreauth and Credentials
ripple.app.AccountDelete Credentials that aren't required
ripple.app.AccountDelete Expired credentials
ripple.app.AccountDelete Credentials feature disabled
ripple.app.AccountDelete Deleting Issuer deletes issued credentials
ripple.app.AccountDelete Deleting Subject deletes issued credentials
ripple.app.AccountDelete had 0 failures.
ripple.app.Clawback Enable AllowTrustLineClawback flag
ripple.app.Clawback Validation
ripple.app.Clawback Permission
ripple.app.Clawback Enable clawback
ripple.app.Clawback Multi line
ripple.app.Clawback Bidirectional line
ripple.app.Clawback Delete default trustline
ripple.app.Clawback Frozen trustline
ripple.app.Clawback Amount exceeds available
ripple.app.Clawback Tickets
ripple.app.Clawback Enable AllowTrustLineClawback flag
ripple.app.Clawback Validation
ripple.app.Clawback Permission
ripple.app.Clawback Enable clawback
ripple.app.Clawback Multi line
ripple.app.Clawback Bidirectional line
ripple.app.Clawback Delete default trustline
ripple.app.Clawback Frozen trustline
ripple.app.Clawback Amount exceeds available
ripple.app.Clawback Tickets
ripple.app.Clawback had 0 failures.
ripple.app.DepositAuth Enable
ripple.app.DepositAuth Pay IOU
ripple.app.DepositAuth Pay XRP
ripple.app.DepositAuth No Ripple
ripple.app.DepositAuth had 0 failures.
ripple.app.Freeze RippleState Freeze
ripple.app.Freeze Deep Freeze
ripple.app.Freeze Create Frozen Trustline
ripple.app.Freeze Freeze Set and Clear
ripple.app.Freeze Global Freeze
ripple.app.Freeze No Freeze
ripple.app.Freeze Offers for Frozen Trust Lines
ripple.app.Freeze Offers on frozen trust lines
ripple.app.Freeze Direct payments on frozen trust lines
ripple.app.Freeze Checks on frozen trust lines
ripple.app.Freeze AMM payments on frozen trust lines
ripple.app.Freeze Longer paths payment on frozen trust lines
ripple.app.Freeze NFT offers on frozen trust lines
ripple.app.Freeze RippleState Freeze
ripple.app.Freeze Deep Freeze
ripple.app.Freeze Create Frozen Trustline
ripple.app.Freeze Freeze Set and Clear
ripple.app.Freeze Global Freeze
ripple.app.Freeze No Freeze
ripple.app.Freeze Offers for Frozen Trust Lines
ripple.app.Freeze Offers on frozen trust lines
ripple.app.Freeze Direct payments on frozen trust lines
ripple.app.Freeze Checks on frozen trust lines
ripple.app.Freeze AMM payments on frozen trust lines
ripple.app.Freeze Longer paths payment on frozen trust lines
ripple.app.Freeze NFT offers on frozen trust lines
ripple.app.Freeze RippleState Freeze
ripple.app.Freeze Deep Freeze
ripple.app.Freeze Create Frozen Trustline
ripple.app.Freeze Freeze Set and Clear
ripple.app.Freeze Global Freeze
ripple.app.Freeze No Freeze
ripple.app.Freeze Offers for Frozen Trust Lines
ripple.app.Freeze Offers on frozen trust lines
ripple.app.Freeze Direct payments on frozen trust lines
ripple.app.Freeze Checks on frozen trust lines
ripple.app.Freeze AMM payments on frozen trust lines
ripple.app.Freeze Longer paths payment on frozen trust lines
ripple.app.Freeze NFT offers on frozen trust lines
ripple.app.Freeze RippleState Freeze
ripple.app.Freeze Deep Freeze
ripple.app.Freeze Create Frozen Trustline
ripple.app.Freeze Freeze Set and Clear
ripple.app.Freeze Global Freeze
ripple.app.Freeze No Freeze
ripple.app.Freeze Offers for Frozen Trust Lines
ripple.app.Freeze Offers on frozen trust lines
ripple.app.Freeze Direct payments on frozen trust lines
ripple.app.Freeze Checks on frozen trust lines
ripple.app.Freeze AMM payments on frozen trust lines
ripple.app.Freeze Longer paths payment on frozen trust lines
ripple.app.Freeze NFT offers on frozen trust lines
ripple.app.Freeze RippleState Freeze
ripple.app.Freeze Deep Freeze
ripple.app.Freeze Create Frozen Trustline
ripple.app.Freeze Freeze Set and Clear
ripple.app.Freeze Global Freeze
ripple.app.Freeze No Freeze
ripple.app.Freeze Offers for Frozen Trust Lines
ripple.app.Freeze Offers on frozen trust lines
ripple.app.Freeze Direct payments on frozen trust lines
ripple.app.Freeze Checks on frozen trust lines
ripple.app.Freeze AMM payments on frozen trust lines
ripple.app.Freeze Longer paths payment on frozen trust lines
ripple.app.Freeze NFT offers on frozen trust lines
ripple.app.Freeze RippleState Freeze
ripple.app.Freeze Deep Freeze
ripple.app.Freeze Create Frozen Trustline
ripple.app.Freeze Freeze Set and Clear
ripple.app.Freeze Global Freeze
ripple.app.Freeze No Freeze
ripple.app.Freeze Offers for Frozen Trust Lines
ripple.app.Freeze Offers on frozen trust lines
ripple.app.Freeze Direct payments on frozen trust lines
ripple.app.Freeze Checks on frozen trust lines
ripple.app.Freeze AMM payments on frozen trust lines
ripple.app.Freeze Longer paths payment on frozen trust lines
ripple.app.Freeze NFT offers on frozen trust lines
ripple.app.Freeze RippleState Freeze
ripple.app.Freeze Deep Freeze
ripple.app.Freeze Create Frozen Trustline
ripple.app.Freeze Freeze Set and Clear
ripple.app.Freeze Global Freeze
ripple.app.Freeze No Freeze
ripple.app.Freeze Offers for Frozen Trust Lines
ripple.app.Freeze Offers on frozen trust lines
ripple.app.Freeze Direct payments on frozen trust lines
ripple.app.Freeze Checks on frozen trust lines
ripple.app.Freeze AMM payments on frozen trust lines
ripple.app.Freeze Longer paths payment on frozen trust lines
ripple.app.Freeze NFT offers on frozen trust lines
ripple.app.Freeze had 0 failures.
ripple.app.Invariants XRP created
ripple.app.Invariants account root removed
ripple.app.Invariants account root deletion left artifact
ripple.app.Invariants ledger entry types don't match
ripple.app.Invariants trust lines with XRP not allowed
ripple.app.Invariants trust lines with deep freeze flag without freeze not allowed
ripple.app.Invariants transfers when frozen
ripple.app.Invariants XRP balance checks
ripple.app.Invariants Transaction fee checks
ripple.app.Invariants no bad offers
ripple.app.Invariants no zero escrow
ripple.app.Invariants valid new account root
ripple.app.Invariants NFTokenPage
ripple.app.Invariants PermissionedDomain fix
ripple.app.Invariants PermissionedDomain 2
ripple.app.Invariants PermissionedDomain 3
ripple.app.Invariants PermissionedDomain 4
ripple.app.Invariants PermissionedDomain Set 1
ripple.app.Invariants PermissionedDomain Set 2
ripple.app.Invariants PermissionedDomain Set 3
ripple.app.Invariants PermissionedDomain Set 4
ripple.app.Invariants PermissionedDomain set 2 domains
ripple.app.Invariants PermissionedDomain del 2 domains
ripple.app.Invariants PermissionedDomain set 0 domains
ripple.app.Invariants PermissionedDomain del 0 domains
ripple.app.Invariants PermissionedDomain set, delete domain
ripple.app.Invariants PermissionedDomain del, create domain
ripple.app.Invariants PermissionedDomain invalid tx
ripple.app.Invariants PermissionedDomain
ripple.app.Invariants PermissionedDomain 2
ripple.app.Invariants PermissionedDomain 3
ripple.app.Invariants PermissionedDomain 4
ripple.app.Invariants PermissionedDomain Set 1
ripple.app.Invariants PermissionedDomain Set 2
ripple.app.Invariants PermissionedDomain Set 3
ripple.app.Invariants PermissionedDomain Set 4
ripple.app.Invariants PermissionedDomain set 2 domains
ripple.app.Invariants PermissionedDomain del 2 domains
ripple.app.Invariants PermissionedDomain set 0 domains
ripple.app.Invariants PermissionedDomain del 0 domains
ripple.app.Invariants PermissionedDomain set, delete domain
ripple.app.Invariants PermissionedDomain del, create domain
ripple.app.Invariants PermissionedDomain invalid tx
ripple.app.Invariants PermissionedDEX fix
ripple.app.Invariants PermissionedDEX
ripple.app.Invariants no modified unmodifiable fields
ripple.app.Invariants valid pseudo accounts
ripple.app.Invariants valid loan broker
ripple.app.Invariants Vault general checks
ripple.app.Invariants Vault create
ripple.app.Invariants Vault deposit
ripple.app.Invariants Vault withdrawal
ripple.app.Invariants Vault clawback
ripple.app.Invariants overwrite: NoXRPTrustLines fix
ripple.app.Invariants overwrite: NoDeepFreeze fix
ripple.app.Invariants overwrite: NoZeroEscrow MPT fix
ripple.app.Invariants overwrite: NoXRPTrustLines
ripple.app.Invariants overwrite: NoDeepFreeze
ripple.app.Invariants overwrite: NoZeroEscrow MPT
ripple.app.Invariants vault computeCoarsestScale: No values
ripple.app.Invariants vault computeCoarsestScale: Mixed integer and Number values
ripple.app.Invariants vault computeCoarsestScale: Mixed scales
ripple.app.Invariants vault computeCoarsestScale: Equal scales
ripple.app.Invariants vault computeCoarsestScale: Mixed mantissa sizes
ripple.app.Invariants vault computeCoarsestScale: False equivalence
ripple.app.Invariants had 0 failures.
ripple.app.SetRegularKey Set regular key
ripple.app.SetRegularKey Disable master key
ripple.app.SetRegularKey Re-enable master key
ripple.app.SetRegularKey Revoke regular key
ripple.app.SetRegularKey Set regular key
ripple.app.SetRegularKey Disable master key
ripple.app.SetRegularKey Re-enable master key
ripple.app.SetRegularKey Revoke regular key
ripple.app.SetRegularKey Set regular key to master key (before fixMasterKeyAsRegularKey)
ripple.app.SetRegularKey Set regular key to master key (after fixMasterKeyAsRegularKey)
ripple.app.SetRegularKey Password spent
ripple.app.SetRegularKey Universal mask
ripple.app.SetRegularKey Ticket regular key
ripple.app.SetRegularKey had 0 failures.
ripple.app.SetTrust Allow two free trustlines
ripple.app.SetTrust Dynamic reserve for trustline
ripple.app.SetTrust Dynamic reserve for trustline
ripple.app.SetTrust SetTrust using a ticket
ripple.app.SetTrust SetTrust checks for malformed transactions
ripple.app.SetTrust SetTrust removes quality of trustline for low account
ripple.app.SetTrust SetTrust removes quality of trustline for high account
ripple.app.SetTrust SetTrust creates quality of trustline for low account
ripple.app.SetTrust SetTrust creates quality of trustline for high account
ripple.app.SetTrust Create trustline with disallow incoming
ripple.app.SetTrust Reset trust line limit with Authorised Lines: Verify deletion of trust lines
ripple.app.SetTrust Test deletion of trust lines: revert trust line limit to zero
ripple.app.SetTrust Ensure that trust line limits are respected in payment transactions
ripple.app.SetTrust Ensure that authorised trust lines do not allow payments from unauthorised counter-parties
ripple.app.SetTrust Check that trust line limits are respected in conjunction with rippling feature
ripple.app.SetTrust Allow two free trustlines
ripple.app.SetTrust Dynamic reserve for trustline
ripple.app.SetTrust Dynamic reserve for trustline
ripple.app.SetTrust SetTrust using a ticket
ripple.app.SetTrust SetTrust checks for malformed transactions
ripple.app.SetTrust SetTrust removes quality of trustline for low account
ripple.app.SetTrust SetTrust removes quality of trustline for high account
ripple.app.SetTrust SetTrust creates quality of trustline for low account
ripple.app.SetTrust SetTrust creates quality of trustline for high account
ripple.app.SetTrust Create trustline with disallow incoming
ripple.app.SetTrust Reset trust line limit with Authorised Lines: Verify deletion of trust lines
ripple.app.SetTrust Test deletion of trust lines: revert trust line limit to zero
ripple.app.SetTrust Ensure that trust line limits are respected in payment transactions
ripple.app.SetTrust Ensure that authorised trust lines do not allow payments from unauthorised counter-parties
ripple.app.SetTrust Check that trust line limits are respected in conjunction with rippling feature
ripple.app.SetTrust had 0 failures.
ripple.app.TrustAndBalance Trust Nonexistent Account
ripple.app.TrustAndBalance Credit Limit
ripple.app.TrustAndBalance Payment to Nonexistent Account
ripple.app.TrustAndBalance Direct Payment, Ripple
ripple.app.TrustAndBalance Direct Payment: Without  Xfer Fee, Without  Subscribe
ripple.app.TrustAndBalance Direct Payment: With  Xfer Fee, Without  Subscribe
ripple.app.TrustAndBalance Direct Payment: Without  Xfer Fee, With  Subscribe
ripple.app.TrustAndBalance Direct Payment: With  Xfer Fee, With  Subscribe
ripple.app.TrustAndBalance Payments With Paths and Fees
ripple.app.TrustAndBalance Indirect Payment
ripple.app.TrustAndBalance Indirect Payment, Multi Path, With  Xfer Fee,
ripple.app.TrustAndBalance Indirect Payment, Multi Path, Without  Xfer Fee,
ripple.app.TrustAndBalance Set Invoice ID on Payment
ripple.app.TrustAndBalance Payment to Nonexistent Account
ripple.app.TrustAndBalance Direct Payment, Ripple
ripple.app.TrustAndBalance Direct Payment: Without  Xfer Fee, Without  Subscribe
ripple.app.TrustAndBalance Direct Payment: With  Xfer Fee, Without  Subscribe
ripple.app.TrustAndBalance Direct Payment: Without  Xfer Fee, With  Subscribe
ripple.app.TrustAndBalance Direct Payment: With  Xfer Fee, With  Subscribe
ripple.app.TrustAndBalance Payments With Paths and Fees
ripple.app.TrustAndBalance Indirect Payment
ripple.app.TrustAndBalance Indirect Payment, Multi Path, With  Xfer Fee,
ripple.app.TrustAndBalance Indirect Payment, Multi Path, Without  Xfer Fee,
ripple.app.TrustAndBalance Set Invoice ID on Payment
ripple.app.TrustAndBalance had 0 failures.
Longest suite times:
   23.4s ripple.app.Invariants
   13.9s ripple.app.Freeze
   11.3s ripple.app.AccountDelete
    3.9s ripple.app.SetTrust
    3.7s ripple.app.Clawback
    3.0s ripple.app.DepositAuth
    2.6s ripple.app.TrustAndBalance
62.7s, 8 suites, 263 cases, 32279 tests total, 0 failures
