4d349abb1 2026-05-18 Merge branch 'develop' of https://github.com/XRPLF/rippled into mvadari/fix-naming
080ad74a2 2026-02-17 clang-format and cspell fixes
62c9b6bbd 2026-02-17 Merge branch 'develop' into vvysokikh1/fix-positive-balance-trustline-pay-no-reserve
bf4674f42 2026-02-06 refactor: Fix spelling issues in tests (#6199)
4c8d9b576 2026-01-06 Freeze specific for LP and SAV
59f5dfa9f 2026-01-05 fixing Freeze tests
316cdcaa0 2026-01-05 Merge branch 'develop' into vvysokikh1/fix-positive-balance-trustline-pay-no-reserve
ee3336703 2025-12-15 amendment fix
1b180ef66 2025-12-15 Merge branch 'ximinez/lending-XLS-66-ongoing' into vlntb/RIPD-4257-fix-tecFROZEN
1eb0fdac6 2025-12-11 refactor: Rename `ripple` namespace to `xrpl` (#5982)
cb744e76a 2025-12-10 GlobalFreezeIssuer amendment
6d7e85180 2025-12-08 Global freeze + additional unit-test
e4dccfd49 2025-11-21 refactor: Retire DisallowIncoming amendment (#6045)
ff18cfef9 2025-11-11 refactor: Retire DepositPreAuth and DepositAuth amendments (#5978)
63a08560c 2025-11-03 refactor: retire/remove NFT amendments (#5971)
fa6991812 2025-10-31 fix: Address permission delegation vulnerability (#5825)
f85c09e5f 2025-10-08 Merge remote-tracking branch 'origin' into vvysokikh1/fix-positive-balance-trustline-pay-no-reserve
b4a45f1f0 2025-10-08 fixed positive balance trustline not incrementing owners count in some cases
8bfaa7fe0 2025-07-16 test: Run unit tests regardless of 'Supported' amendment status (#5537)
c9135a63c 2025-07-16 Retire Flow Cross amendment (#5562)
a5e953b19 2025-06-03 fix: Add tecNO_DELEGATE_PERMISSION and fix flags (#5465)
7e24adbdd 2025-06-02 fix: Address NFT interactions with trustlines (#5297)
34f7bc750 2025-03-19 refactor: Check transaction flags in preflight0
ffc88d703 2025-01-31 Add deep freeze feature (XLS-77d) (#5187)
33e1c4259 2025-01-31 Add deep freeze feature (XLS-77d) (#5187)
58f7aecb0 2023-07-17 fix(AMM): prevent orphaned objects, inconsistent ledger state: (#4626)
a6246b0ba 2020-02-28 Remove conditionals for fix1373 enabled 07Jul2017
b9e73b485 2019-08-13 Fix shadowing variables
2680b78b5 2017-04-14 Rename featureToStrandV2 to fix1373
28ae522ea 2016-12-09 Migrate freeze-test to cpp (RIPD-1154):
