ripple.app.AMM Invalid Instance
ripple.app.AMM Instance Create
ripple.app.AMM Invalid Deposit
ripple.app.AMM Invalid Deposit
ripple.app.AMM Deposit
ripple.app.AMM Invalid Withdraw
ripple.app.AMM Withdraw
ripple.app.AMM Invalid Fee Vote
ripple.app.AMM Fee Vote
ripple.app.AMM Invalid Bid
ripple.app.AMM Bid
ripple.app.AMM Bid
ripple.app.AMM Bid
ripple.app.AMM Invalid AMM Payment
ripple.app.AMM Basic Payment
ripple.app.AMM Basic Payment
ripple.app.AMM Basic Payment
ripple.app.AMM Basic Payment
ripple.app.AMM AMM Tokens
ripple.app.AMM Amendment
ripple.app.AMM Flags
ripple.app.AMM Rippling
ripple.app.AMM AMMAndCLOB, offer quality change
ripple.app.AMM AMMAndCLOB, offer quality change
ripple.app.AMM Trading Fee
ripple.app.AMM Trading Fee
ripple.app.AMM Trading Fee
ripple.app.AMM Adjusted Deposit/Withdraw Tokens
ripple.app.AMM Adjusted Deposit/Withdraw Tokens
ripple.app.AMM Adjusted Deposit/Withdraw Tokens
ripple.app.AMM Auto Delete
ripple.app.AMM Clawback
ripple.app.AMM AMMID
ripple.app.AMM Offer/Strand Selection
ripple.app.AMM Offer/Strand Selection
ripple.app.AMM Fix Default Inner Object
FTL:OpenLedger apply: Missing field: TradingFee
FTL:OpenLedger apply: Missing field: DiscountedFee
FTL:OpenLedger apply: Missing field: TradingFee
FTL:OpenLedger apply: Missing field: DiscountedFee
FTL:OpenLedger apply: Missing field: DiscountedFee
ripple.app.AMM Test Fix Overflow Offer
ripple.app.AMM Overflow test {1, 100, 0.111}
ripple.app.AMM Overflow test {1, 100, 1.00}
ripple.app.AMM Overflow test {1, 100, 4.6432}
ripple.app.AMM Overflow test {1, 100, 10}
ripple.app.AMM Overflow test {50, 100, 5.55}
ripple.app.AMM Overflow test {50, 100, 50.00}
ripple.app.AMM Overflow test {50, 100, 232.16}
ripple.app.AMM Overflow test {50, 100, 500}
ripple.app.AMM Test Fix Overflow Offer
ripple.app.AMM Overflow test {1, 100, 0.111}
ripple.app.AMM Overflow test {1, 100, 1.00}
ripple.app.AMM Overflow test {1, 100, 4.6432}
ripple.app.AMM Overflow test {1, 100, 10}
ripple.app.AMM Overflow test {50, 100, 5.55}
ripple.app.AMM Overflow test {50, 100, 50.00}
ripple.app.AMM Overflow test {50, 100, 232.16}
ripple.app.AMM Overflow test {50, 100, 500}
ripple.app.AMM Test Fix Overflow Offer
ripple.app.AMM Overflow test {1, 100, 0.111}
ripple.app.AMM Overflow test {1, 100, 1.00}
ripple.app.AMM Overflow test {1, 100, 4.6432}
ripple.app.AMM Overflow test {1, 100, 10}
ripple.app.AMM Overflow test {50, 100, 5.55}
ripple.app.AMM Overflow test {50, 100, 50.00}
ripple.app.AMM Overflow test {50, 100, 232.16}
ripple.app.AMM Overflow test {50, 100, 500}
ripple.app.AMM swapRounding
ripple.app.AMM Fix changeSpotPriceQuality
ripple.app.AMM Fix changeSpotPriceQuality
ripple.app.AMM AMM Offer Blocked By LOB
ripple.app.AMM AMM Offer Blocked By LOB
ripple.app.AMM LPToken Balance
ripple.app.AMM LPToken Balance
ripple.app.AMM LPToken Balance
ripple.app.AMM test clawback from AMM account
ripple.app.AMM test clawback from AMM account
ripple.app.AMM test clawback from AMM account
ripple.app.AMM test clawback from AMM account
ripple.app.AMM test clawback from AMM account
ripple.app.AMM test AMMDeposit with frozen assets
ripple.app.AMM test AMMDeposit with frozen assets
ripple.app.AMM test AMMDeposit with frozen assets
ripple.app.AMM test AMMDeposit with frozen assets
ripple.app.AMM Fix Reserve Check On Withdrawal
ripple.app.AMM Fix Reserve Check On Withdrawal
ripple.app.AMM Deposit and Withdraw Rounding V2
ripple.app.AMM Deposit and Withdraw Rounding V2
ripple.app.AMM Deposit Rounding
ripple.app.AMM Deposit Rounding
ripple.app.AMM Withdraw Rounding
ripple.app.AMM Withdraw Rounding
ripple.app.AMM Fail pseudo-account allocation tecDUPLICATE
ripple.app.AMM Fail pseudo-account allocation terADDRESS_COLLISION
ripple.app.AMM had 0 failures.
Longest suite times:
   90.5s ripple.app.AMM
90.5s, 1 suite, 90 cases, 77270 tests total, 0 failures
