ripple.app.OfferAllFeatures
ripple.app.OfferAllFeatures Removing Canceled Offers
ripple.app.OfferAllFeatures Incorrect Removal of Funded Offers
ripple.app.OfferAllFeatures Tiny payments
ripple.app.OfferAllFeatures XRP Tiny payments
ripple.app.OfferAllFeatures Enforce No Ripple
ripple.app.OfferAllFeatures Insufficient Reserve
ripple.app.OfferAllFeatures Fill Modes
ripple.app.OfferAllFeatures Malformed Detection
ripple.app.OfferAllFeatures Offer Expiration
ripple.app.OfferAllFeatures Unfunded Crossing
ripple.app.OfferAllFeatures Self-crossing
ripple.app.OfferAllFeatures Self-crossing, with partner account
ripple.app.OfferAllFeatures Negative Balance
ripple.app.OfferAllFeatures Offer Crossing with XRP, Reverse order
ripple.app.OfferAllFeatures Offer Crossing with XRP, Normal order
ripple.app.OfferAllFeatures Offer Crossing with Limit Override
ripple.app.OfferAllFeatures Offer Accept then Cancel.
ripple.app.OfferAllFeatures Offer Cancel Past and Future Sequence.
ripple.app.OfferAllFeatures Currency Conversion: Entire Offer
ripple.app.OfferAllFeatures Currency Conversion: Offerer Into Debt
ripple.app.OfferAllFeatures Currency Conversion: In Parts
ripple.app.OfferAllFeatures Cross Currency Payment: Start with XRP
ripple.app.OfferAllFeatures Cross Currency Payment: End with XRP
ripple.app.OfferAllFeatures Cross Currency Payment: Bridged
ripple.app.OfferAllFeatures Auto Bridged Second Leg Dry
ripple.app.OfferAllFeatures Offer Fees Consume Funds
ripple.app.OfferAllFeatures Offer Create, then Cross
ripple.app.OfferAllFeatures Offer tfSell: Basic Sell
ripple.app.OfferAllFeatures Offer tfSell: 2x Sell Exceed Limit
ripple.app.OfferAllFeatures Client Issue #535: Gateway Cross Currency
ripple.app.OfferAllFeatures Partial Crossing
ripple.app.OfferAllFeatures XRP Direct Crossing
ripple.app.OfferAllFeatures Direct Crossing
ripple.app.OfferAllFeatures Bridged Crossing
ripple.app.OfferAllFeatures Sell Offer
ripple.app.OfferAllFeatures Combine tfSell with tfFillOrKill
ripple.app.OfferAllFeatures Transfer Rate Offer
ripple.app.OfferAllFeatures Self Cross Offer
ripple.app.OfferAllFeatures Bad path assert
ripple.app.OfferAllFeatures Direct to Direct path
ripple.app.OfferAllFeatures Self crossing low quality offer
ripple.app.OfferAllFeatures Offer In Scaling
ripple.app.OfferAllFeatures Offer In Scaling With Xfer Rate
ripple.app.OfferAllFeatures Offer Threshold With Reduced Funds
ripple.app.OfferAllFeatures Tiny Offer
ripple.app.OfferAllFeatures Self Pay Xfer Fee
ripple.app.OfferAllFeatures Self Pay Unlimited Funds
ripple.app.OfferAllFeatures lsfRequireAuth
ripple.app.OfferAllFeatures Missing Auth
ripple.app.OfferAllFeatures RippleConnect Smoketest payment flow
ripple.app.OfferAllFeatures Self Auth
ripple.app.OfferAllFeatures Deleted offer issuer
ripple.app.OfferAllFeatures Tick Size
ripple.app.OfferAllFeatures Ticket Offers
ripple.app.OfferAllFeatures Ticket Cancel Offers
ripple.app.OfferAllFeatures Rm small increased q offers XRP
ripple.app.OfferAllFeatures Rm small increased q offers IOU
ripple.app.OfferAllFeatures fixFillOrKill
ripple.app.OfferAllFeatures had 0 failures.
ripple.app.OfferBaseUtil
ripple.app.OfferBaseUtil Removing Canceled Offers
ripple.app.OfferBaseUtil Incorrect Removal of Funded Offers
ripple.app.OfferBaseUtil Tiny payments
ripple.app.OfferBaseUtil XRP Tiny payments
ripple.app.OfferBaseUtil Enforce No Ripple
ripple.app.OfferBaseUtil Insufficient Reserve
ripple.app.OfferBaseUtil Fill Modes
ripple.app.OfferBaseUtil Malformed Detection
ripple.app.OfferBaseUtil Offer Expiration
ripple.app.OfferBaseUtil Unfunded Crossing
ripple.app.OfferBaseUtil Self-crossing
ripple.app.OfferBaseUtil Self-crossing, with partner account
ripple.app.OfferBaseUtil Negative Balance
ripple.app.OfferBaseUtil Offer Crossing with XRP, Reverse order
ripple.app.OfferBaseUtil Offer Crossing with XRP, Normal order
ripple.app.OfferBaseUtil Offer Crossing with Limit Override
ripple.app.OfferBaseUtil Offer Accept then Cancel.
ripple.app.OfferBaseUtil Offer Cancel Past and Future Sequence.
ripple.app.OfferBaseUtil Currency Conversion: Entire Offer
ripple.app.OfferBaseUtil Currency Conversion: Offerer Into Debt
ripple.app.OfferBaseUtil Currency Conversion: In Parts
ripple.app.OfferBaseUtil Cross Currency Payment: Start with XRP
ripple.app.OfferBaseUtil Cross Currency Payment: End with XRP
ripple.app.OfferBaseUtil Cross Currency Payment: Bridged
ripple.app.OfferBaseUtil Auto Bridged Second Leg Dry
ripple.app.OfferBaseUtil Offer Fees Consume Funds
ripple.app.OfferBaseUtil Offer Create, then Cross
ripple.app.OfferBaseUtil Offer tfSell: Basic Sell
ripple.app.OfferBaseUtil Offer tfSell: 2x Sell Exceed Limit
ripple.app.OfferBaseUtil Client Issue #535: Gateway Cross Currency
ripple.app.OfferBaseUtil Partial Crossing
ripple.app.OfferBaseUtil XRP Direct Crossing
ripple.app.OfferBaseUtil Direct Crossing
ripple.app.OfferBaseUtil Bridged Crossing
ripple.app.OfferBaseUtil Sell Offer
ripple.app.OfferBaseUtil Combine tfSell with tfFillOrKill
ripple.app.OfferBaseUtil Transfer Rate Offer
ripple.app.OfferBaseUtil Self Cross Offer
ripple.app.OfferBaseUtil Bad path assert
ripple.app.OfferBaseUtil Direct to Direct path
ripple.app.OfferBaseUtil Self crossing low quality offer
ripple.app.OfferBaseUtil Offer In Scaling
ripple.app.OfferBaseUtil Offer In Scaling With Xfer Rate
ripple.app.OfferBaseUtil Offer Threshold With Reduced Funds
ripple.app.OfferBaseUtil Tiny Offer
ripple.app.OfferBaseUtil Self Pay Xfer Fee
ripple.app.OfferBaseUtil Self Pay Unlimited Funds
ripple.app.OfferBaseUtil lsfRequireAuth
ripple.app.OfferBaseUtil Missing Auth
ripple.app.OfferBaseUtil RippleConnect Smoketest payment flow
ripple.app.OfferBaseUtil Self Auth
ripple.app.OfferBaseUtil Deleted offer issuer
ripple.app.OfferBaseUtil Tick Size
ripple.app.OfferBaseUtil Ticket Offers
ripple.app.OfferBaseUtil Ticket Cancel Offers
ripple.app.OfferBaseUtil Rm small increased q offers XRP
ripple.app.OfferBaseUtil Rm small increased q offers IOU
ripple.app.OfferBaseUtil fixFillOrKill
ripple.app.OfferBaseUtil incorrect assert fixed
ripple.app.OfferBaseUtil had 0 failures.
ripple.app.OfferWOFillOrKill
ripple.app.OfferWOFillOrKill Removing Canceled Offers
ripple.app.OfferWOFillOrKill Incorrect Removal of Funded Offers
ripple.app.OfferWOFillOrKill Tiny payments
ripple.app.OfferWOFillOrKill XRP Tiny payments
ripple.app.OfferWOFillOrKill Enforce No Ripple
ripple.app.OfferWOFillOrKill Insufficient Reserve
ripple.app.OfferWOFillOrKill Fill Modes
ripple.app.OfferWOFillOrKill Malformed Detection
ripple.app.OfferWOFillOrKill Offer Expiration
ripple.app.OfferWOFillOrKill Unfunded Crossing
ripple.app.OfferWOFillOrKill Self-crossing
ripple.app.OfferWOFillOrKill Self-crossing, with partner account
ripple.app.OfferWOFillOrKill Negative Balance
ripple.app.OfferWOFillOrKill Offer Crossing with XRP, Reverse order
ripple.app.OfferWOFillOrKill Offer Crossing with XRP, Normal order
ripple.app.OfferWOFillOrKill Offer Crossing with Limit Override
ripple.app.OfferWOFillOrKill Offer Accept then Cancel.
ripple.app.OfferWOFillOrKill Offer Cancel Past and Future Sequence.
ripple.app.OfferWOFillOrKill Currency Conversion: Entire Offer
ripple.app.OfferWOFillOrKill Currency Conversion: Offerer Into Debt
ripple.app.OfferWOFillOrKill Currency Conversion: In Parts
ripple.app.OfferWOFillOrKill Cross Currency Payment: Start with XRP
ripple.app.OfferWOFillOrKill Cross Currency Payment: End with XRP
ripple.app.OfferWOFillOrKill Cross Currency Payment: Bridged
ripple.app.OfferWOFillOrKill Auto Bridged Second Leg Dry
ripple.app.OfferWOFillOrKill Offer Fees Consume Funds
ripple.app.OfferWOFillOrKill Offer Create, then Cross
ripple.app.OfferWOFillOrKill Offer tfSell: Basic Sell
ripple.app.OfferWOFillOrKill Offer tfSell: 2x Sell Exceed Limit
ripple.app.OfferWOFillOrKill Client Issue #535: Gateway Cross Currency
ripple.app.OfferWOFillOrKill Partial Crossing
ripple.app.OfferWOFillOrKill XRP Direct Crossing
ripple.app.OfferWOFillOrKill Direct Crossing
ripple.app.OfferWOFillOrKill Bridged Crossing
ripple.app.OfferWOFillOrKill Sell Offer
ripple.app.OfferWOFillOrKill Combine tfSell with tfFillOrKill
ripple.app.OfferWOFillOrKill Transfer Rate Offer
ripple.app.OfferWOFillOrKill Self Cross Offer
ripple.app.OfferWOFillOrKill Bad path assert
ripple.app.OfferWOFillOrKill Direct to Direct path
ripple.app.OfferWOFillOrKill Self crossing low quality offer
ripple.app.OfferWOFillOrKill Offer In Scaling
ripple.app.OfferWOFillOrKill Offer In Scaling With Xfer Rate
ripple.app.OfferWOFillOrKill Offer Threshold With Reduced Funds
ripple.app.OfferWOFillOrKill Tiny Offer
ripple.app.OfferWOFillOrKill Self Pay Xfer Fee
ripple.app.OfferWOFillOrKill Self Pay Unlimited Funds
ripple.app.OfferWOFillOrKill lsfRequireAuth
ripple.app.OfferWOFillOrKill Missing Auth
ripple.app.OfferWOFillOrKill RippleConnect Smoketest payment flow
ripple.app.OfferWOFillOrKill Self Auth
ripple.app.OfferWOFillOrKill Deleted offer issuer
ripple.app.OfferWOFillOrKill Tick Size
ripple.app.OfferWOFillOrKill Ticket Offers
ripple.app.OfferWOFillOrKill Ticket Cancel Offers
ripple.app.OfferWOFillOrKill Rm small increased q offers XRP
ripple.app.OfferWOFillOrKill Rm small increased q offers IOU
ripple.app.OfferWOFillOrKill fixFillOrKill
ripple.app.OfferWOFillOrKill had 0 failures.
ripple.app.OfferWOPermDEX
ripple.app.OfferWOPermDEX Removing Canceled Offers
ripple.app.OfferWOPermDEX Incorrect Removal of Funded Offers
ripple.app.OfferWOPermDEX Tiny payments
ripple.app.OfferWOPermDEX XRP Tiny payments
ripple.app.OfferWOPermDEX Enforce No Ripple
ripple.app.OfferWOPermDEX Insufficient Reserve
ripple.app.OfferWOPermDEX Fill Modes
ripple.app.OfferWOPermDEX Malformed Detection
ripple.app.OfferWOPermDEX Offer Expiration
ripple.app.OfferWOPermDEX Unfunded Crossing
ripple.app.OfferWOPermDEX Self-crossing
ripple.app.OfferWOPermDEX Self-crossing, with partner account
ripple.app.OfferWOPermDEX Negative Balance
ripple.app.OfferWOPermDEX Offer Crossing with XRP, Reverse order
ripple.app.OfferWOPermDEX Offer Crossing with XRP, Normal order
ripple.app.OfferWOPermDEX Offer Crossing with Limit Override
ripple.app.OfferWOPermDEX Offer Accept then Cancel.
ripple.app.OfferWOPermDEX Offer Cancel Past and Future Sequence.
ripple.app.OfferWOPermDEX Currency Conversion: Entire Offer
ripple.app.OfferWOPermDEX Currency Conversion: Offerer Into Debt
ripple.app.OfferWOPermDEX Currency Conversion: In Parts
ripple.app.OfferWOPermDEX Cross Currency Payment: Start with XRP
ripple.app.OfferWOPermDEX Cross Currency Payment: End with XRP
ripple.app.OfferWOPermDEX Cross Currency Payment: Bridged
ripple.app.OfferWOPermDEX Auto Bridged Second Leg Dry
ripple.app.OfferWOPermDEX Offer Fees Consume Funds
ripple.app.OfferWOPermDEX Offer Create, then Cross
ripple.app.OfferWOPermDEX Offer tfSell: Basic Sell
ripple.app.OfferWOPermDEX Offer tfSell: 2x Sell Exceed Limit
ripple.app.OfferWOPermDEX Client Issue #535: Gateway Cross Currency
ripple.app.OfferWOPermDEX Partial Crossing
ripple.app.OfferWOPermDEX XRP Direct Crossing
ripple.app.OfferWOPermDEX Direct Crossing
ripple.app.OfferWOPermDEX Bridged Crossing
ripple.app.OfferWOPermDEX Sell Offer
ripple.app.OfferWOPermDEX Combine tfSell with tfFillOrKill
ripple.app.OfferWOPermDEX Transfer Rate Offer
ripple.app.OfferWOPermDEX Self Cross Offer
ripple.app.OfferWOPermDEX Bad path assert
ripple.app.OfferWOPermDEX Direct to Direct path
ripple.app.OfferWOPermDEX Self crossing low quality offer
ripple.app.OfferWOPermDEX Offer In Scaling
ripple.app.OfferWOPermDEX Offer In Scaling With Xfer Rate
ripple.app.OfferWOPermDEX Offer Threshold With Reduced Funds
ripple.app.OfferWOPermDEX Tiny Offer
ripple.app.OfferWOPermDEX Self Pay Xfer Fee
ripple.app.OfferWOPermDEX Self Pay Unlimited Funds
ripple.app.OfferWOPermDEX lsfRequireAuth
ripple.app.OfferWOPermDEX Missing Auth
ripple.app.OfferWOPermDEX RippleConnect Smoketest payment flow
ripple.app.OfferWOPermDEX Self Auth
ripple.app.OfferWOPermDEX Deleted offer issuer
ripple.app.OfferWOPermDEX Tick Size
ripple.app.OfferWOPermDEX Ticket Offers
ripple.app.OfferWOPermDEX Ticket Cancel Offers
ripple.app.OfferWOPermDEX Rm small increased q offers XRP
ripple.app.OfferWOPermDEX Rm small increased q offers IOU
ripple.app.OfferWOPermDEX fixFillOrKill
ripple.app.OfferWOPermDEX had 0 failures.
ripple.app.OfferWOSmallQOffers
ripple.app.OfferWOSmallQOffers Removing Canceled Offers
ripple.app.OfferWOSmallQOffers Incorrect Removal of Funded Offers
ripple.app.OfferWOSmallQOffers Tiny payments
ripple.app.OfferWOSmallQOffers XRP Tiny payments
ripple.app.OfferWOSmallQOffers Enforce No Ripple
ripple.app.OfferWOSmallQOffers Insufficient Reserve
ripple.app.OfferWOSmallQOffers Fill Modes
ripple.app.OfferWOSmallQOffers Malformed Detection
ripple.app.OfferWOSmallQOffers Offer Expiration
ripple.app.OfferWOSmallQOffers Unfunded Crossing
ripple.app.OfferWOSmallQOffers Self-crossing
ripple.app.OfferWOSmallQOffers Self-crossing, with partner account
ripple.app.OfferWOSmallQOffers Negative Balance
ripple.app.OfferWOSmallQOffers Offer Crossing with XRP, Reverse order
ripple.app.OfferWOSmallQOffers Offer Crossing with XRP, Normal order
ripple.app.OfferWOSmallQOffers Offer Crossing with Limit Override
ripple.app.OfferWOSmallQOffers Offer Accept then Cancel.
ripple.app.OfferWOSmallQOffers Offer Cancel Past and Future Sequence.
ripple.app.OfferWOSmallQOffers Currency Conversion: Entire Offer
ripple.app.OfferWOSmallQOffers Currency Conversion: Offerer Into Debt
ripple.app.OfferWOSmallQOffers Currency Conversion: In Parts
ripple.app.OfferWOSmallQOffers Cross Currency Payment: Start with XRP
ripple.app.OfferWOSmallQOffers Cross Currency Payment: End with XRP
ripple.app.OfferWOSmallQOffers Cross Currency Payment: Bridged
ripple.app.OfferWOSmallQOffers Auto Bridged Second Leg Dry
ripple.app.OfferWOSmallQOffers Offer Fees Consume Funds
ripple.app.OfferWOSmallQOffers Offer Create, then Cross
ripple.app.OfferWOSmallQOffers Offer tfSell: Basic Sell
ripple.app.OfferWOSmallQOffers Offer tfSell: 2x Sell Exceed Limit
ripple.app.OfferWOSmallQOffers Client Issue #535: Gateway Cross Currency
ripple.app.OfferWOSmallQOffers Partial Crossing
ripple.app.OfferWOSmallQOffers XRP Direct Crossing
ripple.app.OfferWOSmallQOffers Direct Crossing
ripple.app.OfferWOSmallQOffers Bridged Crossing
ripple.app.OfferWOSmallQOffers Sell Offer
ripple.app.OfferWOSmallQOffers Combine tfSell with tfFillOrKill
ripple.app.OfferWOSmallQOffers Transfer Rate Offer
ripple.app.OfferWOSmallQOffers Self Cross Offer
ripple.app.OfferWOSmallQOffers Bad path assert
ripple.app.OfferWOSmallQOffers Direct to Direct path
ripple.app.OfferWOSmallQOffers Self crossing low quality offer
ripple.app.OfferWOSmallQOffers Offer In Scaling
ripple.app.OfferWOSmallQOffers Offer In Scaling With Xfer Rate
ripple.app.OfferWOSmallQOffers Offer Threshold With Reduced Funds
ripple.app.OfferWOSmallQOffers Tiny Offer
ripple.app.OfferWOSmallQOffers Self Pay Xfer Fee
ripple.app.OfferWOSmallQOffers Self Pay Unlimited Funds
ripple.app.OfferWOSmallQOffers lsfRequireAuth
ripple.app.OfferWOSmallQOffers Missing Auth
ripple.app.OfferWOSmallQOffers RippleConnect Smoketest payment flow
ripple.app.OfferWOSmallQOffers Self Auth
ripple.app.OfferWOSmallQOffers Deleted offer issuer
ripple.app.OfferWOSmallQOffers Tick Size
ripple.app.OfferWOSmallQOffers Ticket Offers
ripple.app.OfferWOSmallQOffers Ticket Cancel Offers
ripple.app.OfferWOSmallQOffers Rm small increased q offers XRP
ripple.app.OfferWOSmallQOffers Rm small increased q offers IOU
ripple.app.OfferWOSmallQOffers fixFillOrKill
ripple.app.OfferWOSmallQOffers had 0 failures.
ripple.app.OfferWTakerDryOffer
ripple.app.OfferWTakerDryOffer Removing Canceled Offers
ripple.app.OfferWTakerDryOffer Incorrect Removal of Funded Offers
ripple.app.OfferWTakerDryOffer Tiny payments
ripple.app.OfferWTakerDryOffer XRP Tiny payments
ripple.app.OfferWTakerDryOffer Enforce No Ripple
ripple.app.OfferWTakerDryOffer Insufficient Reserve
ripple.app.OfferWTakerDryOffer Fill Modes
ripple.app.OfferWTakerDryOffer Malformed Detection
ripple.app.OfferWTakerDryOffer Offer Expiration
ripple.app.OfferWTakerDryOffer Unfunded Crossing
ripple.app.OfferWTakerDryOffer Self-crossing
ripple.app.OfferWTakerDryOffer Self-crossing, with partner account
ripple.app.OfferWTakerDryOffer Negative Balance
ripple.app.OfferWTakerDryOffer Offer Crossing with XRP, Reverse order
ripple.app.OfferWTakerDryOffer Offer Crossing with XRP, Normal order
ripple.app.OfferWTakerDryOffer Offer Crossing with Limit Override
ripple.app.OfferWTakerDryOffer Offer Accept then Cancel.
ripple.app.OfferWTakerDryOffer Offer Cancel Past and Future Sequence.
ripple.app.OfferWTakerDryOffer Currency Conversion: Entire Offer
ripple.app.OfferWTakerDryOffer Currency Conversion: Offerer Into Debt
ripple.app.OfferWTakerDryOffer Currency Conversion: In Parts
ripple.app.OfferWTakerDryOffer Cross Currency Payment: Start with XRP
ripple.app.OfferWTakerDryOffer Cross Currency Payment: End with XRP
ripple.app.OfferWTakerDryOffer Cross Currency Payment: Bridged
ripple.app.OfferWTakerDryOffer Auto Bridged Second Leg Dry
ripple.app.OfferWTakerDryOffer Offer Fees Consume Funds
ripple.app.OfferWTakerDryOffer Offer Create, then Cross
ripple.app.OfferWTakerDryOffer Offer tfSell: Basic Sell
ripple.app.OfferWTakerDryOffer Offer tfSell: 2x Sell Exceed Limit
ripple.app.OfferWTakerDryOffer Client Issue #535: Gateway Cross Currency
ripple.app.OfferWTakerDryOffer Partial Crossing
ripple.app.OfferWTakerDryOffer XRP Direct Crossing
ripple.app.OfferWTakerDryOffer Direct Crossing
ripple.app.OfferWTakerDryOffer Bridged Crossing
ripple.app.OfferWTakerDryOffer Sell Offer
ripple.app.OfferWTakerDryOffer Combine tfSell with tfFillOrKill
ripple.app.OfferWTakerDryOffer Transfer Rate Offer
ripple.app.OfferWTakerDryOffer Self Cross Offer
ripple.app.OfferWTakerDryOffer Bad path assert
ripple.app.OfferWTakerDryOffer Direct to Direct path
ripple.app.OfferWTakerDryOffer Self crossing low quality offer
ripple.app.OfferWTakerDryOffer Offer In Scaling
ripple.app.OfferWTakerDryOffer Offer In Scaling With Xfer Rate
ripple.app.OfferWTakerDryOffer Offer Threshold With Reduced Funds
ripple.app.OfferWTakerDryOffer Tiny Offer
ripple.app.OfferWTakerDryOffer Self Pay Xfer Fee
ripple.app.OfferWTakerDryOffer Self Pay Unlimited Funds
ripple.app.OfferWTakerDryOffer lsfRequireAuth
ripple.app.OfferWTakerDryOffer Missing Auth
ripple.app.OfferWTakerDryOffer RippleConnect Smoketest payment flow
ripple.app.OfferWTakerDryOffer Self Auth
ripple.app.OfferWTakerDryOffer Deleted offer issuer
ripple.app.OfferWTakerDryOffer Tick Size
ripple.app.OfferWTakerDryOffer Ticket Offers
ripple.app.OfferWTakerDryOffer Ticket Cancel Offers
ripple.app.OfferWTakerDryOffer Rm small increased q offers XRP
ripple.app.OfferWTakerDryOffer Rm small increased q offers IOU
ripple.app.OfferWTakerDryOffer fixFillOrKill
ripple.app.OfferWTakerDryOffer had 0 failures.
ripple.app.AMM Invalid Instance
ripple.app.AMM Instance Create
ripple.app.AMM Invalid Deposit
ripple.app.AMM Invalid Deposit
ripple.app.AMM Deposit
ripple.app.AMM Invalid Withdraw
ripple.app.AMM Withdraw
ripple.app.AMM Invalid Fee Vote
ripple.app.AMM Fee Vote
ripple.app.AMM Invalid Bid
ripple.app.AMM Bid
ripple.app.AMM Bid
ripple.app.AMM Bid
ripple.app.AMM Invalid AMM Payment
ripple.app.AMM Basic Payment
ripple.app.AMM Basic Payment
ripple.app.AMM Basic Payment
ripple.app.AMM Basic Payment
ripple.app.AMM AMM Tokens
ripple.app.AMM Amendment
ripple.app.AMM Flags
ripple.app.AMM Rippling
ripple.app.AMM AMMAndCLOB, offer quality change
ripple.app.AMM AMMAndCLOB, offer quality change
ripple.app.AMM Trading Fee
ripple.app.AMM Trading Fee
ripple.app.AMM Trading Fee
ripple.app.AMM Adjusted Deposit/Withdraw Tokens
ripple.app.AMM Adjusted Deposit/Withdraw Tokens
ripple.app.AMM Adjusted Deposit/Withdraw Tokens
ripple.app.AMM Auto Delete
ripple.app.AMM Clawback
ripple.app.AMM AMMID
ripple.app.AMM Offer/Strand Selection
ripple.app.AMM Offer/Strand Selection
ripple.app.AMM Fix Default Inner Object
FTL:OpenLedger apply: Missing field: TradingFee
FTL:OpenLedger apply: Missing field: DiscountedFee
FTL:OpenLedger apply: Missing field: TradingFee
FTL:OpenLedger apply: Missing field: DiscountedFee
FTL:OpenLedger apply: Missing field: DiscountedFee
ripple.app.AMM Test Fix Overflow Offer
ripple.app.AMM Overflow test {1, 100, 0.111}
ripple.app.AMM Overflow test {1, 100, 1.00}
ripple.app.AMM Overflow test {1, 100, 4.6432}
ripple.app.AMM Overflow test {1, 100, 10}
ripple.app.AMM Overflow test {50, 100, 5.55}
ripple.app.AMM Overflow test {50, 100, 50.00}
ripple.app.AMM Overflow test {50, 100, 232.16}
ripple.app.AMM Overflow test {50, 100, 500}
ripple.app.AMM Test Fix Overflow Offer
ripple.app.AMM Overflow test {1, 100, 0.111}
ripple.app.AMM Overflow test {1, 100, 1.00}
ripple.app.AMM Overflow test {1, 100, 4.6432}
ripple.app.AMM Overflow test {1, 100, 10}
ripple.app.AMM Overflow test {50, 100, 5.55}
ripple.app.AMM Overflow test {50, 100, 50.00}
ripple.app.AMM Overflow test {50, 100, 232.16}
ripple.app.AMM Overflow test {50, 100, 500}
ripple.app.AMM Test Fix Overflow Offer
ripple.app.AMM Overflow test {1, 100, 0.111}
ripple.app.AMM Overflow test {1, 100, 1.00}
ripple.app.AMM Overflow test {1, 100, 4.6432}
ripple.app.AMM Overflow test {1, 100, 10}
ripple.app.AMM Overflow test {50, 100, 5.55}
ripple.app.AMM Overflow test {50, 100, 50.00}
ripple.app.AMM Overflow test {50, 100, 232.16}
ripple.app.AMM Overflow test {50, 100, 500}
ripple.app.AMM swapRounding
ripple.app.AMM Fix changeSpotPriceQuality
ripple.app.AMM Fix changeSpotPriceQuality
ripple.app.AMM AMM Offer Blocked By LOB
ripple.app.AMM AMM Offer Blocked By LOB
ripple.app.AMM LPToken Balance
ripple.app.AMM LPToken Balance
ripple.app.AMM LPToken Balance
ripple.app.AMM test clawback from AMM account
ripple.app.AMM test clawback from AMM account
ripple.app.AMM test clawback from AMM account
ripple.app.AMM test clawback from AMM account
ripple.app.AMM test clawback from AMM account
ripple.app.AMM test AMMDeposit with frozen assets
ripple.app.AMM test AMMDeposit with frozen assets
ripple.app.AMM test AMMDeposit with frozen assets
ripple.app.AMM test AMMDeposit with frozen assets
ripple.app.AMM Fix Reserve Check On Withdrawal
ripple.app.AMM Fix Reserve Check On Withdrawal
ripple.app.AMM Deposit and Withdraw Rounding V2
ripple.app.AMM Deposit and Withdraw Rounding V2
ripple.app.AMM Deposit Rounding
ripple.app.AMM Deposit Rounding
ripple.app.AMM Withdraw Rounding
ripple.app.AMM Withdraw Rounding
ripple.app.AMM Fail pseudo-account allocation tecDUPLICATE
ripple.app.AMM Fail pseudo-account allocation terADDRESS_COLLISION
ripple.app.AMM had 0 failures.
ripple.app.AMMClawback test invalid request
ripple.app.AMMClawback test featureAMMClawback is not enabled.
ripple.app.AMMClawback test AMMClawback specific amount
ripple.app.AMMClawback test AMMClawback specific amount which exceeds the current balance
ripple.app.AMMClawback test AMMClawback all the tokens in the AMM pool
ripple.app.AMMClawback test AMMClawback from AMM pool with assets having the same issuer
ripple.app.AMMClawback test AMMClawback from AMM pool with assets having the same currency, but from different issuer
ripple.app.AMMClawback test AMMClawback when issuing token for each other
ripple.app.AMMClawback test AMMClawback from account which does not own any lptoken in the pool
ripple.app.AMMClawback test assets frozen
ripple.app.AMMClawback test single depoit and clawback
ripple.app.AMMClawback test last holder's lptoken balance not equal to AMM's lptoken balance before clawback
ripple.app.AMMClawback test AMMClawback specific amount
ripple.app.AMMClawback test AMMClawback specific amount which exceeds the current balance
ripple.app.AMMClawback test AMMClawback all the tokens in the AMM pool
ripple.app.AMMClawback test AMMClawback from AMM pool with assets having the same issuer
ripple.app.AMMClawback test AMMClawback from AMM pool with assets having the same currency, but from different issuer
ripple.app.AMMClawback test AMMClawback when issuing token for each other
ripple.app.AMMClawback test AMMClawback from account which does not own any lptoken in the pool
ripple.app.AMMClawback test assets frozen
ripple.app.AMMClawback test single depoit and clawback
ripple.app.AMMClawback test last holder's lptoken balance not equal to AMM's lptoken balance before clawback
ripple.app.AMMClawback test AMMClawback specific amount
ripple.app.AMMClawback test AMMClawback specific amount which exceeds the current balance
ripple.app.AMMClawback test AMMClawback all the tokens in the AMM pool
ripple.app.AMMClawback test AMMClawback from AMM pool with assets having the same issuer
ripple.app.AMMClawback test AMMClawback from AMM pool with assets having the same currency, but from different issuer
ripple.app.AMMClawback test AMMClawback when issuing token for each other
ripple.app.AMMClawback test AMMClawback from account which does not own any lptoken in the pool
ripple.app.AMMClawback test assets frozen
ripple.app.AMMClawback test single depoit and clawback
ripple.app.AMMClawback test last holder's lptoken balance not equal to AMM's lptoken balance before clawback
ripple.app.AMMClawback had 0 failures.
ripple.app.Clawback Enable AllowTrustLineClawback flag
ripple.app.Clawback Validation
ripple.app.Clawback Permission
ripple.app.Clawback Enable clawback
ripple.app.Clawback Multi line
ripple.app.Clawback Bidirectional line
ripple.app.Clawback Delete default trustline
ripple.app.Clawback Frozen trustline
ripple.app.Clawback Amount exceeds available
ripple.app.Clawback Tickets
ripple.app.Clawback Enable AllowTrustLineClawback flag
ripple.app.Clawback Validation
ripple.app.Clawback Permission
ripple.app.Clawback Enable clawback
ripple.app.Clawback Multi line
ripple.app.Clawback Bidirectional line
ripple.app.Clawback Delete default trustline
ripple.app.Clawback Frozen trustline
ripple.app.Clawback Amount exceeds available
ripple.app.Clawback Tickets
ripple.app.Clawback had 0 failures.
ripple.app.DepositAuth Enable
ripple.app.DepositAuth Pay IOU
ripple.app.DepositAuth Pay XRP
ripple.app.DepositAuth No Ripple
ripple.app.DepositAuth had 0 failures.
ripple.app.Freeze RippleState Freeze
ripple.app.Freeze Deep Freeze
ripple.app.Freeze Create Frozen Trustline
ripple.app.Freeze Freeze Set and Clear
ripple.app.Freeze Global Freeze
ripple.app.Freeze No Freeze
ripple.app.Freeze Offers for Frozen Trust Lines
ripple.app.Freeze Offers on frozen trust lines
ripple.app.Freeze Direct payments on frozen trust lines
ripple.app.Freeze Checks on frozen trust lines
ripple.app.Freeze AMM payments on frozen trust lines
ripple.app.Freeze Longer paths payment on frozen trust lines
ripple.app.Freeze NFT offers on frozen trust lines
ripple.app.Freeze RippleState Freeze
ripple.app.Freeze Deep Freeze
ripple.app.Freeze Create Frozen Trustline
ripple.app.Freeze Freeze Set and Clear
ripple.app.Freeze Global Freeze
ripple.app.Freeze No Freeze
ripple.app.Freeze Offers for Frozen Trust Lines
ripple.app.Freeze Offers on frozen trust lines
ripple.app.Freeze Direct payments on frozen trust lines
ripple.app.Freeze Checks on frozen trust lines
ripple.app.Freeze AMM payments on frozen trust lines
ripple.app.Freeze Longer paths payment on frozen trust lines
ripple.app.Freeze NFT offers on frozen trust lines
ripple.app.Freeze RippleState Freeze
ripple.app.Freeze Deep Freeze
ripple.app.Freeze Create Frozen Trustline
ripple.app.Freeze Freeze Set and Clear
ripple.app.Freeze Global Freeze
ripple.app.Freeze No Freeze
ripple.app.Freeze Offers for Frozen Trust Lines
ripple.app.Freeze Offers on frozen trust lines
ripple.app.Freeze Direct payments on frozen trust lines
ripple.app.Freeze Checks on frozen trust lines
ripple.app.Freeze AMM payments on frozen trust lines
ripple.app.Freeze Longer paths payment on frozen trust lines
ripple.app.Freeze NFT offers on frozen trust lines
ripple.app.Freeze RippleState Freeze
ripple.app.Freeze Deep Freeze
ripple.app.Freeze Create Frozen Trustline
ripple.app.Freeze Freeze Set and Clear
ripple.app.Freeze Global Freeze
ripple.app.Freeze No Freeze
ripple.app.Freeze Offers for Frozen Trust Lines
ripple.app.Freeze Offers on frozen trust lines
ripple.app.Freeze Direct payments on frozen trust lines
ripple.app.Freeze Checks on frozen trust lines
ripple.app.Freeze AMM payments on frozen trust lines
ripple.app.Freeze Longer paths payment on frozen trust lines
ripple.app.Freeze NFT offers on frozen trust lines
ripple.app.Freeze RippleState Freeze
ripple.app.Freeze Deep Freeze
ripple.app.Freeze Create Frozen Trustline
ripple.app.Freeze Freeze Set and Clear
ripple.app.Freeze Global Freeze
ripple.app.Freeze No Freeze
ripple.app.Freeze Offers for Frozen Trust Lines
ripple.app.Freeze Offers on frozen trust lines
ripple.app.Freeze Direct payments on frozen trust lines
ripple.app.Freeze Checks on frozen trust lines
ripple.app.Freeze AMM payments on frozen trust lines
ripple.app.Freeze Longer paths payment on frozen trust lines
ripple.app.Freeze NFT offers on frozen trust lines
ripple.app.Freeze RippleState Freeze
ripple.app.Freeze Deep Freeze
ripple.app.Freeze Create Frozen Trustline
ripple.app.Freeze Freeze Set and Clear
ripple.app.Freeze Global Freeze
ripple.app.Freeze No Freeze
ripple.app.Freeze Offers for Frozen Trust Lines
ripple.app.Freeze Offers on frozen trust lines
ripple.app.Freeze Direct payments on frozen trust lines
ripple.app.Freeze Checks on frozen trust lines
ripple.app.Freeze AMM payments on frozen trust lines
ripple.app.Freeze Longer paths payment on frozen trust lines
ripple.app.Freeze NFT offers on frozen trust lines
ripple.app.Freeze RippleState Freeze
ripple.app.Freeze Deep Freeze
ripple.app.Freeze Create Frozen Trustline
ripple.app.Freeze Freeze Set and Clear
ripple.app.Freeze Global Freeze
ripple.app.Freeze No Freeze
ripple.app.Freeze Offers for Frozen Trust Lines
ripple.app.Freeze Offers on frozen trust lines
ripple.app.Freeze Direct payments on frozen trust lines
ripple.app.Freeze Checks on frozen trust lines
ripple.app.Freeze AMM payments on frozen trust lines
ripple.app.Freeze Longer paths payment on frozen trust lines
ripple.app.Freeze NFT offers on frozen trust lines
ripple.app.Freeze had 0 failures.
ripple.app.Invariants XRP created
ripple.app.Invariants account root removed
ripple.app.Invariants account root deletion left artifact
ripple.app.Invariants ledger entry types don't match
ripple.app.Invariants trust lines with XRP not allowed
ripple.app.Invariants trust lines with deep freeze flag without freeze not allowed
ripple.app.Invariants transfers when frozen
ripple.app.Invariants XRP balance checks
ripple.app.Invariants Transaction fee checks
ripple.app.Invariants no bad offers
ripple.app.Invariants no zero escrow
ripple.app.Invariants valid new account root
ripple.app.Invariants NFTokenPage
ripple.app.Invariants PermissionedDomain fix
ripple.app.Invariants PermissionedDomain 2
ripple.app.Invariants PermissionedDomain 3
ripple.app.Invariants PermissionedDomain 4
ripple.app.Invariants PermissionedDomain Set 1
ripple.app.Invariants PermissionedDomain Set 2
ripple.app.Invariants PermissionedDomain Set 3
ripple.app.Invariants PermissionedDomain Set 4
ripple.app.Invariants PermissionedDomain set 2 domains
ripple.app.Invariants PermissionedDomain del 2 domains
ripple.app.Invariants PermissionedDomain set 0 domains
ripple.app.Invariants PermissionedDomain del 0 domains
ripple.app.Invariants PermissionedDomain set, delete domain
ripple.app.Invariants PermissionedDomain del, create domain
ripple.app.Invariants PermissionedDomain invalid tx
ripple.app.Invariants PermissionedDomain
ripple.app.Invariants PermissionedDomain 2
ripple.app.Invariants PermissionedDomain 3
ripple.app.Invariants PermissionedDomain 4
ripple.app.Invariants PermissionedDomain Set 1
ripple.app.Invariants PermissionedDomain Set 2
ripple.app.Invariants PermissionedDomain Set 3
ripple.app.Invariants PermissionedDomain Set 4
ripple.app.Invariants PermissionedDomain set 2 domains
ripple.app.Invariants PermissionedDomain del 2 domains
ripple.app.Invariants PermissionedDomain set 0 domains
ripple.app.Invariants PermissionedDomain del 0 domains
ripple.app.Invariants PermissionedDomain set, delete domain
ripple.app.Invariants PermissionedDomain del, create domain
ripple.app.Invariants PermissionedDomain invalid tx
ripple.app.Invariants PermissionedDEX fix
ripple.app.Invariants PermissionedDEX
ripple.app.Invariants no modified unmodifiable fields
ripple.app.Invariants valid pseudo accounts
ripple.app.Invariants valid loan broker
ripple.app.Invariants Vault general checks
ripple.app.Invariants Vault create
ripple.app.Invariants Vault deposit
ripple.app.Invariants Vault withdrawal
ripple.app.Invariants Vault clawback
ripple.app.Invariants overwrite: NoXRPTrustLines fix
ripple.app.Invariants overwrite: NoDeepFreeze fix
ripple.app.Invariants overwrite: NoZeroEscrow MPT fix
ripple.app.Invariants overwrite: NoXRPTrustLines
ripple.app.Invariants overwrite: NoDeepFreeze
ripple.app.Invariants overwrite: NoZeroEscrow MPT
ripple.app.Invariants vault computeCoarsestScale: No values
ripple.app.Invariants vault computeCoarsestScale: Mixed integer and Number values
ripple.app.Invariants vault computeCoarsestScale: Mixed scales
ripple.app.Invariants vault computeCoarsestScale: Equal scales
ripple.app.Invariants vault computeCoarsestScale: Mixed mantissa sizes
ripple.app.Invariants vault computeCoarsestScale: False equivalence
ripple.app.Invariants had 0 failures.
ripple.app.OfferStream
ripple.app.OfferStream had 0 failures.
ripple.app.SetTrust Allow two free trustlines
ripple.app.SetTrust Dynamic reserve for trustline
ripple.app.SetTrust Dynamic reserve for trustline
ripple.app.SetTrust SetTrust using a ticket
ripple.app.SetTrust SetTrust checks for malformed transactions
ripple.app.SetTrust SetTrust removes quality of trustline for low account
ripple.app.SetTrust SetTrust removes quality of trustline for high account
ripple.app.SetTrust SetTrust creates quality of trustline for low account
ripple.app.SetTrust SetTrust creates quality of trustline for high account
ripple.app.SetTrust Create trustline with disallow incoming
ripple.app.SetTrust Reset trust line limit with Authorised Lines: Verify deletion of trust lines
ripple.app.SetTrust Test deletion of trust lines: revert trust line limit to zero
ripple.app.SetTrust Ensure that trust line limits are respected in payment transactions
ripple.app.SetTrust Ensure that authorised trust lines do not allow payments from unauthorised counter-parties
ripple.app.SetTrust Check that trust line limits are respected in conjunction with rippling feature
ripple.app.SetTrust Allow two free trustlines
ripple.app.SetTrust Dynamic reserve for trustline
ripple.app.SetTrust Dynamic reserve for trustline
ripple.app.SetTrust SetTrust using a ticket
ripple.app.SetTrust SetTrust checks for malformed transactions
ripple.app.SetTrust SetTrust removes quality of trustline for low account
ripple.app.SetTrust SetTrust removes quality of trustline for high account
ripple.app.SetTrust SetTrust creates quality of trustline for low account
ripple.app.SetTrust SetTrust creates quality of trustline for high account
ripple.app.SetTrust Create trustline with disallow incoming
ripple.app.SetTrust Reset trust line limit with Authorised Lines: Verify deletion of trust lines
ripple.app.SetTrust Test deletion of trust lines: revert trust line limit to zero
ripple.app.SetTrust Ensure that trust line limits are respected in payment transactions
ripple.app.SetTrust Ensure that authorised trust lines do not allow payments from unauthorised counter-parties
ripple.app.SetTrust Check that trust line limits are respected in conjunction with rippling feature
ripple.app.SetTrust had 0 failures.
Longest suite times:
   91.3s ripple.app.AMM
   23.4s ripple.app.Invariants
   14.6s ripple.app.Freeze
   10.6s ripple.app.OfferWTakerDryOffer
   10.6s ripple.app.OfferAllFeatures
   10.5s ripple.app.OfferWOSmallQOffers
   10.4s ripple.app.OfferWOPermDEX
   10.4s ripple.app.OfferWOFillOrKill
   10.3s ripple.app.OfferBaseUtil
    9.0s ripple.app.AMMClawback
212.0s, 14 suites, 688 cases, 154192 tests total, 0 failures
