b444457c1 chore: Exclude code/unreachable transaction code from Codecov (#5847)
d67dcfe3c refactor: Restructure Transactor::preflight to reduce boilerplate (#5592)
dc8b37a52 refactor: Modularise ledger (#5493)
b7ed99426 fix: Make test suite names match the directory name (#5597)
8bfaa7fe0 test: Run unit tests regardless of 'Supported' amendment status (#5537)
0a34b5c69 Add support for XLS-81 Permissioned DEX (#5404)
e514de76e Add single asset vault (XLS-65d) (#5224)
2bc5cb240 test: enable unit tests to work with variable reference fee (#5145)
c17676a9b refactor: Improve ordering of headers with clang-format (#5343)
2406b28e6 refactor: Remove unused and add missing includes (#5293)
33e1c4259 Add deep freeze feature (XLS-77d) (#5187)
8e827e32a Introduce Credentials support (XLS-70d): (#5103)
1d23148e6 Rewrite includes (#4997)
e416ee72c Rearrange sources (#4997)
d8a84e953 `featureDisallowIncoming`: Opt-out of incoming Checks, PayChans, NFTokenOffers and Trustlines (#4336)
bf7509422 Introduce CheckCashMakesTrustLine amendment:
2a7c573de Fix clang warnings about copies vs references:
44fe0e1fc Add support for the 'TicketBatch' amendment:
7724cca38 Implement enhanced Ticket support:
74f9edef0 Prefer keylets instead of naked hashes:
50760c693 Format first-party source according to .clang-format
e7ce3909d gRPC support for account_tx and tx
ae707b814 Always enable fix1449 dated March 30, 2017 20:00:00 UTC
6e4945c56 Remove conditionals for featureMultiSign enabled 27Jun2016
e3b5b808c Add units to all fee calculations:
28b942b18 Enhance AccountTx unit test
f8365f500 Add JsonOptions enum class to contain options passed to getJSON methods
b39b0fef3 Get names of transactions and ledger types from jss
64b55c0f8 Rename JsonFields.h to jss.h:
6572fc8e9 Implement MultiSignReserve amendment [RIPD-1647]:
2901577be Remove using namespace declarations at namespace scope in headers
f658656b8 Mark some single-argument constructors explicit
7c785d0d7 Add missing override keyword:
7bc163ee4 Add delivered_amount to tx result for CheckCash (RIPD-1623)
deb9e4ce3 Remove BeastConfig.h (RIPD-1167)
2d5ddbf1b Checks (RIPD-1487):
