ripple.app.AccountDelete Basics
ripple.app.AccountDelete Directories
ripple.app.AccountDelete Owned types
ripple.app.AccountDelete Resurrection
ripple.app.AccountDelete Amendment enable
ripple.app.AccountDelete Too many offers
ripple.app.AccountDelete Implicitly created trust line
ripple.app.AccountDelete Balance too small for fee
ripple.app.AccountDelete With Tickets
ripple.app.AccountDelete Destination Constraints
ripple.app.AccountDelete Destination Constraints with DepositPreauth and Credentials
ripple.app.AccountDelete Credentials that aren't required
ripple.app.AccountDelete Expired credentials
ripple.app.AccountDelete Credentials feature disabled
ripple.app.AccountDelete Deleting Issuer deletes issued credentials
ripple.app.AccountDelete Deleting Subject deletes issued credentials
ripple.app.AccountDelete had 0 failures.
ripple.app.Check Enabled
ripple.app.Check Create valid
ripple.app.Check Create valid with disallow incoming
ripple.app.Check Create invalid
ripple.app.Check Cash XRP
ripple.app.Check Cash IOU
ripple.app.Check Cash with transfer fee
ripple.app.Check Cash quality
ripple.app.Check Cash invalid
ripple.app.Check Cancel valid
ripple.app.Check Cancel invalid
ripple.app.Check Fix1623 enable
ripple.app.Check With Tickets
ripple.app.Check Enabled
ripple.app.Check Create valid
ripple.app.Check Create valid with disallow incoming
ripple.app.Check Create invalid
ripple.app.Check Cash XRP
ripple.app.Check Cash IOU
ripple.app.Check Cash with transfer fee
ripple.app.Check Cash quality
ripple.app.Check Cash invalid
ripple.app.Check Cancel valid
ripple.app.Check Cancel invalid
ripple.app.Check Fix1623 enable
ripple.app.Check With Tickets
ripple.app.Check Enabled
ripple.app.Check Create valid
ripple.app.Check Create valid with disallow incoming
ripple.app.Check Create invalid
ripple.app.Check Cash XRP
ripple.app.Check Cash IOU
ripple.app.Check Cash with transfer fee
ripple.app.Check Cash quality
ripple.app.Check Cash invalid
ripple.app.Check Cancel valid
ripple.app.Check Cancel invalid
ripple.app.Check Fix1623 enable
ripple.app.Check With Tickets
ripple.app.Check Trust Line Creation
ripple.app.Check had 0 failures.
ripple.app.Invariants XRP created
ripple.app.Invariants account root removed
ripple.app.Invariants account root deletion left artifact
ripple.app.Invariants ledger entry types don't match
ripple.app.Invariants trust lines with XRP not allowed
ripple.app.Invariants trust lines with deep freeze flag without freeze not allowed
ripple.app.Invariants transfers when frozen
ripple.app.Invariants XRP balance checks
ripple.app.Invariants Transaction fee checks
ripple.app.Invariants no bad offers
ripple.app.Invariants no zero escrow
ripple.app.Invariants valid new account root
ripple.app.Invariants NFTokenPage
ripple.app.Invariants PermissionedDomain fix
ripple.app.Invariants PermissionedDomain 2
ripple.app.Invariants PermissionedDomain 3
ripple.app.Invariants PermissionedDomain 4
ripple.app.Invariants PermissionedDomain Set 1
ripple.app.Invariants PermissionedDomain Set 2
ripple.app.Invariants PermissionedDomain Set 3
ripple.app.Invariants PermissionedDomain Set 4
ripple.app.Invariants PermissionedDomain set 2 domains
ripple.app.Invariants PermissionedDomain del 2 domains
ripple.app.Invariants PermissionedDomain set 0 domains
ripple.app.Invariants PermissionedDomain del 0 domains
ripple.app.Invariants PermissionedDomain set, delete domain
ripple.app.Invariants PermissionedDomain del, create domain
ripple.app.Invariants PermissionedDomain invalid tx
ripple.app.Invariants PermissionedDomain
ripple.app.Invariants PermissionedDomain 2
ripple.app.Invariants PermissionedDomain 3
ripple.app.Invariants PermissionedDomain 4
ripple.app.Invariants PermissionedDomain Set 1
ripple.app.Invariants PermissionedDomain Set 2
ripple.app.Invariants PermissionedDomain Set 3
ripple.app.Invariants PermissionedDomain Set 4
ripple.app.Invariants PermissionedDomain set 2 domains
ripple.app.Invariants PermissionedDomain del 2 domains
ripple.app.Invariants PermissionedDomain set 0 domains
ripple.app.Invariants PermissionedDomain del 0 domains
ripple.app.Invariants PermissionedDomain set, delete domain
ripple.app.Invariants PermissionedDomain del, create domain
ripple.app.Invariants PermissionedDomain invalid tx
ripple.app.Invariants PermissionedDEX fix
ripple.app.Invariants PermissionedDEX
ripple.app.Invariants no modified unmodifiable fields
ripple.app.Invariants valid pseudo accounts
ripple.app.Invariants valid loan broker
ripple.app.Invariants Vault general checks
ripple.app.Invariants Vault create
ripple.app.Invariants Vault deposit
ripple.app.Invariants Vault withdrawal
ripple.app.Invariants Vault clawback
ripple.app.Invariants overwrite: NoXRPTrustLines fix
ripple.app.Invariants overwrite: NoDeepFreeze fix
ripple.app.Invariants overwrite: NoZeroEscrow MPT fix
ripple.app.Invariants overwrite: NoXRPTrustLines
ripple.app.Invariants overwrite: NoDeepFreeze
ripple.app.Invariants overwrite: NoZeroEscrow MPT
ripple.app.Invariants vault computeCoarsestScale: No values
ripple.app.Invariants vault computeCoarsestScale: Mixed integer and Number values
ripple.app.Invariants vault computeCoarsestScale: Mixed scales
ripple.app.Invariants vault computeCoarsestScale: Equal scales
ripple.app.Invariants vault computeCoarsestScale: Mixed mantissa sizes
ripple.app.Invariants vault computeCoarsestScale: False equivalence
ripple.app.Invariants had 0 failures.
Longest suite times:
   23.4s ripple.app.Invariants
   11.1s ripple.app.AccountDelete
   10.0s ripple.app.Check
44.5s, 3 suites, 121 cases, 22604 tests total, 0 failures
