ripple.app.AccountDelete Basics
ripple.app.AccountDelete Directories
ripple.app.AccountDelete Owned types
ripple.app.AccountDelete Resurrection
ripple.app.AccountDelete Amendment enable
ripple.app.AccountDelete Too many offers
ripple.app.AccountDelete Implicitly created trust line
ripple.app.AccountDelete Balance too small for fee
ripple.app.AccountDelete With Tickets
ripple.app.AccountDelete Destination Constraints
ripple.app.AccountDelete Destination Constraints with DepositPreauth and Credentials
ripple.app.AccountDelete Credentials that aren't required
ripple.app.AccountDelete Expired credentials
ripple.app.AccountDelete Credentials feature disabled
ripple.app.AccountDelete Deleting Issuer deletes issued credentials
ripple.app.AccountDelete Deleting Subject deletes issued credentials
ripple.app.AccountDelete had 0 failures.
ripple.app.MPToken Multi-send MaximumAmount enforcement
ripple.app.MPToken Create Validate
ripple.app.MPToken Create Validate
ripple.app.MPToken Create Validate
ripple.app.MPToken Create Enabled
ripple.app.MPToken Create Enabled
ripple.app.MPToken Destroy Validate
ripple.app.MPToken Destroy Validate
ripple.app.MPToken Destroy Enabled
ripple.app.MPToken Destroy Enabled
ripple.app.MPToken Validate authorize transaction
ripple.app.MPToken Validate authorize transaction
ripple.app.MPToken Authorize Enabled
ripple.app.MPToken Authorize Enabled
ripple.app.MPToken Validate set transaction
ripple.app.MPToken Validate set transaction
ripple.app.MPToken Validate set transaction
ripple.app.MPToken Validate set transaction
ripple.app.MPToken Validate set transaction
ripple.app.MPToken Enabled set transaction
ripple.app.MPToken Enabled set transaction
ripple.app.MPToken MPT clawback validations
ripple.app.MPToken MPT Clawback
ripple.app.MPToken Payment
ripple.app.MPToken DepositPreauth
ripple.app.MPToken DepositPreauth disabled featureCredentials
ripple.app.MPToken DepositPreauth disabled featureCredentials
ripple.app.MPToken MPT Issue Invalid in Transaction
ripple.app.MPToken Test synthetic fields from tx response
ripple.app.MPToken Tokens Equality
ripple.app.MPToken Test STAmount MPT arithmetics
ripple.app.MPToken Test MPTAmount arithmetics
ripple.app.MPToken Test MPTIssue from/to Json
ripple.app.MPToken Test Asset from/to Json
ripple.app.MPToken invalid MPTokenIssuanceCreate for DynamicMPT
ripple.app.MPToken invalid MPTokenIssuanceSet for DynamicMPT
ripple.app.MPToken Mutate MPT
ripple.app.MPToken Mutate MPTCanLock
ripple.app.MPToken Mutate MPTRequireAuth
ripple.app.MPToken Mutate MPTCanEscrow
ripple.app.MPToken Mutate MPTCanTransfer
ripple.app.MPToken Mutate MPTCanClawback
ripple.app.MPToken had 0 failures.
ripple.app.AccountTxPaging Paging for Single Account
ripple.app.AccountTxPaging had 0 failures.
ripple.app.Credentials Create for subject.
ripple.app.Credentials Create for themself.
ripple.app.Credentials Delete issuer before accept
ripple.app.Credentials Delete issuer after accept
ripple.app.Credentials Delete subject before accept
ripple.app.Credentials Delete subject after accept
ripple.app.Credentials Delete by other
ripple.app.Credentials Delete by subject
ripple.app.Credentials Delete by issuer
ripple.app.Credentials Credentials fail, no subject param.
ripple.app.Credentials Credentials fail, no credentialType param.
ripple.app.Credentials Credentials fail, empty credentialType param.
ripple.app.Credentials Credentials fail, credentialType length > maxCredentialTypeLength.
ripple.app.Credentials Credentials fail, URI length > 256.
ripple.app.Credentials Credentials fail, URI empty.
ripple.app.Credentials Credentials fail, expiration in the past.
ripple.app.Credentials Credentials fail, invalid fee.
ripple.app.Credentials Credentials fail, duplicate.
ripple.app.Credentials Credentials fail, directory full
ripple.app.Credentials Credentials fail, subject doesn't exist.
ripple.app.Credentials Credentials fail, not enough reserve.
ripple.app.Credentials Credentials fail, no subject param.
ripple.app.Credentials Credentials fail, no credentialType param.
ripple.app.Credentials Credentials fail, empty credentialType param.
ripple.app.Credentials Credentials fail, credentialType length > maxCredentialTypeLength.
ripple.app.Credentials Credentials fail, URI length > 256.
ripple.app.Credentials Credentials fail, URI empty.
ripple.app.Credentials Credentials fail, expiration in the past.
ripple.app.Credentials Credentials fail, invalid fee.
ripple.app.Credentials Credentials fail, duplicate.
ripple.app.Credentials Credentials fail, directory full
ripple.app.Credentials Credentials fail, subject doesn't exist.
ripple.app.Credentials Credentials fail, not enough reserve.
ripple.app.Credentials CredentialsAccept fail, Credential doesn't exist.
ripple.app.Credentials CredentialsAccept fail, invalid Issuer account.
ripple.app.Credentials CredentialsAccept fail, invalid credentialType param.
ripple.app.Credentials CredentialsAccept fail, not enough reserve.
ripple.app.Credentials CredentialsAccept fail, invalid fee.
ripple.app.Credentials CredentialsAccept fail, lsfAccepted already set.
ripple.app.Credentials CredentialsAccept fail, expired credentials.
ripple.app.Credentials CredentialsAccept fail, issuer doesn't exist.
ripple.app.Credentials CredentialsDelete fail, no Credentials.
ripple.app.Credentials CredentialsDelete fail, invalid Subject account.
ripple.app.Credentials CredentialsDelete fail, invalid Issuer account.
ripple.app.Credentials CredentialsDelete fail, invalid credentialType param.
ripple.app.Credentials CredentialsDelete fail, time not expired yet.
ripple.app.Credentials CredentialsDelete fail, no Issuer and Subject.
ripple.app.Credentials CredentialsDelete fail, invalid fee.
ripple.app.Credentials deleteSLE fail, bad SLE.
ripple.app.Credentials Credentials fail, Feature is not enabled.
ripple.app.Credentials Test flag, fix disabled
ripple.app.Credentials Test flag, fix enabled
ripple.app.Credentials account_tx
ripple.app.Credentials account_objects
ripple.app.Credentials removeExpired ignores deleteSLE failure  before fix
ripple.app.Credentials removeExpired ignores deleteSLE failure  after fix
ripple.app.Credentials had 0 failures.
ripple.app.DID featureDID Enabled
ripple.app.DID DID Account Reserve
ripple.app.DID Invalid DIDSet
ripple.app.DID Invalid DIDDelete
ripple.app.DID Modify DID with DIDSet
ripple.app.DID featureDID Enabled
ripple.app.DID DID Account Reserve
ripple.app.DID Invalid DIDSet
ripple.app.DID Invalid DIDDelete
ripple.app.DID Modify DID with DIDSet
ripple.app.DID had 0 failures.
ripple.app.DepositAuth Enable
ripple.app.DepositAuth Pay IOU
ripple.app.DepositAuth Pay XRP
ripple.app.DepositAuth No Ripple
ripple.app.DepositAuth had 0 failures.
ripple.app.DepositPreauth Enable
ripple.app.DepositPreauth Invalid
ripple.app.DepositPreauth Payment
ripple.app.DepositPreauth Payment
ripple.app.DepositPreauth Payment
ripple.app.DepositPreauth Payment
ripple.app.DepositPreauth Payment failure with disabled credentials rule.
ripple.app.DepositPreauth Payment with credentials.
ripple.app.DepositPreauth Payment failure with invalid credentials.
ripple.app.DepositPreauth Creating / deleting with credentials.
ripple.app.DepositPreauth Payment failure with expired credentials.
ripple.app.DepositPreauth Escrow failure with expired credentials.
ripple.app.DepositPreauth Sorting credentials.
ripple.app.DepositPreauth Check duplicate credentials.
ripple.app.DepositPreauth had 0 failures.
ripple.app.Escrow Enablement
ripple.app.Escrow Timing: Finish Only
ripple.app.Escrow Timing: Cancel Only
ripple.app.Escrow Timing: Finish and Cancel -> Finish
ripple.app.Escrow Timing: Finish and Cancel -> Cancel
ripple.app.Escrow Tags
ripple.app.Escrow Disallow XRP
ripple.app.Escrow Implied Finish Time (without fix1571)
ripple.app.Escrow Implied Finish Time (with fix1571)
ripple.app.Escrow Failure Cases
ripple.app.Escrow Lockup
ripple.app.Escrow Escrow with CryptoConditions
ripple.app.Escrow Metadata to self
ripple.app.Escrow Metadata to other
ripple.app.Escrow Consequences
ripple.app.Escrow Escrow with tickets
ripple.app.Escrow Test with credentials
ripple.app.Escrow Escrow with credentials without depositPreauth
ripple.app.Escrow Enablement
ripple.app.Escrow Timing: Finish Only
ripple.app.Escrow Timing: Cancel Only
ripple.app.Escrow Timing: Finish and Cancel -> Finish
ripple.app.Escrow Timing: Finish and Cancel -> Cancel
ripple.app.Escrow Tags
ripple.app.Escrow Disallow XRP
ripple.app.Escrow Implied Finish Time (without fix1571)
ripple.app.Escrow Implied Finish Time (with fix1571)
ripple.app.Escrow Failure Cases
ripple.app.Escrow Lockup
ripple.app.Escrow Escrow with CryptoConditions
ripple.app.Escrow Metadata to self
ripple.app.Escrow Metadata to other
ripple.app.Escrow Consequences
ripple.app.Escrow Escrow with tickets
ripple.app.Escrow Test with credentials
ripple.app.Escrow Escrow with credentials without depositPreauth
ripple.app.Escrow Tags
ripple.app.Escrow had 0 failures.
ripple.app.EscrowToken IOU Enablement
ripple.app.EscrowToken IOU Allow Locking Flag
ripple.app.EscrowToken IOU Create Preflight
ripple.app.EscrowToken IOU Create Preclaim
ripple.app.EscrowToken IOU Finish Preclaim
ripple.app.EscrowToken IOU Finish Do Apply
ripple.app.EscrowToken IOU Cancel Preclaim
ripple.app.EscrowToken IOU Balances
ripple.app.EscrowToken IOU Metadata to self
ripple.app.EscrowToken IOU Metadata to other
ripple.app.EscrowToken IOU Metadata to issuer
ripple.app.EscrowToken IOU RippleState
ripple.app.EscrowToken IOU Gateway
ripple.app.EscrowToken IOU Locked Rate
ripple.app.EscrowToken IOU Limit
ripple.app.EscrowToken IOU Require Auth
ripple.app.EscrowToken IOU Freeze
ripple.app.EscrowToken IOU Insuficient Funds
ripple.app.EscrowToken IOU Precision Loss
ripple.app.EscrowToken MPT Enablement
ripple.app.EscrowToken MPT Create Preflight
ripple.app.EscrowToken MPT Create Preclaim
ripple.app.EscrowToken MPT Finish Preclaim
ripple.app.EscrowToken MPT Finish Do Apply
ripple.app.EscrowToken MPT Cancel Preclaim
ripple.app.EscrowToken MPT Balances
ripple.app.EscrowToken MPT Metadata to self
ripple.app.EscrowToken MPT Metadata to other
ripple.app.EscrowToken MPT Gateway Balances
ripple.app.EscrowToken MPT Locked Rate
ripple.app.EscrowToken MPT Require Auth
ripple.app.EscrowToken MPT Lock
ripple.app.EscrowToken MPT Can Transfer
ripple.app.EscrowToken MPT Destroy
ripple.app.EscrowToken MPT Enablement
ripple.app.EscrowToken MPT Create Preflight
ripple.app.EscrowToken MPT Create Preclaim
ripple.app.EscrowToken MPT Finish Preclaim
ripple.app.EscrowToken MPT Finish Do Apply
ripple.app.EscrowToken MPT Cancel Preclaim
ripple.app.EscrowToken MPT Balances
ripple.app.EscrowToken MPT Metadata to self
ripple.app.EscrowToken MPT Metadata to other
ripple.app.EscrowToken MPT Gateway Balances
ripple.app.EscrowToken MPT Locked Rate
ripple.app.EscrowToken MPT Require Auth
ripple.app.EscrowToken MPT Lock
ripple.app.EscrowToken MPT Can Transfer
ripple.app.EscrowToken MPT Destroy
ripple.app.EscrowToken IOU Enablement
ripple.app.EscrowToken IOU Allow Locking Flag
ripple.app.EscrowToken IOU Create Preflight
ripple.app.EscrowToken IOU Create Preclaim
ripple.app.EscrowToken IOU Finish Preclaim
ripple.app.EscrowToken IOU Finish Do Apply
ripple.app.EscrowToken IOU Cancel Preclaim
ripple.app.EscrowToken IOU Balances
ripple.app.EscrowToken IOU Metadata to self
ripple.app.EscrowToken IOU Metadata to other
ripple.app.EscrowToken IOU Metadata to issuer
ripple.app.EscrowToken IOU RippleState
ripple.app.EscrowToken IOU Gateway
ripple.app.EscrowToken IOU Locked Rate
ripple.app.EscrowToken IOU Limit
ripple.app.EscrowToken IOU Require Auth
ripple.app.EscrowToken IOU Freeze
ripple.app.EscrowToken IOU Insuficient Funds
ripple.app.EscrowToken IOU Precision Loss
ripple.app.EscrowToken MPT Enablement
ripple.app.EscrowToken MPT Create Preflight
ripple.app.EscrowToken MPT Create Preclaim
ripple.app.EscrowToken MPT Finish Preclaim
ripple.app.EscrowToken MPT Finish Do Apply
ripple.app.EscrowToken MPT Cancel Preclaim
ripple.app.EscrowToken MPT Balances
ripple.app.EscrowToken MPT Metadata to self
ripple.app.EscrowToken MPT Metadata to other
ripple.app.EscrowToken MPT Gateway Balances
ripple.app.EscrowToken MPT Locked Rate
ripple.app.EscrowToken MPT Require Auth
ripple.app.EscrowToken MPT Lock
ripple.app.EscrowToken MPT Can Transfer
ripple.app.EscrowToken MPT Destroy
ripple.app.EscrowToken MPT Enablement
ripple.app.EscrowToken MPT Create Preflight
ripple.app.EscrowToken MPT Create Preclaim
ripple.app.EscrowToken MPT Finish Preclaim
ripple.app.EscrowToken MPT Finish Do Apply
ripple.app.EscrowToken MPT Cancel Preclaim
ripple.app.EscrowToken MPT Balances
ripple.app.EscrowToken MPT Metadata to self
ripple.app.EscrowToken MPT Metadata to other
ripple.app.EscrowToken MPT Gateway Balances
ripple.app.EscrowToken MPT Locked Rate
ripple.app.EscrowToken MPT Require Auth
ripple.app.EscrowToken MPT Lock
ripple.app.EscrowToken MPT Can Transfer
ripple.app.EscrowToken MPT Destroy
ripple.app.EscrowToken had 0 failures.
ripple.app.Invariants XRP created
ripple.app.Invariants account root removed
ripple.app.Invariants account root deletion left artifact
ripple.app.Invariants ledger entry types don't match
ripple.app.Invariants trust lines with XRP not allowed
ripple.app.Invariants trust lines with deep freeze flag without freeze not allowed
ripple.app.Invariants transfers when frozen
ripple.app.Invariants XRP balance checks
ripple.app.Invariants Transaction fee checks
ripple.app.Invariants no bad offers
ripple.app.Invariants no zero escrow
ripple.app.Invariants valid new account root
ripple.app.Invariants NFTokenPage
ripple.app.Invariants PermissionedDomain fix
ripple.app.Invariants PermissionedDomain 2
ripple.app.Invariants PermissionedDomain 3
ripple.app.Invariants PermissionedDomain 4
ripple.app.Invariants PermissionedDomain Set 1
ripple.app.Invariants PermissionedDomain Set 2
ripple.app.Invariants PermissionedDomain Set 3
ripple.app.Invariants PermissionedDomain Set 4
ripple.app.Invariants PermissionedDomain set 2 domains
ripple.app.Invariants PermissionedDomain del 2 domains
ripple.app.Invariants PermissionedDomain set 0 domains
ripple.app.Invariants PermissionedDomain del 0 domains
ripple.app.Invariants PermissionedDomain set, delete domain
ripple.app.Invariants PermissionedDomain del, create domain
ripple.app.Invariants PermissionedDomain invalid tx
ripple.app.Invariants PermissionedDomain
ripple.app.Invariants PermissionedDomain 2
ripple.app.Invariants PermissionedDomain 3
ripple.app.Invariants PermissionedDomain 4
ripple.app.Invariants PermissionedDomain Set 1
ripple.app.Invariants PermissionedDomain Set 2
ripple.app.Invariants PermissionedDomain Set 3
ripple.app.Invariants PermissionedDomain Set 4
ripple.app.Invariants PermissionedDomain set 2 domains
ripple.app.Invariants PermissionedDomain del 2 domains
ripple.app.Invariants PermissionedDomain set 0 domains
ripple.app.Invariants PermissionedDomain del 0 domains
ripple.app.Invariants PermissionedDomain set, delete domain
ripple.app.Invariants PermissionedDomain del, create domain
ripple.app.Invariants PermissionedDomain invalid tx
ripple.app.Invariants PermissionedDEX fix
ripple.app.Invariants PermissionedDEX
ripple.app.Invariants no modified unmodifiable fields
ripple.app.Invariants valid pseudo accounts
ripple.app.Invariants valid loan broker
ripple.app.Invariants Vault general checks
ripple.app.Invariants Vault create
ripple.app.Invariants Vault deposit
ripple.app.Invariants Vault withdrawal
ripple.app.Invariants Vault clawback
ripple.app.Invariants overwrite: NoXRPTrustLines fix
ripple.app.Invariants overwrite: NoDeepFreeze fix
ripple.app.Invariants overwrite: NoZeroEscrow MPT fix
ripple.app.Invariants overwrite: NoXRPTrustLines
ripple.app.Invariants overwrite: NoDeepFreeze
ripple.app.Invariants overwrite: NoZeroEscrow MPT
ripple.app.Invariants vault computeCoarsestScale: No values
ripple.app.Invariants vault computeCoarsestScale: Mixed integer and Number values
ripple.app.Invariants vault computeCoarsestScale: Mixed scales
ripple.app.Invariants vault computeCoarsestScale: Equal scales
ripple.app.Invariants vault computeCoarsestScale: Mixed mantissa sizes
ripple.app.Invariants vault computeCoarsestScale: False equivalence
ripple.app.Invariants had 0 failures.
ripple.app.PermissionedDomains Enabled
ripple.app.PermissionedDomains Enabled
ripple.app.PermissionedDomains Credentials disabled
ripple.app.PermissionedDomains Disabled
ripple.app.PermissionedDomains Set
ripple.app.PermissionedDomains Set
ripple.app.PermissionedDomains Delete
ripple.app.PermissionedDomains Delete
ripple.app.PermissionedDomains Account Reserve
ripple.app.PermissionedDomains Account Reserve
ripple.app.PermissionedDomains had 0 failures.
ripple.rpc.AccountObjects error cases
ripple.rpc.AccountObjects unsteppedThenStepped
ripple.rpc.AccountObjects unsteppedThenSteppedWithNFTs
ripple.rpc.AccountObjects object types
ripple.rpc.AccountObjects NFTsMarker
ripple.rpc.AccountObjects account_nfts
ripple.rpc.AccountObjects AccountObjectMarker
ripple.rpc.AccountObjects had 0 failures.
ripple.rpc.AccountTx Parameters APIv1
ripple.rpc.AccountTx Parameters APIv2
ripple.rpc.AccountTx Parameters APIv3
ripple.rpc.AccountTx Contents
ripple.rpc.AccountTx AccountDelete
ripple.rpc.AccountTx MPT
ripple.rpc.AccountTx had 0 failures.
ripple.rpc.DepositAuthorized Valid
ripple.rpc.DepositAuthorized Errors
ripple.rpc.DepositAuthorized Credentials
ripple.rpc.DepositAuthorized deposit_authorized with credentials failure: empty array.
ripple.rpc.DepositAuthorized deposit_authorized with credentials failure: not a string credentials
ripple.rpc.DepositAuthorized deposit_authorized with credentials failure: not a hex string credentials
ripple.rpc.DepositAuthorized deposit_authorized with credentials failure: not a credential index
ripple.rpc.DepositAuthorized deposit_authorized with credentials not authorized: credential not accepted
ripple.rpc.DepositAuthorized deposit_authorized with duplicates in credentials
ripple.rpc.DepositAuthorized deposit_authorized too long credentials
ripple.rpc.DepositAuthorized deposit_authorized with credentials
ripple.rpc.DepositAuthorized deposit_authorized account without preauth
ripple.rpc.DepositAuthorized deposit_authorized with expired credentials
ripple.rpc.DepositAuthorized had 0 failures.
ripple.rpc.OwnerInfo Bad input to owner_info
ripple.rpc.OwnerInfo Basic request for owner_info
ripple.rpc.OwnerInfo had 0 failures.
Longest suite times:
   28.6s ripple.app.EscrowToken
   23.4s ripple.app.Invariants
   14.7s ripple.app.MPToken
   11.0s ripple.app.AccountDelete
    7.5s ripple.app.Escrow
    4.9s ripple.app.Credentials
    3.0s ripple.app.DepositAuth
    2.2s ripple.app.DepositPreauth
    2.0s ripple.app.PermissionedDomains
    1.6s ripple.rpc.AccountObjects
101.7s, 15 suites, 381 cases, 48135 tests total, 0 failures
