4539bb074 chore: Consolidate fix amendments (#104)
dde7ca9f2 fix: Use transaction sequence numbers in permissioned domains (#98)
dc707b9f3 feat: Enable and rename fixSecurity3_1_3 amendment (#90)
5aa3d5e23 refactor: Remove erroneous base_uint ctor from container (#46)
2794a7503 fix: Prevents overwritting a bool value in an invariant (#6609) (#6961)
5ad05918f fix: Check for empty `sfAdditionalBooks` array in hybrid offer invariant (#6716) (#6945)
519d9057a fix: Improve invariant check for Permissioned Domains (#6134) (#6958)
08d8e440c Stop tx processing if failed to delete expired credentials (#6715)
7e7dc3070 fix: Add rounding to Vault invariants (#6217) (#6957)
c979643d0 fix: Add assorted Lending Protocol fixes (#6678)
415e3d8ca fix: Assorted Permissioned Domain fixes (#6587)
351907457 refactor: Update PermissionedDomainDelete to use keylet for sle access (#6063)
b46a9818e fix: account_tx limit parameter validation for malformed values (#5891)
11bab0661 fix: Enforce aggregate MaximumAmount in multi-send MPT (#6644)
a92483e07 fix: Improve loan invariant message (#6668)
1ead5a7ac Expand Number to support full integer range (#6192)
418ce6830 VaultClawback: Burn shares of an empty vault (#6120)
138d6e751 Implement Lending Protocol (unsupported) (#5270)
4425f84c1 Remove directory size limit (#5935)
8951419db fix: invariant error in fee-sized `VaultWithdraw` (#5876)
224b05512 chore: remove unnecessary LCOV_EXCL_LINE (#5913)
b444457c1 chore: Exclude code/unreachable transaction code from Codecov (#5847)
220ab2622 Add vault invariants (#5518)
5b2ab905c chore: exclude all `UNREACHABLE` blocks from codecov (#5846)
d67dcfe3c refactor: Restructure Transactor::preflight to reduce boilerplate (#5592)
3cbdf818a Miscellaneous refactors and updates (#5590)
dc8b37a52 refactor: Modularise ledger (#5493)
510314d34 fix(amendment): Add missing fields for keylets to ledger objects (#5646)
37b951859 Rename mutable flags (#5797)
ccb9f1e42 Support DynamicMPT XLS-94d (#5705)
37c377a1b Fix: EscrowTokenV1 (#5571)
cf5f65b68 Add `Scale` to SingleAssetVault (#5652)
b7ed99426 fix: Make test suite names match the directory name (#5597)
e7a7bb83c VaultWithdraw destination account bugfix (#5572)
80d82c5b2 Add support for `DomainID` in `MPTokenIssuance` transactions (#5509)
c233df720 refactor: Makes HashRouter flags more type-safe (#5371)
8bfaa7fe0 test: Run unit tests regardless of 'Supported' amendment status (#5537)
b8626ea3c Add MPT related txns into issuer's account history  (#5530)
9874d47d7 Decouple CredentialHelpers from xrpld/app/tx (#5487)
58c2c82a3 fix: Amendment-guard `TokenEscrow` preclaim and expand tests (#5473)
053e1af7f Add support for XLS-85 Token Escrow (#5185)
621df422a fix: Add AMMv1_3 amendment (#5203)
0a34b5c69 Add support for XLS-81 Permissioned DEX (#5404)
2a61aee56 Add Batch feature (XLS-56) (#5060)
e514de76e Add single asset vault (XLS-65d) (#5224)
3e152fec7 refactor: use east const convention (#5409)
2db279180 Add PermissionDelegation feature (#5354)
cba512068 refactor: Clean up test logging to make it easier to search (#5396)
a574ec602 fix: `fixPayChanV1` (#4717)
2bc5cb240 test: enable unit tests to work with variable reference fee (#5145)
c17676a9b refactor: Improve ordering of headers with clang-format (#5343)
2406b28e6 refactor: Remove unused and add missing includes (#5293)
43e1d4440 fix: Switch Permissioned Domain to Supported::yes (#5287)
fa5a85439 fix: Amendment to add transaction flag checking functionality for Credentials (#5250)
0968cdf34 fix: Do not allow creating Permissioned Domains if credentials are not enabled (#5275)
33e1c4259 Add deep freeze feature (XLS-77d) (#5187)
50b8f19cb Fix CI unit tests (#5196)
3868c04e9 Switch from assert to XRPL_ASSERT (#5245)
ccc088980 Permissioned Domains (XLS-80d) (#5161)
5cd72f243 Add MPTIssue to STIssue (#5200)
eabca8439 Antithesis instrumentation improvements (#5213)
ea1fffeeb Enforce levelization in libxrpl with CMake (#5111)
d7e949193 Add Antithesis intrumentation (#5042)
8e827e32a Introduce Credentials support (XLS-70d): (#5103)
c5c0e70e2 Fix token comparison in Payment (#5172)
d57cced17 Fix unity build (#5179)
54a350be7 Add AMMClawback Transaction (XLS-0073d) (#5142)
d4a5f8390 fix: reject invalid markers in account_objects RPC calls (#5046)
23c37fa50 Introduce MPT support (XLS-33d): (#5143)
c19a88fee Address rare corruption of NFTokenPage linked list (#4945)
8b181ed81 Merge branch 'master' into develop
d54151e7c Disallow filtering account_objects by unsupported types (#5056)
20707fac4 chore: Rename two files from Directory* to Dir*: (#5058)
eba5d1937 Improve error handling in some RPC commands
a17ccca61 Invariant: prevent a deleted account from leaving (most) artifacts on the ledger. (#4663)
e1534a320 fix "account_nfts" with unassociated marker returning issue (#5045)
1d23148e6 Rewrite includes (#4997)
e416ee72c Rearrange sources (#4997)
3f5e3212f chore: remove repeat words (#5041)
6edf03c15 Write improved `forAllApiVersions` used in NetworkOPs (#4833)
ea9b1e350 `fixEmptyDID`: fix amendment to handle empty DID edge case: (#4950)
ac27089c6 Promote API version 2 to supported (#4803)
32ced493d Unify JSON serialization format of transactions (#4775)
397268394 APIv2(DeliverMax): add alias for Amount in Payment transactions (#4733)
b421945e7 `DID`: Decentralized identifiers (DIDs) (XLS-40): (#4636)
649c11a78 `XChainBridge`: Introduce sidechain support (XLS-38): (#4292)
7fae1c126 APIv2(account_tx, noripple_check): return error on invalid input (#4620)
b014b79d8 amm_info: fetch by amm account id; add AMM object entry (#4682)
5d88b726c test: add forAllApiVersions helper function (#4611)
58f7aecb0 fix(AMM): prevent orphaned objects, inconsistent ledger state: (#4626)
3c9db4b69 Introduce AMM support (XLS-30d): (#4294)
d34e8be31 APIv2: add error messages for account_tx (#4571)
78076a690 fix!: Prevent API from accepting seed or public key for account (#4404)
f191c911d Add NFTokenPages to account_objects RPC: (#4352)
e4b17d1cf `XRPFees`: Fee setting and handling improvements (#4247)
0362e935a Reduce default reserves to 10/2 (#4329)
8d59c7dd4 Redistribute unit test priorities based on current measurements
10e4608ce Improve unit test coverage of AccountDelete transactor
ff3d2e7c2 Use jtx::offer_cancel more places:
2eb1c6a39 Enable testing beta RPC API version with config
44fe0e1fc Add support for the 'TicketBatch' amendment:
f07246940 Simplify & modernize code:
17abca1ca Use macros to instantiate most SField instances:
801b1580f Improve handling of RPC ledger_index argument:
7724cca38 Implement enhanced Ticket support:
1067086f7 Consolidate "Not Synced" error messages:
2d23e7bd1 Use std::size in place of std::extent
894d3463c Extend unit testing of account_tx with deleted account:
74f9edef0 Prefer keylets instead of naked hashes:
50760c693 Format first-party source according to .clang-format
3d3b6d85c Remove conditionals for fix1523 enabled 14Nov2017
c8282795e Remove conditionals for featureEscrow enabled 31Mar2017
906b9ae00 Don't use `set` in AccountObjects test:
a3a9dc26b Introduce support for deletable accounts:
7e7664c29 Add deletion_blockers_only param to account_objects RPC command
e33ac1d45 Add PayChan to recipient's owner directory
a9a4e2c8f Add Destination to Check threading
b9e73b485 Fix shadowing variables
28b942b18 Enhance AccountTx unit test
f8365f500 Add JsonOptions enum class to contain options passed to getJSON methods
b39b0fef3 Get names of transactions and ledger types from jss
64b55c0f8 Rename JsonFields.h to jss.h:
d3258c7f1 deposit_authorized gives error if source not in ledger (#2640)
f658656b8 Mark some single-argument constructors explicit
7c785d0d7 Add missing override keyword:
008ff67ac Add DepositPreauth ledger type and transaction (RIPD-1624):
118c25c0f Compile time check preflight returns no tec (RIPD-1624):
04f138886 Remove extra semicolons:
deb9e4ce3 Remove BeastConfig.h (RIPD-1167)
8d9dffcf8 Clarify Escrow semantics (RIPD-1571):
da43775d1 Unit test that NoRipple and DepositAuth are orthogonal
88570df13 Allow account_objects RPC to filter by "check" (RIPD-1589):
cc0ce7163 PayChan and Escrow should ignore DisallowXRP (RIPD-1462)
259394029 Support for lsfDepositAuth (RIPD-1487):
83dc45db6 Default account_tx RPC to validated ledger range (RIPD-1544)
cd1924693 Enable batch rpc processing
e8d02c133 Refactor FeatureBitset:
3523cee63 Minimize use of jtx::with_only_features (RIPD-1515):
feb7582ac Unit tests don't enable Tickets or SHAMapV2 by default:
c7c1b3cc3 Track escrow in recipient's owner directory (RIPD-1523):
463b154e3 Improve directory insertion & deletion (RIPD-1353, RIPD-1488):
1daefeb59 Add unit test for owner_info (RIPD-1416)
56946e812 Change features default behavior in Env (RIPD-1460):
cfde591ac Add Escrow support:
fb60cc9b5 Cleanup unit test support code (RIPD-1380):
b6a01ea41 Move support test code to src/test/support (RIPD-1313)
8f9788917 Don't include unit test sources in code coverage (RIPD-1132):
