ripple.app.AccountDelete Basics
ripple.app.AccountDelete Directories
ripple.app.AccountDelete Owned types
ripple.app.AccountDelete Resurrection
ripple.app.AccountDelete Amendment enable
ripple.app.AccountDelete Too many offers
ripple.app.AccountDelete Implicitly created trust line
ripple.app.AccountDelete Balance too small for fee
ripple.app.AccountDelete With Tickets
ripple.app.AccountDelete Destination Constraints
ripple.app.AccountDelete Destination Constraints with DepositPreauth and Credentials
ripple.app.AccountDelete Credentials that aren't required
ripple.app.AccountDelete Expired credentials
ripple.app.AccountDelete Credentials feature disabled
ripple.app.AccountDelete Deleting Issuer deletes issued credentials
ripple.app.AccountDelete Deleting Subject deletes issued credentials
ripple.app.AccountDelete had 0 failures.
ripple.app.Credentials Create for subject.
ripple.app.Credentials Create for themself.
ripple.app.Credentials Delete issuer before accept
ripple.app.Credentials Delete issuer after accept
ripple.app.Credentials Delete subject before accept
ripple.app.Credentials Delete subject after accept
ripple.app.Credentials Delete by other
ripple.app.Credentials Delete by subject
ripple.app.Credentials Delete by issuer
ripple.app.Credentials Credentials fail, no subject param.
ripple.app.Credentials Credentials fail, no credentialType param.
ripple.app.Credentials Credentials fail, empty credentialType param.
ripple.app.Credentials Credentials fail, credentialType length > maxCredentialTypeLength.
ripple.app.Credentials Credentials fail, URI length > 256.
ripple.app.Credentials Credentials fail, URI empty.
ripple.app.Credentials Credentials fail, expiration in the past.
ripple.app.Credentials Credentials fail, invalid fee.
ripple.app.Credentials Credentials fail, duplicate.
ripple.app.Credentials Credentials fail, directory full
ripple.app.Credentials Credentials fail, subject doesn't exist.
ripple.app.Credentials Credentials fail, not enough reserve.
ripple.app.Credentials Credentials fail, no subject param.
ripple.app.Credentials Credentials fail, no credentialType param.
ripple.app.Credentials Credentials fail, empty credentialType param.
ripple.app.Credentials Credentials fail, credentialType length > maxCredentialTypeLength.
ripple.app.Credentials Credentials fail, URI length > 256.
ripple.app.Credentials Credentials fail, URI empty.
ripple.app.Credentials Credentials fail, expiration in the past.
ripple.app.Credentials Credentials fail, invalid fee.
ripple.app.Credentials Credentials fail, duplicate.
ripple.app.Credentials Credentials fail, directory full
ripple.app.Credentials Credentials fail, subject doesn't exist.
ripple.app.Credentials Credentials fail, not enough reserve.
ripple.app.Credentials CredentialsAccept fail, Credential doesn't exist.
ripple.app.Credentials CredentialsAccept fail, invalid Issuer account.
ripple.app.Credentials CredentialsAccept fail, invalid credentialType param.
ripple.app.Credentials CredentialsAccept fail, not enough reserve.
ripple.app.Credentials CredentialsAccept fail, invalid fee.
ripple.app.Credentials CredentialsAccept fail, lsfAccepted already set.
ripple.app.Credentials CredentialsAccept fail, expired credentials.
ripple.app.Credentials CredentialsAccept fail, issuer doesn't exist.
ripple.app.Credentials CredentialsDelete fail, no Credentials.
ripple.app.Credentials CredentialsDelete fail, invalid Subject account.
ripple.app.Credentials CredentialsDelete fail, invalid Issuer account.
ripple.app.Credentials CredentialsDelete fail, invalid credentialType param.
ripple.app.Credentials CredentialsDelete fail, time not expired yet.
ripple.app.Credentials CredentialsDelete fail, no Issuer and Subject.
ripple.app.Credentials CredentialsDelete fail, invalid fee.
ripple.app.Credentials deleteSLE fail, bad SLE.
ripple.app.Credentials Credentials fail, Feature is not enabled.
ripple.app.Credentials Test flag, fix disabled
ripple.app.Credentials Test flag, fix enabled
ripple.app.Credentials account_tx
ripple.app.Credentials account_objects
ripple.app.Credentials removeExpired ignores deleteSLE failure  before fix
ripple.app.Credentials removeExpired ignores deleteSLE failure  after fix
ripple.app.Credentials had 0 failures.
ripple.app.DID featureDID Enabled
ripple.app.DID DID Account Reserve
ripple.app.DID Invalid DIDSet
ripple.app.DID Invalid DIDDelete
ripple.app.DID Modify DID with DIDSet
ripple.app.DID featureDID Enabled
ripple.app.DID DID Account Reserve
ripple.app.DID Invalid DIDSet
ripple.app.DID Invalid DIDDelete
ripple.app.DID Modify DID with DIDSet
ripple.app.DID had 0 failures.
ripple.app.Invariants XRP created
ripple.app.Invariants account root removed
ripple.app.Invariants account root deletion left artifact
ripple.app.Invariants ledger entry types don't match
ripple.app.Invariants trust lines with XRP not allowed
ripple.app.Invariants trust lines with deep freeze flag without freeze not allowed
ripple.app.Invariants transfers when frozen
ripple.app.Invariants XRP balance checks
ripple.app.Invariants Transaction fee checks
ripple.app.Invariants no bad offers
ripple.app.Invariants no zero escrow
ripple.app.Invariants valid new account root
ripple.app.Invariants NFTokenPage
ripple.app.Invariants PermissionedDomain fix
ripple.app.Invariants PermissionedDomain 2
ripple.app.Invariants PermissionedDomain 3
ripple.app.Invariants PermissionedDomain 4
ripple.app.Invariants PermissionedDomain Set 1
ripple.app.Invariants PermissionedDomain Set 2
ripple.app.Invariants PermissionedDomain Set 3
ripple.app.Invariants PermissionedDomain Set 4
ripple.app.Invariants PermissionedDomain set 2 domains
ripple.app.Invariants PermissionedDomain del 2 domains
ripple.app.Invariants PermissionedDomain set 0 domains
ripple.app.Invariants PermissionedDomain del 0 domains
ripple.app.Invariants PermissionedDomain set, delete domain
ripple.app.Invariants PermissionedDomain del, create domain
ripple.app.Invariants PermissionedDomain invalid tx
ripple.app.Invariants PermissionedDomain
ripple.app.Invariants PermissionedDomain 2
ripple.app.Invariants PermissionedDomain 3
ripple.app.Invariants PermissionedDomain 4
ripple.app.Invariants PermissionedDomain Set 1
ripple.app.Invariants PermissionedDomain Set 2
ripple.app.Invariants PermissionedDomain Set 3
ripple.app.Invariants PermissionedDomain Set 4
ripple.app.Invariants PermissionedDomain set 2 domains
ripple.app.Invariants PermissionedDomain del 2 domains
ripple.app.Invariants PermissionedDomain set 0 domains
ripple.app.Invariants PermissionedDomain del 0 domains
ripple.app.Invariants PermissionedDomain set, delete domain
ripple.app.Invariants PermissionedDomain del, create domain
ripple.app.Invariants PermissionedDomain invalid tx
ripple.app.Invariants PermissionedDEX fix
ripple.app.Invariants PermissionedDEX
ripple.app.Invariants no modified unmodifiable fields
ripple.app.Invariants valid pseudo accounts
ripple.app.Invariants valid loan broker
ripple.app.Invariants Vault general checks
ripple.app.Invariants Vault create
ripple.app.Invariants Vault deposit
ripple.app.Invariants Vault withdrawal
ripple.app.Invariants Vault clawback
ripple.app.Invariants overwrite: NoXRPTrustLines fix
ripple.app.Invariants overwrite: NoDeepFreeze fix
ripple.app.Invariants overwrite: NoZeroEscrow MPT fix
ripple.app.Invariants overwrite: NoXRPTrustLines
ripple.app.Invariants overwrite: NoDeepFreeze
ripple.app.Invariants overwrite: NoZeroEscrow MPT
ripple.app.Invariants vault computeCoarsestScale: No values
ripple.app.Invariants vault computeCoarsestScale: Mixed integer and Number values
ripple.app.Invariants vault computeCoarsestScale: Mixed scales
ripple.app.Invariants vault computeCoarsestScale: Equal scales
ripple.app.Invariants vault computeCoarsestScale: Mixed mantissa sizes
ripple.app.Invariants vault computeCoarsestScale: False equivalence
ripple.app.Invariants had 0 failures.
Longest suite times:
   23.3s ripple.app.Invariants
   11.0s ripple.app.AccountDelete
    5.6s ripple.app.Credentials
    1.1s ripple.app.DID
41.1s, 4 suites, 147 cases, 16656 tests total, 0 failures
