src/test/app/Invariants_test.cpp:244:        // An account was deleted, but not by an AccountDelete transaction.
src/test/app/Invariants_test.cpp:256:                ac.view().erase(sle);
src/test/app/Invariants_test.cpp:260:        // Successful AccountDelete transaction that didn't delete an account.
src/test/app/Invariants_test.cpp:274:        // Successful AccountDelete that deleted more than one account.
src/test/app/Invariants_test.cpp:288:                ac.view().erase(sleA1);
src/test/app/Invariants_test.cpp:289:                ac.view().erase(sleA2);
src/test/app/Invariants_test.cpp:313:                ac.view().erase(sleA1);
src/test/app/Invariants_test.cpp:332:                BEAST_EXPECT(sleA1->at(sfOwnerCount) == 0);
src/test/app/Invariants_test.cpp:333:                adjustOwnerCount(ac.view(), sleA1, 1, ac.journal);
src/test/app/Invariants_test.cpp:335:                ac.view().erase(sleA1);
src/test/app/Invariants_test.cpp:368:                    ac.view().insert(newSLE);
src/test/app/Invariants_test.cpp:373:                    ac.view().erase(sleA1);
src/test/app/Invariants_test.cpp:393:                sle->at(sfOwnerCount) = 0;
src/test/app/Invariants_test.cpp:394:                ac.view().erase(sle);
src/test/app/Invariants_test.cpp:428:                sle->at(sfOwnerCount) = 0;
src/test/app/Invariants_test.cpp:429:                ac.view().erase(sle);
src/test/app/Invariants_test.cpp:483:                auto const ownerDirKeylet = keylet::ownerDir(ammAcctID);
src/test/app/Invariants_test.cpp:485:                BEAST_EXPECT(ac.view().dirRemove(
src/test/app/Invariants_test.cpp:486:                    ownerDirKeylet, ammSle->at(sfOwnerNode), ammKey, false));
src/test/app/Invariants_test.cpp:488:                    !ac.view().exists(ownerDirKeylet) ||
src/test/app/Invariants_test.cpp:489:                    ac.view().emptyDirDelete(ownerDirKeylet));
src/test/app/Invariants_test.cpp:495:                sle->at(sfOwnerCount) = 0;
src/test/app/Invariants_test.cpp:496:                ac.view().erase(sle);
src/test/app/Invariants_test.cpp:549:                ac.view().insert(sleNew);
src/test/app/Invariants_test.cpp:565:                ac.view().insert(sleNew);
src/test/app/Invariants_test.cpp:588:                ac.view().insert(sleNew);
src/test/app/Invariants_test.cpp:603:                ac.view().insert(sleNew);
src/test/app/Invariants_test.cpp:618:                ac.view().insert(sleNew);
src/test/app/Invariants_test.cpp:633:                ac.view().insert(sleNew);
src/test/app/Invariants_test.cpp:648:                ac.view().insert(sleNew);
src/test/app/Invariants_test.cpp:845:                ac.view().insert(sleNew);
src/test/app/Invariants_test.cpp:862:                ac.view().insert(sleNew);
src/test/app/Invariants_test.cpp:879:                ac.view().insert(sleNew);
src/test/app/Invariants_test.cpp:901:                ac.view().insert(sleNew);
src/test/app/Invariants_test.cpp:918:                ac.view().insert(sleNew);
src/test/app/Invariants_test.cpp:937:                ac.view().insert(sleNew);
src/test/app/Invariants_test.cpp:955:                ac.view().insert(sleNew);
src/test/app/Invariants_test.cpp:974:                ac.view().insert(sleNew);
src/test/app/Invariants_test.cpp:992:                ac.view().insert(sleNew);
src/test/app/Invariants_test.cpp:1010:                ac.view().insert(sleNew);
src/test/app/Invariants_test.cpp:1029:                ac.view().insert(sleNew);
src/test/app/Invariants_test.cpp:1047:                ac.view().insert(sleNew);
src/test/app/Invariants_test.cpp:1065:                ac.view().insert(sleNew);
src/test/app/Invariants_test.cpp:1084:                ac.view().insert(sleNew);
src/test/app/Invariants_test.cpp:1096:                    ac.view().insert(sleA3);
src/test/app/Invariants_test.cpp:1102:                    ac.view().insert(sleA4);
src/test/app/Invariants_test.cpp:1115:                ac.view().insert(sleNew);
src/test/app/Invariants_test.cpp:1132:                ac.view().insert(sleNew);
src/test/app/Invariants_test.cpp:1149:                ac.view().insert(sleNew);
src/test/app/Invariants_test.cpp:1165:                ac.view().insert(sleNew);
src/test/app/Invariants_test.cpp:1183:                ac.view().insert(sleNew);
src/test/app/Invariants_test.cpp:1225:                ac.view().insert(nftPage);
src/test/app/Invariants_test.cpp:1236:                ac.view().insert(nftPage);
src/test/app/Invariants_test.cpp:1250:                ac.view().insert(nftPage);
src/test/app/Invariants_test.cpp:1264:                ac.view().insert(nftPage);
src/test/app/Invariants_test.cpp:1277:                ac.view().insert(nftPage);
src/test/app/Invariants_test.cpp:1290:                ac.view().insert(nftPage);
src/test/app/Invariants_test.cpp:1302:                ac.view().insert(nftPage);
src/test/app/Invariants_test.cpp:1318:                ac.view().insert(nftPage);
src/test/app/Invariants_test.cpp:1332:                ac.view().insert(nftPage);
src/test/app/Invariants_test.cpp:1355:            STArray credentials(sfAcceptedCredentials, numCreds);
src/test/app/Invariants_test.cpp:1358:                auto cred = STObject::makeInnerObject(sfCredential);
src/test/app/Invariants_test.cpp:1362:                    sfCredentialType, Slice(credType.c_str(), credType.size()));
src/test/app/Invariants_test.cpp:1365:            sle->setFieldArray(sfAcceptedCredentials, credentials);
src/test/app/Invariants_test.cpp:1368:        ac.view().insert(sle);
src/test/app/Invariants_test.cpp:1398:        auto constexpr tooBig = maxPermissionedDomainCredentialsArraySize + 1;
src/test/app/Invariants_test.cpp:1417:                STArray credentials(sfAcceptedCredentials, 2);
src/test/app/Invariants_test.cpp:1420:                    auto cred = STObject::makeInnerObject(sfCredential);
src/test/app/Invariants_test.cpp:1425:                        sfCredentialType,
src/test/app/Invariants_test.cpp:1429:                slePd->setFieldArray(sfAcceptedCredentials, credentials);
src/test/app/Invariants_test.cpp:1444:                STArray credentials(sfAcceptedCredentials, 2);
src/test/app/Invariants_test.cpp:1447:                    auto cred = STObject::makeInnerObject(sfCredential);
src/test/app/Invariants_test.cpp:1449:                    cred.setFieldVL(sfCredentialType, Slice("cred_type", 9));
src/test/app/Invariants_test.cpp:1452:                slePd->setFieldArray(sfAcceptedCredentials, credentials);
src/test/app/Invariants_test.cpp:1470:                    STArray credentials(sfAcceptedCredentials, 2);
src/test/app/Invariants_test.cpp:1471:                    slePd->setFieldArray(sfAcceptedCredentials, credentials);
src/test/app/Invariants_test.cpp:1492:                    STArray credentials(sfAcceptedCredentials, tooBig);
src/test/app/Invariants_test.cpp:1496:                        auto cred = STObject::makeInnerObject(sfCredential);
src/test/app/Invariants_test.cpp:1500:                            sfCredentialType,
src/test/app/Invariants_test.cpp:1505:                    slePd->setFieldArray(sfAcceptedCredentials, credentials);
src/test/app/Invariants_test.cpp:1525:                    STArray credentials(sfAcceptedCredentials, 2);
src/test/app/Invariants_test.cpp:1528:                        auto cred = STObject::makeInnerObject(sfCredential);
src/test/app/Invariants_test.cpp:1533:                            sfCredentialType,
src/test/app/Invariants_test.cpp:1538:                    slePd->setFieldArray(sfAcceptedCredentials, credentials);
src/test/app/Invariants_test.cpp:1558:                    STArray credentials(sfAcceptedCredentials, 2);
src/test/app/Invariants_test.cpp:1561:                        auto cred = STObject::makeInnerObject(sfCredential);
src/test/app/Invariants_test.cpp:1564:                            sfCredentialType, Slice("cred_type", 9));
src/test/app/Invariants_test.cpp:1567:                    slePd->setFieldArray(sfAcceptedCredentials, credentials);
src/test/app/Invariants_test.cpp:1629:                    ac.view().erase(sle1);
src/test/app/Invariants_test.cpp:1630:                    ac.view().erase(sle2);
src/test/app/Invariants_test.cpp:1701:                    ac.view().erase(sle1);
src/test/app/Invariants_test.cpp:1868:        pdomain::Credentials credentials;
src/test/app/Invariants_test.cpp:1903:                ac.view().insert(sleOffer);
src/test/app/Invariants_test.cpp:1936:                ac.view().insert(sleOffer);
src/test/app/Invariants_test.cpp:1974:                    ac.view().insert(sleOffer);
src/test/app/Invariants_test.cpp:2011:                    ac.view().insert(sleOffer);
src/test/app/Invariants_test.cpp:2045:                    ac.view().insert(sleOffer);
src/test/app/Invariants_test.cpp:2079:                    ac.view().insert(sleOffer);
src/test/app/Invariants_test.cpp:2116:                    ac.view().insert(sleOffer);
src/test/app/Invariants_test.cpp:2312:                if (!BEAST_EXPECT(sleBroker->at(sfOwnerCount) == 0))
src/test/app/Invariants_test.cpp:2328:                auto const dirKeylet = keylet::ownerDir(pseudoAccountID);
src/test/app/Invariants_test.cpp:2727:                ac.view().erase(sleVault);
src/test/app/Invariants_test.cpp:2766:                auto const vaultPage = ac.view().dirInsert(
src/test/app/Invariants_test.cpp:2767:                    keylet::ownerDir(A1.id()),
src/test/app/Invariants_test.cpp:2771:                ac.view().insert(sleVault);
src/test/app/Invariants_test.cpp:2785:                ac.view().erase(sleVault);
src/test/app/Invariants_test.cpp:2806:                    ac.view().erase(sleVault);
src/test/app/Invariants_test.cpp:2813:                    ac.view().erase(sleVault);
src/test/app/Invariants_test.cpp:2842:                    auto const vaultPage = ac.view().dirInsert(
src/test/app/Invariants_test.cpp:2843:                        keylet::ownerDir(A.id()),
src/test/app/Invariants_test.cpp:2847:                    ac.view().insert(sleVault);
src/test/app/Invariants_test.cpp:2864:                ac.view().erase(sleVault);
src/test/app/Invariants_test.cpp:2890:                ac.view().erase(sleVault);
src/test/app/Invariants_test.cpp:2891:                ac.view().erase(sleShares);
src/test/app/Invariants_test.cpp:3019:                ac.view().erase(sleShares);
src/test/app/Invariants_test.cpp:3473:                auto const vaultPage = ac.view().dirInsert(
src/test/app/Invariants_test.cpp:3474:                    keylet::ownerDir(A1.id()),
src/test/app/Invariants_test.cpp:3495:                ac.view().insert(sleAccount);
src/test/app/Invariants_test.cpp:3500:                auto const sharesPage = ac.view().dirInsert(
src/test/app/Invariants_test.cpp:3501:                    keylet::ownerDir(pseudoId),
src/test/app/Invariants_test.cpp:3522:                ac.view().insert(sleVault);
src/test/app/Invariants_test.cpp:3523:                ac.view().insert(sleShares);
src/test/app/Invariants_test.cpp:3537:                auto const vaultPage = ac.view().dirInsert(
src/test/app/Invariants_test.cpp:3538:                    keylet::ownerDir(A1.id()),
src/test/app/Invariants_test.cpp:3561:                ac.view().insert(sleAccount);
src/test/app/Invariants_test.cpp:3566:                auto const sharesPage = ac.view().dirInsert(
src/test/app/Invariants_test.cpp:3567:                    keylet::ownerDir(pseudoId),
src/test/app/Invariants_test.cpp:3590:                ac.view().insert(sleVault);
src/test/app/Invariants_test.cpp:3591:                ac.view().insert(sleShares);
src/test/app/Invariants_test.cpp:3605:                auto const vaultPage = ac.view().dirInsert(
src/test/app/Invariants_test.cpp:3606:                    keylet::ownerDir(A1.id()),
src/test/app/Invariants_test.cpp:3614:                auto const sharesPage = ac.view().dirInsert(
src/test/app/Invariants_test.cpp:3615:                    keylet::ownerDir(A2.id()),
src/test/app/Invariants_test.cpp:3637:                ac.view().insert(sleVault);
src/test/app/Invariants_test.cpp:3638:                ac.view().insert(sleShares);
src/test/app/Invariants_test.cpp:4334:                ac.view().insert(sleBad);
src/test/app/Invariants_test.cpp:4340:                ac.view().insert(sleGood);
src/test/app/Invariants_test.cpp:4381:                ac.view().insert(sleBad);
src/test/app/Invariants_test.cpp:4389:                ac.view().insert(sleGood);
src/test/app/Invariants_test.cpp:4421:                ac.view().insert(sleNew);
src/test/app/AccountDelete_test.cpp:28:class AccountDelete_test : public beast::unit_test::suite
src/test/app/AccountDelete_test.cpp:126:        // a signer list, and a DID.  Even with all that she's still deletable.
src/test/app/AccountDelete_test.cpp:156:            BEAST_EXPECT(!env.closed()->exists(keylet::ownerDir(alice.id())));
src/test/app/AccountDelete_test.cpp:164:            BEAST_EXPECT(!env.closed()->exists(keylet::ownerDir(alice.id())));
src/test/app/AccountDelete_test.cpp:200:            BEAST_EXPECT(env.closed()->exists(keylet::ownerDir(carol.id())));
src/test/app/AccountDelete_test.cpp:217:            BEAST_EXPECT(!env.closed()->exists(keylet::ownerDir(carol.id())));
src/test/app/AccountDelete_test.cpp:266:        Keylet const aliceRootKey{keylet::ownerDir(alice.id())};
src/test/app/AccountDelete_test.cpp:605:        // directory entries an AccountDelete will remove.
src/test/app/AccountDelete_test.cpp:637:        Keylet const aliceOwnerDirKey{keylet::ownerDir(alice.id())};
src/test/app/AccountDelete_test.cpp:895:    testDestinationDepositAuthCredentials()
src/test/app/AccountDelete_test.cpp:899:                "Destination Constraints with DepositPreauth and Credentials");
src/test/app/AccountDelete_test.cpp:968:            env(deposit::authCredentials(alice, {{carol, credType}}));
src/test/app/AccountDelete_test.cpp:1008:            testcase("Credentials that aren't required");
src/test/app/AccountDelete_test.cpp:1124:            testcase("Credentials feature disabled");
src/test/app/AccountDelete_test.cpp:1131:            Env env{*this, testable_amendments() - featureCredentials};
src/test/app/AccountDelete_test.cpp:1163:    testDeleteCredentialsOwner()
src/test/app/AccountDelete_test.cpp:1267:        testDestinationDepositAuthCredentials();
src/test/app/AccountDelete_test.cpp:1268:        testDeleteCredentialsOwner();
src/test/app/AccountDelete_test.cpp:1272:BEAST_DEFINE_TESTSUITE_PRIO(AccountDelete, app, ripple, 2);
src/test/app/DID_test.cpp:30:struct DID_test : public beast::unit_test::suite
src/test/app/DID_test.cpp:35:        testcase("featureDID Enabled");
src/test/app/DID_test.cpp:38:        // If the DID amendment is not enabled, you should not be able
src/test/app/DID_test.cpp:39:        // to set or delete DIDs.
src/test/app/DID_test.cpp:40:        Env env{*this, features - featureDID};
src/test/app/DID_test.cpp:58:        testcase("DID Account Reserve");
src/test/app/DID_test.cpp:66:        // the reserve for creating a DID.
src/test/app/DID_test.cpp:75:        // alice does not have enough XRP to cover the reserve for a DID
src/test/app/DID_test.cpp:80:        // Pay alice almost enough to make the reserve for a DID.
src/test/app/DID_test.cpp:87:        // alice still does not have enough XRP for the reserve of a DID.
src/test/app/DID_test.cpp:92:        // Pay alice enough to make the reserve for a DID.
src/test/app/DID_test.cpp:96:        // Now alice can create a DID.
src/test/app/DID_test.cpp:101:        // alice deletes her DID.
src/test/app/DID_test.cpp:110:        testcase("Invalid DIDSet");
src/test/app/DID_test.cpp:130:        env(did::set(alice), ter(temEMPTY_DID));
src/test/app/DID_test.cpp:139:            ter(temEMPTY_DID));
src/test/app/DID_test.cpp:164:        auto const fixEnabled = env.current()->rules().enabled(fixEmptyDID);
src/test/app/DID_test.cpp:167:            fixEnabled ? ter(tecEMPTY_DID) : ter(tesSUCCESS));
src/test/app/DID_test.cpp:172:        // Modifying a DID to become empty is checked in testSetModify
src/test/app/DID_test.cpp:178:        testcase("Invalid DIDDelete");
src/test/app/DID_test.cpp:200:        // DID doesn't exist
src/test/app/DID_test.cpp:209:        testcase("Valid Initial DIDSet");
src/test/app/DID_test.cpp:232:        // only DIDDocument
src/test/app/DID_test.cpp:244:        // URI + DIDDocument
src/test/app/DID_test.cpp:248:        // DIDDocument + Data
src/test/app/DID_test.cpp:252:        // URI + DIDDocument + Data
src/test/app/DID_test.cpp:263:        testcase("Modify DID with DIDSet");
src/test/app/DID_test.cpp:275:        // Create DID
src/test/app/DID_test.cpp:280:            auto const sleDID = env.le(keylet::did(alice.id()));
src/test/app/DID_test.cpp:281:            BEAST_EXPECT(sleDID);
src/test/app/DID_test.cpp:282:            BEAST_EXPECT(checkVL((*sleDID)[sfURI], initialURI));
src/test/app/DID_test.cpp:283:            BEAST_EXPECT(!sleDID->isFieldPresent(sfDIDDocument));
src/test/app/DID_test.cpp:284:            BEAST_EXPECT(!sleDID->isFieldPresent(sfData));
src/test/app/DID_test.cpp:289:            env(did::set(alice), did::uri(""), ter(tecEMPTY_DID));
src/test/app/DID_test.cpp:291:            auto const sleDID = env.le(keylet::did(alice.id()));
src/test/app/DID_test.cpp:292:            BEAST_EXPECT(checkVL((*sleDID)[sfURI], initialURI));
src/test/app/DID_test.cpp:293:            BEAST_EXPECT(!sleDID->isFieldPresent(sfDIDDocument));
src/test/app/DID_test.cpp:294:            BEAST_EXPECT(!sleDID->isFieldPresent(sfData));
src/test/app/DID_test.cpp:297:        // Set DIDDocument
src/test/app/DID_test.cpp:302:            auto const sleDID = env.le(keylet::did(alice.id()));
src/test/app/DID_test.cpp:303:            BEAST_EXPECT(checkVL((*sleDID)[sfURI], initialURI));
src/test/app/DID_test.cpp:304:            BEAST_EXPECT(checkVL((*sleDID)[sfDIDDocument], initialDocument));
src/test/app/DID_test.cpp:305:            BEAST_EXPECT(!sleDID->isFieldPresent(sfData));
src/test/app/DID_test.cpp:313:            auto const sleDID = env.le(keylet::did(alice.id()));
src/test/app/DID_test.cpp:314:            BEAST_EXPECT(checkVL((*sleDID)[sfURI], initialURI));
src/test/app/DID_test.cpp:315:            BEAST_EXPECT(checkVL((*sleDID)[sfDIDDocument], initialDocument));
src/test/app/DID_test.cpp:316:            BEAST_EXPECT(checkVL((*sleDID)[sfData], initialData));
src/test/app/DID_test.cpp:323:            auto const sleDID = env.le(keylet::did(alice.id()));
src/test/app/DID_test.cpp:324:            BEAST_EXPECT(!sleDID->isFieldPresent(sfURI));
src/test/app/DID_test.cpp:325:            BEAST_EXPECT(checkVL((*sleDID)[sfDIDDocument], initialDocument));
src/test/app/DID_test.cpp:326:            BEAST_EXPECT(checkVL((*sleDID)[sfData], initialData));
src/test/app/DID_test.cpp:333:            auto const sleDID = env.le(keylet::did(alice.id()));
src/test/app/DID_test.cpp:334:            BEAST_EXPECT(!sleDID->isFieldPresent(sfURI));
src/test/app/DID_test.cpp:335:            BEAST_EXPECT(checkVL((*sleDID)[sfDIDDocument], initialDocument));
src/test/app/DID_test.cpp:336:            BEAST_EXPECT(!sleDID->isFieldPresent(sfData));
src/test/app/DID_test.cpp:344:            auto const sleDID = env.le(keylet::did(alice.id()));
src/test/app/DID_test.cpp:345:            BEAST_EXPECT(checkVL((*sleDID)[sfURI], secondURI));
src/test/app/DID_test.cpp:346:            BEAST_EXPECT(!sleDID->isFieldPresent(sfDIDDocument));
src/test/app/DID_test.cpp:347:            BEAST_EXPECT(!sleDID->isFieldPresent(sfData));
src/test/app/DID_test.cpp:350:        // Remove URI + set DIDDocument
src/test/app/DID_test.cpp:355:            auto const sleDID = env.le(keylet::did(alice.id()));
src/test/app/DID_test.cpp:356:            BEAST_EXPECT(!sleDID->isFieldPresent(sfURI));
src/test/app/DID_test.cpp:357:            BEAST_EXPECT(checkVL((*sleDID)[sfDIDDocument], secondDocument));
src/test/app/DID_test.cpp:358:            BEAST_EXPECT(!sleDID->isFieldPresent(sfData));
src/test/app/DID_test.cpp:361:        // Remove DIDDocument + set Data
src/test/app/DID_test.cpp:366:            auto const sleDID = env.le(keylet::did(alice.id()));
src/test/app/DID_test.cpp:367:            BEAST_EXPECT(!sleDID->isFieldPresent(sfURI));
src/test/app/DID_test.cpp:368:            BEAST_EXPECT(!sleDID->isFieldPresent(sfDIDDocument));
src/test/app/DID_test.cpp:369:            BEAST_EXPECT(checkVL((*sleDID)[sfData], secondData));
src/test/app/DID_test.cpp:372:        // Delete DID
src/test/app/DID_test.cpp:376:            auto const sleDID = env.le(keylet::did(alice.id()));
src/test/app/DID_test.cpp:377:            BEAST_EXPECT(!sleDID);
src/test/app/DID_test.cpp:386:        FeatureBitset const emptyDID{fixEmptyDID};
src/test/app/DID_test.cpp:393:        testEnabled(all - emptyDID);
src/test/app/DID_test.cpp:394:        testAccountReserve(all - emptyDID);
src/test/app/DID_test.cpp:395:        testSetInvalid(all - emptyDID);
src/test/app/DID_test.cpp:396:        testDeleteInvalid(all - emptyDID);
src/test/app/DID_test.cpp:397:        testSetModify(all - emptyDID);
src/test/app/DID_test.cpp:401:BEAST_DEFINE_TESTSUITE(DID, app, ripple);
src/test/app/Credentials_test.cpp:24:#include <xrpl/ledger/CredentialHelpers.h>
src/test/app/Credentials_test.cpp:36:struct Credentials_test : public beast::unit_test::suite
src/test/app/Credentials_test.cpp:75:                BEAST_EXPECT(checkVL(sleCred, sfCredentialType, credType));
src/test/app/Credentials_test.cpp:85:                        jss::Credential &&
src/test/app/Credentials_test.cpp:90:                    jle[jss::result][jss::node]["CredentialType"] ==
src/test/app/Credentials_test.cpp:108:                BEAST_EXPECT(checkVL(sleCred, sfCredentialType, credType));
src/test/app/Credentials_test.cpp:151:                BEAST_EXPECT(checkVL(sleCred, sfCredentialType, credType));
src/test/app/Credentials_test.cpp:161:                        jss::Credential &&
src/test/app/Credentials_test.cpp:166:                    jle[jss::result][jss::node]["CredentialType"] ==
src/test/app/Credentials_test.cpp:188:    testCredentialsDelete(FeatureBitset features)
src/test/app/Credentials_test.cpp:454:                testcase("Credentials fail, no subject param.");
src/test/app/Credentials_test.cpp:467:                testcase("Credentials fail, no credentialType param.");
src/test/app/Credentials_test.cpp:469:                jv.removeMember(sfCredentialType.jsonName);
src/test/app/Credentials_test.cpp:474:                testcase("Credentials fail, empty credentialType param.");
src/test/app/Credentials_test.cpp:481:                    "Credentials fail, credentialType length > "
src/test/app/Credentials_test.cpp:482:                    "maxCredentialTypeLength.");
src/test/app/Credentials_test.cpp:486:                static_assert(longCredType.size() > maxCredentialTypeLength);
src/test/app/Credentials_test.cpp:492:                testcase("Credentials fail, URI length > 256.");
src/test/app/Credentials_test.cpp:502:                static_assert(longURI.size() > maxCredentialURILength);
src/test/app/Credentials_test.cpp:509:                testcase("Credentials fail, URI empty.");
src/test/app/Credentials_test.cpp:516:                testcase("Credentials fail, expiration in the past.");
src/test/app/Credentials_test.cpp:529:                testcase("Credentials fail, invalid fee.");
src/test/app/Credentials_test.cpp:537:                testcase("Credentials fail, duplicate.");
src/test/app/Credentials_test.cpp:553:                        jss::Credential &&
src/test/app/Credentials_test.cpp:558:                    jle[jss::result][jss::node]["CredentialType"] ==
src/test/app/Credentials_test.cpp:563:                testcase("Credentials fail, directory full");
src/test/app/Credentials_test.cpp:572:                    keylet::ownerDir(issuer.id()),
src/test/app/Credentials_test.cpp:577:                env(jv, ter(tecDIR_FULL));
src/test/app/Credentials_test.cpp:586:                    keylet::ownerDir(subject.id()),
src/test/app/Credentials_test.cpp:589:                env(jv, ter(tecDIR_FULL));
src/test/app/Credentials_test.cpp:604:                testcase("Credentials fail, subject doesn't exist.");
src/test/app/Credentials_test.cpp:618:            testcase("Credentials fail, not enough reserve.");
src/test/app/Credentials_test.cpp:643:                testcase("CredentialsAccept fail, Credential doesn't exist.");
src/test/app/Credentials_test.cpp:650:                testcase("CredentialsAccept fail, invalid Issuer account.");
src/test/app/Credentials_test.cpp:659:                    "CredentialsAccept fail, invalid credentialType param.");
src/test/app/Credentials_test.cpp:673:                testcase("CredentialsAccept fail, not enough reserve.");
src/test/app/Credentials_test.cpp:690:                        jss::Credential &&
src/test/app/Credentials_test.cpp:695:                    jle[jss::result][jss::node]["CredentialType"] ==
src/test/app/Credentials_test.cpp:711:                testcase("CredentialsAccept fail, invalid fee.");
src/test/app/Credentials_test.cpp:716:                testcase("CredentialsAccept fail, lsfAccepted already set.");
src/test/app/Credentials_test.cpp:732:                        jss::Credential &&
src/test/app/Credentials_test.cpp:737:                    jle[jss::result][jss::node]["CredentialType"] ==
src/test/app/Credentials_test.cpp:744:                testcase("CredentialsAccept fail, expired credentials.");
src/test/app/Credentials_test.cpp:780:                testcase("CredentialsAccept fail, issuer doesn't exist.");
src/test/app/Credentials_test.cpp:826:                testcase("CredentialsDelete fail, no Credentials.");
src/test/app/Credentials_test.cpp:833:                testcase("CredentialsDelete fail, invalid Subject account.");
src/test/app/Credentials_test.cpp:842:                testcase("CredentialsDelete fail, invalid Issuer account.");
src/test/app/Credentials_test.cpp:852:                    "CredentialsDelete fail, invalid credentialType param.");
src/test/app/Credentials_test.cpp:877:                        jss::Credential &&
src/test/app/Credentials_test.cpp:882:                    jle[jss::result][jss::node]["CredentialType"] ==
src/test/app/Credentials_test.cpp:887:                testcase("CredentialsDelete fail, time not expired yet.");
src/test/app/Credentials_test.cpp:914:                        jss::Credential &&
src/test/app/Credentials_test.cpp:919:                    jle[jss::result][jss::node]["CredentialType"] ==
src/test/app/Credentials_test.cpp:924:                testcase("CredentialsDelete fail, no Issuer and Subject.");
src/test/app/Credentials_test.cpp:935:                testcase("CredentialsDelete fail, invalid fee.");
src/test/app/Credentials_test.cpp:945:                testcase("deleteSLE fail, bad SLE.");
src/test/app/Credentials_test.cpp:949:                    ripple::credentials::deleteSLE(*view, {}, env.journal);
src/test/app/Credentials_test.cpp:972:                testcase("Credentials fail, Feature is not enabled.");
src/test/app/Credentials_test.cpp:1017:                    tx0[jss::TransactionType] == jss::CredentialAccept);
src/test/app/Credentials_test.cpp:1020:                    tx1[jss::TransactionType] == jss::CredentialCreate);
src/test/app/Credentials_test.cpp:1034:                    tx0[jss::TransactionType] == jss::CredentialAccept);
src/test/app/Credentials_test.cpp:1037:                    tx1[jss::TransactionType] == jss::CredentialCreate);
src/test/app/Credentials_test.cpp:1055:                    object["LedgerEntryType"].asString() == jss::Credential);
src/test/app/Credentials_test.cpp:1069:                    object["LedgerEntryType"].asString() == jss::Credential);
src/test/app/Credentials_test.cpp:1117:            "removeExpired ignores deleteSLE failure " +
src/test/app/Credentials_test.cpp:1160:        env(deposit::authCredentials(becky, {{subject, credType}}));
src/test/app/Credentials_test.cpp:1195:        av.erase(sleIssuer);
src/test/app/Credentials_test.cpp:1198:        // Credential still exists before removeExpired
src/test/app/Credentials_test.cpp:1237:        testCredentialsDelete(all);
src/test/app/Credentials_test.cpp:1242:        testFeatureFailed(all - featureCredentials);
src/test/app/Credentials_test.cpp:1252:BEAST_DEFINE_TESTSUITE(Credentials, app, ripple);
src/libxrpl/ledger/CredentialHelpers.cpp:20:#include <xrpl/ledger/CredentialHelpers.h>
src/libxrpl/ledger/CredentialHelpers.cpp:31:checkExpired(SLE const& sleCredential, NetClock::time_point const& closed)
src/libxrpl/ledger/CredentialHelpers.cpp:33:    std::uint32_t const exp = sleCredential[~sfExpiration].value_or(
src/libxrpl/ledger/CredentialHelpers.cpp:48:        // Credentials already checked in preclaim. Look only for expired here.
src/libxrpl/ledger/CredentialHelpers.cpp:55:                << "Credentials are expired. Cred: " << sleCred->getText();
src/libxrpl/ledger/CredentialHelpers.cpp:57:            auto const err = deleteSLE(view, sleCred, j);
src/libxrpl/ledger/CredentialHelpers.cpp:68:deleteSLE(
src/libxrpl/ledger/CredentialHelpers.cpp:70:    std::shared_ptr<SLE> const& sleCredential,
src/libxrpl/ledger/CredentialHelpers.cpp:73:    if (!sleCredential)
src/libxrpl/ledger/CredentialHelpers.cpp:77:        [&view, &sleCredential, j](
src/libxrpl/ledger/CredentialHelpers.cpp:89:        std::uint64_t const page = sleCredential->getFieldU64(node);
src/libxrpl/ledger/CredentialHelpers.cpp:90:        if (!view.dirRemove(
src/libxrpl/ledger/CredentialHelpers.cpp:91:                keylet::ownerDir(account), page, sleCredential->key(), false))
src/libxrpl/ledger/CredentialHelpers.cpp:94:            JLOG(j.fatal()) << "Unable to delete Credential from owner.";
src/libxrpl/ledger/CredentialHelpers.cpp:100:            adjustOwnerCount(view, sleAccount, -1, j);
src/libxrpl/ledger/CredentialHelpers.cpp:105:    auto const issuer = sleCredential->getAccountID(sfIssuer);
src/libxrpl/ledger/CredentialHelpers.cpp:106:    auto const subject = sleCredential->getAccountID(sfSubject);
src/libxrpl/ledger/CredentialHelpers.cpp:107:    bool const accepted = sleCredential->getFlags() & lsfAccepted;
src/libxrpl/ledger/CredentialHelpers.cpp:121:    view.erase(sleCredential);
src/libxrpl/ledger/CredentialHelpers.cpp:129:    if (!tx.isFieldPresent(sfCredentialIDs))
src/libxrpl/ledger/CredentialHelpers.cpp:132:    auto const& credentials = tx.getFieldV256(sfCredentialIDs);
src/libxrpl/ledger/CredentialHelpers.cpp:133:    if (credentials.empty() || (credentials.size() > maxCredentialsArraySize))
src/libxrpl/ledger/CredentialHelpers.cpp:136:            << "Malformed transaction: Credentials array size is invalid: "
src/libxrpl/ledger/CredentialHelpers.cpp:144:        auto [it, ins] = duplicates.insert(cred);
src/libxrpl/ledger/CredentialHelpers.cpp:163:    if (!tx.isFieldPresent(sfCredentialIDs))
src/libxrpl/ledger/CredentialHelpers.cpp:166:    auto const& credIDs(tx.getFieldV256(sfCredentialIDs));
src/libxrpl/ledger/CredentialHelpers.cpp:172:            JLOG(j.trace()) << "Credential doesn't exist. Cred: " << h;
src/libxrpl/ledger/CredentialHelpers.cpp:179:                << "Credential doesn't belong to the source account. Cred: "
src/libxrpl/ledger/CredentialHelpers.cpp:186:            JLOG(j.trace()) << "Credential isn't accepted. Cred: " << h;
src/libxrpl/ledger/CredentialHelpers.cpp:206:    for (auto const& h : slePD->getFieldArray(sfAcceptedCredentials))
src/libxrpl/ledger/CredentialHelpers.cpp:209:        auto const type = h.getFieldVL(sfCredentialType);
src/libxrpl/ledger/CredentialHelpers.cpp:210:        auto const keyletCredential =
src/libxrpl/ledger/CredentialHelpers.cpp:212:        auto const sleCredential = view.read(keyletCredential);
src/libxrpl/ledger/CredentialHelpers.cpp:219:        if (sleCredential)
src/libxrpl/ledger/CredentialHelpers.cpp:221:            if (checkExpired(*sleCredential, closeTime))
src/libxrpl/ledger/CredentialHelpers.cpp:226:            else if (sleCredential->getFlags() & lsfAccepted)
src/libxrpl/ledger/CredentialHelpers.cpp:252:            sorted.emplace((*sleCred)[sfIssuer], (*sleCred)[sfCredentialType]);
src/libxrpl/ledger/CredentialHelpers.cpp:270:        auto [it, ins] = out.emplace(cred[sfIssuer], cred[sfCredentialType]);
src/libxrpl/ledger/CredentialHelpers.cpp:300:        auto const ct = credential[sfCredentialType];
src/libxrpl/ledger/CredentialHelpers.cpp:301:        if (ct.empty() || (ct.size() > maxCredentialTypeLength))
src/libxrpl/ledger/CredentialHelpers.cpp:309:        auto [it, ins] = duplicates.insert(sha512Half(issuer, ct));
src/libxrpl/ledger/CredentialHelpers.cpp:337:    for (auto const& h : slePD->getFieldArray(sfAcceptedCredentials))
src/libxrpl/ledger/CredentialHelpers.cpp:340:        auto const type = h.getFieldVL(sfCredentialType);
src/libxrpl/ledger/CredentialHelpers.cpp:341:        auto const keyletCredential =
src/libxrpl/ledger/CredentialHelpers.cpp:343:        if (view.exists(keyletCredential))
src/libxrpl/ledger/CredentialHelpers.cpp:344:            credentials.push_back(keyletCredential.key);
src/libxrpl/ledger/CredentialHelpers.cpp:353:        auto sleCredential = view.read(keylet::credential(h));
src/libxrpl/ledger/CredentialHelpers.cpp:354:        if (!sleCredential)
src/libxrpl/ledger/CredentialHelpers.cpp:357:        if (sleCredential->getFlags() & lsfAccepted)
src/libxrpl/ledger/CredentialHelpers.cpp:379:    bool const credentialsPresent = tx.isFieldPresent(sfCredentialIDs);
src/libxrpl/ledger/CredentialHelpers.cpp:384:            view, tx.getFieldV256(sfCredentialIDs), j);
src/libxrpl/ledger/CredentialHelpers.cpp:399:                          view, tx.getFieldV256(sfCredentialIDs), dst);
src/xrpld/app/tx/detail/Credentials.cpp:20:#include <xrpld/app/tx/detail/Credentials.h>
src/xrpld/app/tx/detail/Credentials.cpp:24:#include <xrpl/ledger/CredentialHelpers.h>
src/xrpld/app/tx/detail/Credentials.cpp:35:    Credentials
src/xrpld/app/tx/detail/Credentials.cpp:52:CredentialCreate::getFlagsMask(PreflightContext const& ctx)
src/xrpld/app/tx/detail/Credentials.cpp:59:CredentialCreate::preflight(PreflightContext const& ctx)
src/xrpld/app/tx/detail/Credentials.cpp:71:    if (uri && (uri->empty() || (uri->size() > maxCredentialURILength)))
src/xrpld/app/tx/detail/Credentials.cpp:77:    auto const credType = tx[sfCredentialType];
src/xrpld/app/tx/detail/Credentials.cpp:78:    if (credType.empty() || (credType.size() > maxCredentialTypeLength))
src/xrpld/app/tx/detail/Credentials.cpp:81:            << "Malformed transaction: invalid size of CredentialType.";
src/xrpld/app/tx/detail/Credentials.cpp:89:CredentialCreate::preclaim(PreclaimContext const& ctx)
src/xrpld/app/tx/detail/Credentials.cpp:91:    auto const credType(ctx.tx[sfCredentialType]);
src/xrpld/app/tx/detail/Credentials.cpp:103:        JLOG(ctx.j.trace()) << "Credential already exists.";
src/xrpld/app/tx/detail/Credentials.cpp:111:CredentialCreate::doApply()
src/xrpld/app/tx/detail/Credentials.cpp:114:    auto const credType(ctx_.tx[sfCredentialType]);
src/xrpld/app/tx/detail/Credentials.cpp:144:            sleIssuer->getFieldU32(sfOwnerCount) + 1)};
src/xrpld/app/tx/detail/Credentials.cpp:151:    sleCred->setFieldVL(sfCredentialType, credType);
src/xrpld/app/tx/detail/Credentials.cpp:157:        auto const page = view().dirInsert(
src/xrpld/app/tx/detail/Credentials.cpp:158:            keylet::ownerDir(account_),
src/xrpld/app/tx/detail/Credentials.cpp:161:        JLOG(j_.trace()) << "Adding Credential to owner directory "
src/xrpld/app/tx/detail/Credentials.cpp:165:            return tecDIR_FULL;
src/xrpld/app/tx/detail/Credentials.cpp:168:        adjustOwnerCount(view(), sleIssuer, 1, j_);
src/xrpld/app/tx/detail/Credentials.cpp:177:        auto const page = view().dirInsert(
src/xrpld/app/tx/detail/Credentials.cpp:178:            keylet::ownerDir(subject),
src/xrpld/app/tx/detail/Credentials.cpp:181:        JLOG(j_.trace()) << "Adding Credential to owner directory "
src/xrpld/app/tx/detail/Credentials.cpp:185:            return tecDIR_FULL;
src/xrpld/app/tx/detail/Credentials.cpp:190:    view().insert(sleCred);
src/xrpld/app/tx/detail/Credentials.cpp:198:CredentialDelete::getFlagsMask(PreflightContext const& ctx)
src/xrpld/app/tx/detail/Credentials.cpp:205:CredentialDelete::preflight(PreflightContext const& ctx)
src/xrpld/app/tx/detail/Credentials.cpp:226:    auto const credType = ctx.tx[sfCredentialType];
src/xrpld/app/tx/detail/Credentials.cpp:227:    if (credType.empty() || (credType.size() > maxCredentialTypeLength))
src/xrpld/app/tx/detail/Credentials.cpp:230:            << "Malformed transaction: invalid size of CredentialType.";
src/xrpld/app/tx/detail/Credentials.cpp:238:CredentialDelete::preclaim(PreclaimContext const& ctx)
src/xrpld/app/tx/detail/Credentials.cpp:243:    auto const credType(ctx.tx[sfCredentialType]);
src/xrpld/app/tx/detail/Credentials.cpp:252:CredentialDelete::doApply()
src/xrpld/app/tx/detail/Credentials.cpp:257:    auto const credType(ctx_.tx[sfCredentialType]);
src/xrpld/app/tx/detail/Credentials.cpp:270:    return deleteSLE(view(), sleCred, j_);
src/xrpld/app/tx/detail/Credentials.cpp:276:CredentialAccept::getFlagsMask(PreflightContext const& ctx)
src/xrpld/app/tx/detail/Credentials.cpp:283:CredentialAccept::preflight(PreflightContext const& ctx)
src/xrpld/app/tx/detail/Credentials.cpp:291:    auto const credType = ctx.tx[sfCredentialType];
src/xrpld/app/tx/detail/Credentials.cpp:292:    if (credType.empty() || (credType.size() > maxCredentialTypeLength))
src/xrpld/app/tx/detail/Credentials.cpp:295:            << "Malformed transaction: invalid size of CredentialType.";
src/xrpld/app/tx/detail/Credentials.cpp:303:CredentialAccept::preclaim(PreclaimContext const& ctx)
src/xrpld/app/tx/detail/Credentials.cpp:307:    auto const credType(ctx.tx[sfCredentialType]);
src/xrpld/app/tx/detail/Credentials.cpp:326:        JLOG(ctx.j.warn()) << "Credential already accepted: "
src/xrpld/app/tx/detail/Credentials.cpp:336:CredentialAccept::doApply()
src/xrpld/app/tx/detail/Credentials.cpp:349:            sleSubject->getFieldU32(sfOwnerCount) + 1)};
src/xrpld/app/tx/detail/Credentials.cpp:354:    auto const credType(ctx_.tx[sfCredentialType]);
src/xrpld/app/tx/detail/Credentials.cpp:362:        JLOG(j_.trace()) << "Credential is expired: " << sleCred->getText();
src/xrpld/app/tx/detail/Credentials.cpp:364:        auto const err = credentials::deleteSLE(view(), sleCred, j_);
src/xrpld/app/tx/detail/Credentials.cpp:371:    adjustOwnerCount(view(), sleIssuer, -1, j_);
src/xrpld/app/tx/detail/Credentials.cpp:372:    adjustOwnerCount(view(), sleSubject, 1, j_);
src/xrpld/app/tx/detail/Credentials.h:27:class CredentialCreate : public Transactor
src/xrpld/app/tx/detail/Credentials.h:32:    explicit CredentialCreate(ApplyContext& ctx) : Transactor(ctx)
src/xrpld/app/tx/detail/Credentials.h:51:class CredentialDelete : public Transactor
src/xrpld/app/tx/detail/Credentials.h:56:    explicit CredentialDelete(ApplyContext& ctx) : Transactor(ctx)
src/xrpld/app/tx/detail/Credentials.h:75:class CredentialAccept : public Transactor
src/xrpld/app/tx/detail/Credentials.h:80:    explicit CredentialAccept(ApplyContext& ctx) : Transactor(ctx)
src/xrpld/app/tx/detail/DID.cpp:20:#include <xrpld/app/tx/detail/DID.h>
src/xrpld/app/tx/detail/DID.cpp:32:    DID
src/xrpld/app/tx/detail/DID.cpp:35:    Decentralized Identifiers (DIDs) are a new type of identifier that enable
src/xrpld/app/tx/detail/DID.cpp:38:    conforms to the requirements specified in the DID v1.0 specification
src/xrpld/app/tx/detail/DID.cpp:39:    currently recommended by the W3C Credentials Community Group
src/xrpld/app/tx/detail/DID.cpp:46:DIDSet::preflight(PreflightContext const& ctx)
src/xrpld/app/tx/detail/DID.cpp:49:        !ctx.tx.isFieldPresent(sfDIDDocument) && !ctx.tx.isFieldPresent(sfData))
src/xrpld/app/tx/detail/DID.cpp:50:        return temEMPTY_DID;
src/xrpld/app/tx/detail/DID.cpp:53:        ctx.tx.isFieldPresent(sfDIDDocument) && ctx.tx[sfDIDDocument].empty() &&
src/xrpld/app/tx/detail/DID.cpp:55:        return temEMPTY_DID;
src/xrpld/app/tx/detail/DID.cpp:63:    if (isTooLong(sfURI, maxDIDURILength) ||
src/xrpld/app/tx/detail/DID.cpp:64:        isTooLong(sfDIDDocument, maxDIDDocumentLength) ||
src/xrpld/app/tx/detail/DID.cpp:65:        isTooLong(sfData, maxDIDAttestationLength))
src/xrpld/app/tx/detail/DID.cpp:85:            ctx.view().fees().accountReserve((*sleAccount)[sfOwnerCount] + 1);
src/xrpld/app/tx/detail/DID.cpp:92:    ctx.view().insert(sle);
src/xrpld/app/tx/detail/DID.cpp:96:        auto page = ctx.view().dirInsert(
src/xrpld/app/tx/detail/DID.cpp:97:            keylet::ownerDir(owner), sle->key(), describeOwnerDir(owner));
src/xrpld/app/tx/detail/DID.cpp:99:            return tecDIR_FULL;  // LCOV_EXCL_LINE
src/xrpld/app/tx/detail/DID.cpp:102:    adjustOwnerCount(ctx.view(), sleAccount, 1, ctx.journal);
src/xrpld/app/tx/detail/DID.cpp:109:DIDSet::doApply()
src/xrpld/app/tx/detail/DID.cpp:113:    if (auto const sleDID = ctx_.view().peek(didKeylet))
src/xrpld/app/tx/detail/DID.cpp:120:                    sleDID->makeFieldAbsent(sField);
src/xrpld/app/tx/detail/DID.cpp:124:                    (*sleDID)[sField] = *field;
src/xrpld/app/tx/detail/DID.cpp:129:        update(sfDIDDocument);
src/xrpld/app/tx/detail/DID.cpp:132:        if (!sleDID->isFieldPresent(sfURI) &&
src/xrpld/app/tx/detail/DID.cpp:133:            !sleDID->isFieldPresent(sfDIDDocument) &&
src/xrpld/app/tx/detail/DID.cpp:134:            !sleDID->isFieldPresent(sfData))
src/xrpld/app/tx/detail/DID.cpp:136:            return tecEMPTY_DID;
src/xrpld/app/tx/detail/DID.cpp:138:        ctx_.view().update(sleDID);
src/xrpld/app/tx/detail/DID.cpp:143:    auto const sleDID = std::make_shared<SLE>(didKeylet);
src/xrpld/app/tx/detail/DID.cpp:144:    (*sleDID)[sfAccount] = account_;
src/xrpld/app/tx/detail/DID.cpp:148:            (*sleDID)[sField] = *field;
src/xrpld/app/tx/detail/DID.cpp:152:    set(sfDIDDocument);
src/xrpld/app/tx/detail/DID.cpp:154:    if (ctx_.view().rules().enabled(fixEmptyDID) &&
src/xrpld/app/tx/detail/DID.cpp:155:        !sleDID->isFieldPresent(sfURI) &&
src/xrpld/app/tx/detail/DID.cpp:156:        !sleDID->isFieldPresent(sfDIDDocument) &&
src/xrpld/app/tx/detail/DID.cpp:157:        !sleDID->isFieldPresent(sfData))
src/xrpld/app/tx/detail/DID.cpp:159:        return tecEMPTY_DID;
src/xrpld/app/tx/detail/DID.cpp:162:    return addSLE(ctx_, sleDID, account_);
src/xrpld/app/tx/detail/DID.cpp:166:DIDDelete::preflight(PreflightContext const& ctx)
src/xrpld/app/tx/detail/DID.cpp:172:DIDDelete::deleteSLE(ApplyContext& ctx, Keylet sleKeylet, AccountID const owner)
src/xrpld/app/tx/detail/DID.cpp:178:    return DIDDelete::deleteSLE(ctx.view(), sle, owner, ctx.journal);
src/xrpld/app/tx/detail/DID.cpp:182:DIDDelete::deleteSLE(
src/xrpld/app/tx/detail/DID.cpp:189:    if (!view.dirRemove(
src/xrpld/app/tx/detail/DID.cpp:190:            keylet::ownerDir(owner), (*sle)[sfOwnerNode], sle->key(), true))
src/xrpld/app/tx/detail/DID.cpp:193:        JLOG(j.fatal()) << "Unable to delete DID Token from owner.";
src/xrpld/app/tx/detail/DID.cpp:202:    adjustOwnerCount(view, sleOwner, -1, j);
src/xrpld/app/tx/detail/DID.cpp:206:    view.erase(sle);
src/xrpld/app/tx/detail/DID.cpp:211:DIDDelete::doApply()
src/xrpld/app/tx/detail/DID.cpp:213:    return deleteSLE(ctx_, keylet::did(account_), account_);
src/xrpld/app/tx/detail/DID.h:20:#ifndef RIPPLE_TX_DID_H_INCLUDED
src/xrpld/app/tx/detail/DID.h:21:#define RIPPLE_TX_DID_H_INCLUDED
src/xrpld/app/tx/detail/DID.h:27:class DIDSet : public Transactor
src/xrpld/app/tx/detail/DID.h:32:    explicit DIDSet(ApplyContext& ctx) : Transactor(ctx)
src/xrpld/app/tx/detail/DID.h:45:class DIDDelete : public Transactor
src/xrpld/app/tx/detail/DID.h:50:    explicit DIDDelete(ApplyContext& ctx) : Transactor(ctx)
src/xrpld/app/tx/detail/DID.h:58:    deleteSLE(ApplyContext& ctx, Keylet sleKeylet, AccountID const owner);
src/xrpld/app/tx/detail/DID.h:61:    deleteSLE(
