dc707b9f3 feat: Enable and rename fixSecurity3_1_3 amendment (#90)
08d8e440c Stop tx processing if failed to delete expired credentials (#6715)
4425f84c1 Remove directory size limit (#5935)
b444457c1 chore: Exclude code/unreachable transaction code from Codecov (#5847)
d67dcfe3c refactor: Restructure Transactor::preflight to reduce boilerplate (#5592)
3cbdf818a Miscellaneous refactors and updates (#5590)
dc8b37a52 refactor: Modularise ledger (#5493)
8bfaa7fe0 test: Run unit tests regardless of 'Supported' amendment status (#5537)
053e1af7f Add support for XLS-85 Token Escrow (#5185)
2a61aee56 Add Batch feature (XLS-56) (#5060)
e514de76e Add single asset vault (XLS-65d) (#5224)
3e152fec7 refactor: use east const convention (#5409)
2bc5cb240 test: enable unit tests to work with variable reference fee (#5145)
c17676a9b refactor: Improve ordering of headers with clang-format (#5343)
2406b28e6 refactor: Remove unused and add missing includes (#5293)
fa5a85439 fix: Amendment to add transaction flag checking functionality for Credentials (#5250)
8e827e32a Introduce Credentials support (XLS-70d): (#5103)
1d23148e6 Rewrite includes (#4997)
e416ee72c Rearrange sources (#4997)
ea9b1e350 `fixEmptyDID`: fix amendment to handle empty DID edge case: (#4950)
b421945e7 `DID`: Decentralized identifiers (DIDs) (XLS-40): (#4636)
e4b17d1cf `XRPFees`: Fee setting and handling improvements (#4247)
0362e935a Reduce default reserves to 10/2 (#4329)
8d59c7dd4 Redistribute unit test priorities based on current measurements
10e4608ce Improve unit test coverage of AccountDelete transactor
44fe0e1fc Add support for the 'TicketBatch' amendment:
17abca1ca Use macros to instantiate most SField instances:
7724cca38 Implement enhanced Ticket support:
74f9edef0 Prefer keylets instead of naked hashes:
50760c693 Format first-party source according to .clang-format
a3a9dc26b Introduce support for deletable accounts:
