ripple.app.AccountDelete Basics
ripple.app.AccountDelete Directories
ripple.app.AccountDelete Owned types
ripple.app.AccountDelete Resurrection
ripple.app.AccountDelete Amendment enable
ripple.app.AccountDelete Too many offers
ripple.app.AccountDelete Implicitly created trust line
ripple.app.AccountDelete Balance too small for fee
ripple.app.AccountDelete With Tickets
ripple.app.AccountDelete Destination Constraints
ripple.app.AccountDelete Destination Constraints with DepositPreauth and Credentials
ripple.app.AccountDelete Credentials that aren't required
ripple.app.AccountDelete Expired credentials
ripple.app.AccountDelete Credentials feature disabled
ripple.app.AccountDelete Deleting Issuer deletes issued credentials
ripple.app.AccountDelete Deleting Subject deletes issued credentials
ripple.app.AccountDelete had 0 failures.
ripple.app.Escrow Enablement
ripple.app.Escrow Timing: Finish Only
ripple.app.Escrow Timing: Cancel Only
ripple.app.Escrow Timing: Finish and Cancel -> Finish
ripple.app.Escrow Timing: Finish and Cancel -> Cancel
ripple.app.Escrow Tags
ripple.app.Escrow Disallow XRP
ripple.app.Escrow Implied Finish Time (without fix1571)
ripple.app.Escrow Implied Finish Time (with fix1571)
ripple.app.Escrow Failure Cases
ripple.app.Escrow Lockup
ripple.app.Escrow Escrow with CryptoConditions
ripple.app.Escrow Metadata to self
ripple.app.Escrow Metadata to other
ripple.app.Escrow Consequences
ripple.app.Escrow Escrow with tickets
ripple.app.Escrow Test with credentials
ripple.app.Escrow Escrow with credentials without depositPreauth
ripple.app.Escrow Enablement
ripple.app.Escrow Timing: Finish Only
ripple.app.Escrow Timing: Cancel Only
ripple.app.Escrow Timing: Finish and Cancel -> Finish
ripple.app.Escrow Timing: Finish and Cancel -> Cancel
ripple.app.Escrow Tags
ripple.app.Escrow Disallow XRP
ripple.app.Escrow Implied Finish Time (without fix1571)
ripple.app.Escrow Implied Finish Time (with fix1571)
ripple.app.Escrow Failure Cases
ripple.app.Escrow Lockup
ripple.app.Escrow Escrow with CryptoConditions
ripple.app.Escrow Metadata to self
ripple.app.Escrow Metadata to other
ripple.app.Escrow Consequences
ripple.app.Escrow Escrow with tickets
ripple.app.Escrow Test with credentials
ripple.app.Escrow Escrow with credentials without depositPreauth
ripple.app.Escrow Tags
ripple.app.Escrow had 0 failures.
Longest suite times:
   12.0s ripple.app.AccountDelete
    7.3s ripple.app.Escrow
19.4s, 2 suites, 53 cases, 11568 tests total, 0 failures
