ripple.app.Flow limitQuality
ripple.app.Flow Circular XRP
ripple.app.Flow ripd1443
ripple.app.Flow ripd1449
ripple.app.Flow Line Quality
ripple.app.Flow falseDryChanges
ripple.app.Flow Book Step
ripple.app.Flow Direct Step
ripple.app.Flow Book Step
ripple.app.Flow Transfer Rate
ripple.app.Flow Self-payment 1
ripple.app.Flow Self-payment 2
ripple.app.Flow Self funded XRPEndpoint
ripple.app.Flow Self funded XRPEndpoint
ripple.app.Flow Unfunded Offer
ripple.app.Flow ReexecuteDirectStep
ripple.app.Flow Self crossing low quality offer
ripple.app.Flow Payment with ticket
ripple.app.Flow Line Quality
ripple.app.Flow falseDryChanges
ripple.app.Flow Book Step
ripple.app.Flow Direct Step
ripple.app.Flow Book Step
ripple.app.Flow Transfer Rate
ripple.app.Flow Self-payment 1
ripple.app.Flow Self-payment 2
ripple.app.Flow Self funded XRPEndpoint
ripple.app.Flow Self funded XRPEndpoint
ripple.app.Flow Unfunded Offer
ripple.app.Flow ReexecuteDirectStep
ripple.app.Flow Self crossing low quality offer
ripple.app.Flow Payment with ticket
ripple.app.Flow Empty Strand
ripple.app.Flow had 0 failures.
ripple.app.Path source currency limits
ripple.app.Path no direct path no intermediary no alternatives
ripple.app.Path direct path no intermediary
ripple.app.Path payment auto path find
ripple.app.Path path find
ripple.app.Path alternative paths - consume best transfer first
ripple.app.Path path negative: ripple-client issue #23: smaller
ripple.app.Path path negative: ripple-client issue #23: larger
ripple.app.Path quality set and test
ripple.app.Path trust normal clear
ripple.app.Path trust auto clear
ripple.app.Path ripple -> ripple
ripple.app.Path ripple -> no ripple
ripple.app.Path no ripple -> ripple
ripple.app.Path no ripple -> no ripple
ripple.app.Path path find w/o domain
ripple.app.Path path find consume all w/o domain
ripple.app.Path alternative path consume both w/o domain
ripple.app.Path alternative paths consume best transfer w/o domain
ripple.app.Path alternative paths - limit returned paths to best quality w/o domain
ripple.app.Path path negative: Issue #5 w/o domain
ripple.app.Path via gateway w/o domain
ripple.app.Path XRP to XRP w/o domain
ripple.app.Path Receive max w/o domain
ripple.app.Path Path Find: XRP -> XRP and XRP -> IOU w/o domain
ripple.app.Path Path Find: non-XRP -> XRP w/o domain
ripple.app.Path Path Find: Bitstamp and SnapSwap, liquidity with no offers w/o domain
ripple.app.Path Path Find: non-XRP -> non-XRP, same currency w/o domain
ripple.app.Path Path Find: non-XRP -> non-XRP, same currency) w/o domain
ripple.app.Path path find w/ domain
ripple.app.Path path find consume all w/ domain
ripple.app.Path alternative path consume both w/ domain
ripple.app.Path alternative paths consume best transfer w/ domain
ripple.app.Path alternative paths - limit returned paths to best quality w/ domain
ripple.app.Path path negative: Issue #5 w/ domain
ripple.app.Path via gateway w/ domain
ripple.app.Path XRP to XRP w/ domain
ripple.app.Path Receive max w/ domain
ripple.app.Path Path Find: XRP -> XRP and XRP -> IOU w/ domain
ripple.app.Path Path Find: non-XRP -> XRP w/ domain
ripple.app.Path Path Find: Bitstamp and SnapSwap, liquidity with no offers w/ domain
ripple.app.Path Path Find: non-XRP -> non-XRP, same currency w/ domain
ripple.app.Path Path Find: non-XRP -> non-XRP, same currency) w/ domain
ripple.app.Path Hybrid offer path
ripple.app.Path AMM not used in domain path
ripple.app.Path had 0 failures.
ripple.app.PayStrand To Strand
ripple.app.PayStrand To Strand
ripple.app.PayStrand RIPD1373
ripple.app.PayStrand RIPD1373
ripple.app.PayStrand test loop
ripple.app.PayStrand test loop
ripple.app.PayStrand test no account
ripple.app.PayStrand had 0 failures.
ripple.app.SetTrust Allow two free trustlines
ripple.app.SetTrust Dynamic reserve for trustline
ripple.app.SetTrust Dynamic reserve for trustline
ripple.app.SetTrust SetTrust using a ticket
ripple.app.SetTrust SetTrust checks for malformed transactions
ripple.app.SetTrust SetTrust removes quality of trustline for low account
ripple.app.SetTrust SetTrust removes quality of trustline for high account
ripple.app.SetTrust SetTrust creates quality of trustline for low account
ripple.app.SetTrust SetTrust creates quality of trustline for high account
ripple.app.SetTrust Create trustline with disallow incoming
ripple.app.SetTrust Reset trust line limit with Authorised Lines: Verify deletion of trust lines
ripple.app.SetTrust Test deletion of trust lines: revert trust line limit to zero
ripple.app.SetTrust Ensure that trust line limits are respected in payment transactions
ripple.app.SetTrust Ensure that authorised trust lines do not allow payments from unauthorised counter-parties
ripple.app.SetTrust Check that trust line limits are respected in conjunction with rippling feature
ripple.app.SetTrust Allow two free trustlines
ripple.app.SetTrust Dynamic reserve for trustline
ripple.app.SetTrust Dynamic reserve for trustline
ripple.app.SetTrust SetTrust using a ticket
ripple.app.SetTrust SetTrust checks for malformed transactions
ripple.app.SetTrust SetTrust removes quality of trustline for low account
ripple.app.SetTrust SetTrust removes quality of trustline for high account
ripple.app.SetTrust SetTrust creates quality of trustline for low account
ripple.app.SetTrust SetTrust creates quality of trustline for high account
ripple.app.SetTrust Create trustline with disallow incoming
ripple.app.SetTrust Reset trust line limit with Authorised Lines: Verify deletion of trust lines
ripple.app.SetTrust Test deletion of trust lines: revert trust line limit to zero
ripple.app.SetTrust Ensure that trust line limits are respected in payment transactions
ripple.app.SetTrust Ensure that authorised trust lines do not allow payments from unauthorised counter-parties
ripple.app.SetTrust Check that trust line limits are respected in conjunction with rippling feature
ripple.app.SetTrust had 0 failures.
ripple.app.TrustAndBalance Trust Nonexistent Account
ripple.app.TrustAndBalance Credit Limit
ripple.app.TrustAndBalance Payment to Nonexistent Account
ripple.app.TrustAndBalance Direct Payment, Ripple
ripple.app.TrustAndBalance Direct Payment: Without  Xfer Fee, Without  Subscribe
ripple.app.TrustAndBalance Direct Payment: With  Xfer Fee, Without  Subscribe
ripple.app.TrustAndBalance Direct Payment: Without  Xfer Fee, With  Subscribe
ripple.app.TrustAndBalance Direct Payment: With  Xfer Fee, With  Subscribe
ripple.app.TrustAndBalance Payments With Paths and Fees
ripple.app.TrustAndBalance Indirect Payment
ripple.app.TrustAndBalance Indirect Payment, Multi Path, With  Xfer Fee,
ripple.app.TrustAndBalance Indirect Payment, Multi Path, Without  Xfer Fee,
ripple.app.TrustAndBalance Set Invoice ID on Payment
ripple.app.TrustAndBalance Payment to Nonexistent Account
ripple.app.TrustAndBalance Direct Payment, Ripple
ripple.app.TrustAndBalance Direct Payment: Without  Xfer Fee, Without  Subscribe
ripple.app.TrustAndBalance Direct Payment: With  Xfer Fee, Without  Subscribe
ripple.app.TrustAndBalance Direct Payment: Without  Xfer Fee, With  Subscribe
ripple.app.TrustAndBalance Direct Payment: With  Xfer Fee, With  Subscribe
ripple.app.TrustAndBalance Payments With Paths and Fees
ripple.app.TrustAndBalance Indirect Payment
ripple.app.TrustAndBalance Indirect Payment, Multi Path, With  Xfer Fee,
ripple.app.TrustAndBalance Indirect Payment, Multi Path, Without  Xfer Fee,
ripple.app.TrustAndBalance Set Invoice ID on Payment
ripple.app.TrustAndBalance had 0 failures.
ripple.basics.IOUAmount zero
ripple.basics.IOUAmount signum
ripple.basics.IOUAmount beast::Zero Comparisons
ripple.basics.IOUAmount IOU Comparisons
ripple.basics.IOUAmount IOU strings
ripple.basics.IOUAmount mulRatio
ripple.basics.IOUAmount had 0 failures.
ripple.basics.Number zero small
ripple.basics.Number test_limits small
ripple.basics.Number testToString small
ripple.basics.Number test_add small
ripple.basics.Number test_sub small
ripple.basics.Number test_mul small
ripple.basics.Number test_mul small towards_zero
ripple.basics.Number test_mul small downward
ripple.basics.Number test_mul small upward
ripple.basics.Number test_mul small overflow
ripple.basics.Number test_div small
ripple.basics.Number test_div small towards_zero
ripple.basics.Number test_div small downward
ripple.basics.Number test_div small upward
ripple.basics.Number test_div small overflow
ripple.basics.Number test_root small
ripple.basics.Number test_root2 small
ripple.basics.Number test_power1 small
ripple.basics.Number test_power2 small
ripple.basics.Number testConversions small
ripple.basics.Number test_to_integer small
ripple.basics.Number test_squelch small
ripple.basics.Number test_relationals small
ripple.basics.Number test_stream small
ripple.basics.Number test_inc_dec small
ripple.basics.Number Rounding
ripple.basics.Number std::int64_t small
ripple.basics.Number zero large
ripple.basics.Number test_limits large
ripple.basics.Number testToString large
ripple.basics.Number test_add large
ripple.basics.Number test_sub large
ripple.basics.Number test_mul large
ripple.basics.Number test_mul large towards_zero
ripple.basics.Number test_mul large downward
ripple.basics.Number test_mul large upward
ripple.basics.Number test_mul large overflow
ripple.basics.Number test_div large
ripple.basics.Number test_div large towards_zero
ripple.basics.Number test_div large downward
ripple.basics.Number test_div large upward
ripple.basics.Number test_div large overflow
ripple.basics.Number test_root large
ripple.basics.Number test_root2 large
ripple.basics.Number test_power1 large
ripple.basics.Number test_power2 large
ripple.basics.Number testConversions large
ripple.basics.Number test_to_integer large
ripple.basics.Number test_squelch large
ripple.basics.Number test_relationals large
ripple.basics.Number test_stream large
ripple.basics.Number test_inc_dec large
ripple.basics.Number Rounding
ripple.basics.Number std::int64_t large
ripple.basics.Number had 0 failures.
ripple.ledger.PaymentSandbox selfFunding
ripple.ledger.PaymentSandbox subtractCredits
ripple.ledger.PaymentSandbox Tiny balance
ripple.ledger.PaymentSandbox Reserve
ripple.ledger.PaymentSandbox balanceHook
ripple.ledger.PaymentSandbox selfFunding
ripple.ledger.PaymentSandbox subtractCredits
ripple.ledger.PaymentSandbox Tiny balance
ripple.ledger.PaymentSandbox Reserve
ripple.ledger.PaymentSandbox balanceHook
ripple.ledger.PaymentSandbox had 0 failures.
ripple.protocol.Issue Currency
ripple.protocol.Issue AccountID
ripple.protocol.Issue Issue
ripple.protocol.Issue Issue
ripple.protocol.Issue std::set <Issue>
ripple.protocol.Issue std::set <Issue>
ripple.protocol.Issue std::unordered_set <Issue>
ripple.protocol.Issue std::unordered_set <Issue>
ripple.protocol.Issue hash_set <Issue>
ripple.protocol.Issue hash_set <Issue>
ripple.protocol.Issue std::map <Issue, int>
ripple.protocol.Issue std::map <Issue, int>
ripple.protocol.Issue std::unordered_map <Issue, int>
ripple.protocol.Issue std::unordered_map <Issue, int>
ripple.protocol.Issue hash_map <Issue, int>
ripple.protocol.Issue hash_map <Issue, int>
ripple.protocol.Issue Book
ripple.protocol.Issue Book
ripple.protocol.Issue std::set <Book>
ripple.protocol.Issue std::set <Book>
ripple.protocol.Issue std::unordered_set <Book>
ripple.protocol.Issue std::unordered_set <Book>
ripple.protocol.Issue hash_set <Book>
ripple.protocol.Issue hash_set <Book>
ripple.protocol.Issue std::map <Book, int>
ripple.protocol.Issue std::map <Book, int>
ripple.protocol.Issue std::unordered_map <Book, int>
ripple.protocol.Issue std::unordered_map <Book, int>
ripple.protocol.Issue hash_map <Book, int>
ripple.protocol.Issue hash_map <Book, int>
ripple.protocol.Issue std::set <std::pair<Issue, Domain>>
ripple.protocol.Issue std::set <std::pair<Issue, Domain>>
ripple.protocol.Issue hash_set <std::pair<Issue, Domain>>
ripple.protocol.Issue hash_set <std::pair<Issue, Domain>>
ripple.protocol.Issue std::map <std::pair<Issue, Domain>, int>
ripple.protocol.Issue std::map <std::pair<Issue, Domain>, int>
ripple.protocol.Issue hash_map <std::pair<Issue, Domain>, int>
ripple.protocol.Issue hash_map <std::pair<Issue, Domain>, int>
ripple.protocol.Issue hardened_hash_map <std::pair<Issue, Domain>, int>
ripple.protocol.Issue hardened_hash_map <std::pair<Issue, Domain>, int>
ripple.protocol.Issue had 0 failures.
ripple.protocol.STAmount set value (native)
ripple.protocol.STAmount set value (iou)
ripple.protocol.STAmount native currency
ripple.protocol.STAmount custom currency
ripple.protocol.STAmount arithmetic
ripple.protocol.STAmount underflow
ripple.protocol.STAmount STAmount to XRPAmount conversions
ripple.protocol.STAmount STAmount to IOUAmount conversions
ripple.protocol.STAmount can add xrp
ripple.protocol.STAmount can add iou
ripple.protocol.STAmount can add mpt
ripple.protocol.STAmount can subtract xrp
ripple.protocol.STAmount can subtract iou
ripple.protocol.STAmount can subtract mpt
ripple.protocol.STAmount had 0 failures.
ripple.protocol.STNumber small
ripple.protocol.STNumber large
ripple.protocol.STNumber had 0 failures.
Longest suite times:
   11.3s ripple.app.Flow
    7.9s ripple.app.Path
    3.9s ripple.app.SetTrust
    2.9s ripple.app.PayStrand
    2.6s ripple.app.TrustAndBalance
    1.1s ripple.ledger.PaymentSandbox
31.1s, 11 suites, 265 cases, 122354 tests total, 0 failures
