ripple.app.AccountDelete Basics
ripple.app.AccountDelete Directories
ripple.app.AccountDelete Owned types
ripple.app.AccountDelete Resurrection
ripple.app.AccountDelete Amendment enable
ripple.app.AccountDelete Too many offers
ripple.app.AccountDelete Implicitly created trust line
ripple.app.AccountDelete Balance too small for fee
ripple.app.AccountDelete With Tickets
ripple.app.AccountDelete Destination Constraints
ripple.app.AccountDelete Destination Constraints with DepositPreauth and Credentials
ripple.app.AccountDelete Credentials that aren't required
ripple.app.AccountDelete Expired credentials
ripple.app.AccountDelete Credentials feature disabled
ripple.app.AccountDelete Deleting Issuer deletes issued credentials
ripple.app.AccountDelete Deleting Subject deletes issued credentials
ripple.app.AccountDelete had 0 failures.
ripple.app.Check Enabled
ripple.app.Check Create valid
ripple.app.Check Create valid with disallow incoming
ripple.app.Check Create invalid
ripple.app.Check Cash XRP
ripple.app.Check Cash IOU
ripple.app.Check Cash with transfer fee
ripple.app.Check Cash quality
ripple.app.Check Cash invalid
ripple.app.Check Cancel valid
ripple.app.Check Cancel invalid
ripple.app.Check Fix1623 enable
ripple.app.Check With Tickets
ripple.app.Check Enabled
ripple.app.Check Create valid
ripple.app.Check Create valid with disallow incoming
ripple.app.Check Create invalid
ripple.app.Check Cash XRP
ripple.app.Check Cash IOU
ripple.app.Check Cash with transfer fee
ripple.app.Check Cash quality
ripple.app.Check Cash invalid
ripple.app.Check Cancel valid
ripple.app.Check Cancel invalid
ripple.app.Check Fix1623 enable
ripple.app.Check With Tickets
ripple.app.Check Enabled
ripple.app.Check Create valid
ripple.app.Check Create valid with disallow incoming
ripple.app.Check Create invalid
ripple.app.Check Cash XRP
ripple.app.Check Cash IOU
ripple.app.Check Cash with transfer fee
ripple.app.Check Cash quality
ripple.app.Check Cash invalid
ripple.app.Check Cancel valid
ripple.app.Check Cancel invalid
ripple.app.Check Fix1623 enable
ripple.app.Check With Tickets
ripple.app.Check Trust Line Creation
ripple.app.Check had 0 failures.
ripple.app.DepositAuth Enable
ripple.app.DepositAuth Pay IOU
ripple.app.DepositAuth Pay XRP
ripple.app.DepositAuth No Ripple
ripple.app.DepositAuth had 0 failures.
ripple.app.DepositPreauth Enable
ripple.app.DepositPreauth Invalid
ripple.app.DepositPreauth Payment
ripple.app.DepositPreauth Payment
ripple.app.DepositPreauth Payment
ripple.app.DepositPreauth Payment
ripple.app.DepositPreauth Payment failure with disabled credentials rule.
ripple.app.DepositPreauth Payment with credentials.
ripple.app.DepositPreauth Payment failure with invalid credentials.
ripple.app.DepositPreauth Creating / deleting with credentials.
ripple.app.DepositPreauth Payment failure with expired credentials.
ripple.app.DepositPreauth Escrow failure with expired credentials.
ripple.app.DepositPreauth Sorting credentials.
ripple.app.DepositPreauth Check duplicate credentials.
ripple.app.DepositPreauth had 0 failures.
ripple.app.Escrow Enablement
ripple.app.Escrow Timing: Finish Only
ripple.app.Escrow Timing: Cancel Only
ripple.app.Escrow Timing: Finish and Cancel -> Finish
ripple.app.Escrow Timing: Finish and Cancel -> Cancel
ripple.app.Escrow Tags
ripple.app.Escrow Disallow XRP
ripple.app.Escrow Implied Finish Time (without fix1571)
ripple.app.Escrow Implied Finish Time (with fix1571)
ripple.app.Escrow Failure Cases
ripple.app.Escrow Lockup
ripple.app.Escrow Escrow with CryptoConditions
ripple.app.Escrow Metadata to self
ripple.app.Escrow Metadata to other
ripple.app.Escrow Consequences
ripple.app.Escrow Escrow with tickets
ripple.app.Escrow Test with credentials
ripple.app.Escrow Escrow with credentials without depositPreauth
ripple.app.Escrow Enablement
ripple.app.Escrow Timing: Finish Only
ripple.app.Escrow Timing: Cancel Only
ripple.app.Escrow Timing: Finish and Cancel -> Finish
ripple.app.Escrow Timing: Finish and Cancel -> Cancel
ripple.app.Escrow Tags
ripple.app.Escrow Disallow XRP
ripple.app.Escrow Implied Finish Time (without fix1571)
ripple.app.Escrow Implied Finish Time (with fix1571)
ripple.app.Escrow Failure Cases
ripple.app.Escrow Lockup
ripple.app.Escrow Escrow with CryptoConditions
ripple.app.Escrow Metadata to self
ripple.app.Escrow Metadata to other
ripple.app.Escrow Consequences
ripple.app.Escrow Escrow with tickets
ripple.app.Escrow Test with credentials
ripple.app.Escrow Escrow with credentials without depositPreauth
ripple.app.Escrow Tags
ripple.app.Escrow had 0 failures.
ripple.app.Invariants XRP created
ripple.app.Invariants account root removed
ripple.app.Invariants account root deletion left artifact
ripple.app.Invariants ledger entry types don't match
ripple.app.Invariants trust lines with XRP not allowed
ripple.app.Invariants trust lines with deep freeze flag without freeze not allowed
ripple.app.Invariants transfers when frozen
ripple.app.Invariants XRP balance checks
ripple.app.Invariants Transaction fee checks
ripple.app.Invariants no bad offers
ripple.app.Invariants no zero escrow
ripple.app.Invariants valid new account root
ripple.app.Invariants NFTokenPage
ripple.app.Invariants PermissionedDomain fix
ripple.app.Invariants PermissionedDomain 2
ripple.app.Invariants PermissionedDomain 3
ripple.app.Invariants PermissionedDomain 4
ripple.app.Invariants PermissionedDomain Set 1
ripple.app.Invariants PermissionedDomain Set 2
ripple.app.Invariants PermissionedDomain Set 3
ripple.app.Invariants PermissionedDomain Set 4
ripple.app.Invariants PermissionedDomain set 2 domains
ripple.app.Invariants PermissionedDomain del 2 domains
ripple.app.Invariants PermissionedDomain set 0 domains
ripple.app.Invariants PermissionedDomain del 0 domains
ripple.app.Invariants PermissionedDomain set, delete domain
ripple.app.Invariants PermissionedDomain del, create domain
ripple.app.Invariants PermissionedDomain invalid tx
ripple.app.Invariants PermissionedDomain
ripple.app.Invariants PermissionedDomain 2
ripple.app.Invariants PermissionedDomain 3
ripple.app.Invariants PermissionedDomain 4
ripple.app.Invariants PermissionedDomain Set 1
ripple.app.Invariants PermissionedDomain Set 2
ripple.app.Invariants PermissionedDomain Set 3
ripple.app.Invariants PermissionedDomain Set 4
ripple.app.Invariants PermissionedDomain set 2 domains
ripple.app.Invariants PermissionedDomain del 2 domains
ripple.app.Invariants PermissionedDomain set 0 domains
ripple.app.Invariants PermissionedDomain del 0 domains
ripple.app.Invariants PermissionedDomain set, delete domain
ripple.app.Invariants PermissionedDomain del, create domain
ripple.app.Invariants PermissionedDomain invalid tx
ripple.app.Invariants PermissionedDEX fix
ripple.app.Invariants PermissionedDEX
ripple.app.Invariants no modified unmodifiable fields
ripple.app.Invariants valid pseudo accounts
ripple.app.Invariants valid loan broker
ripple.app.Invariants Vault general checks
ripple.app.Invariants Vault create
ripple.app.Invariants Vault deposit
ripple.app.Invariants Vault withdrawal
ripple.app.Invariants Vault clawback
ripple.app.Invariants overwrite: NoXRPTrustLines fix
ripple.app.Invariants overwrite: NoDeepFreeze fix
ripple.app.Invariants overwrite: NoZeroEscrow MPT fix
ripple.app.Invariants overwrite: NoXRPTrustLines
ripple.app.Invariants overwrite: NoDeepFreeze
ripple.app.Invariants overwrite: NoZeroEscrow MPT
ripple.app.Invariants vault computeCoarsestScale: No values
ripple.app.Invariants vault computeCoarsestScale: Mixed integer and Number values
ripple.app.Invariants vault computeCoarsestScale: Mixed scales
ripple.app.Invariants vault computeCoarsestScale: Equal scales
ripple.app.Invariants vault computeCoarsestScale: Mixed mantissa sizes
ripple.app.Invariants vault computeCoarsestScale: False equivalence
ripple.app.Invariants had 0 failures.
ripple.app.MultiSign No Reserve
ripple.app.MultiSign SignerListSet
ripple.app.MultiSign Phantom Signers
ripple.app.MultiSign Fee
ripple.app.MultiSign Misordered Signers
ripple.app.MultiSign Master Signers
ripple.app.MultiSign Regular Signers
ripple.app.MultiSign Regular Signers Using submit_multisigned
ripple.app.MultiSign Heterogenious Signers
ripple.app.MultiSign Key Disable
ripple.app.MultiSign Regular Key
ripple.app.MultiSign Transaction Types
ripple.app.MultiSign Bad Signature Text
ripple.app.MultiSign No Multisigners
ripple.app.MultiSign Multisigning multisigner
ripple.app.MultiSign sign_for Hash
ripple.app.MultiSign Signers With Tickets
ripple.app.MultiSign No Reserve
ripple.app.MultiSign SignerListSet
ripple.app.MultiSign Phantom Signers
ripple.app.MultiSign Fee
ripple.app.MultiSign Misordered Signers
ripple.app.MultiSign Master Signers
ripple.app.MultiSign Regular Signers
ripple.app.MultiSign Regular Signers Using submit_multisigned
ripple.app.MultiSign Heterogenious Signers
ripple.app.MultiSign Key Disable
ripple.app.MultiSign Regular Key
ripple.app.MultiSign Transaction Types
ripple.app.MultiSign Bad Signature Text
ripple.app.MultiSign No Multisigners
ripple.app.MultiSign Multisigning multisigner
ripple.app.MultiSign sign_for Hash
ripple.app.MultiSign Signers With Tickets
ripple.app.MultiSign No Reserve
ripple.app.MultiSign SignerListSet
ripple.app.MultiSign Phantom Signers
ripple.app.MultiSign Fee
ripple.app.MultiSign Misordered Signers
ripple.app.MultiSign Master Signers
ripple.app.MultiSign Regular Signers
ripple.app.MultiSign Regular Signers Using submit_multisigned
ripple.app.MultiSign Heterogenious Signers
ripple.app.MultiSign Key Disable
ripple.app.MultiSign Regular Key
ripple.app.MultiSign Transaction Types
ripple.app.MultiSign Bad Signature Text
ripple.app.MultiSign No Multisigners
ripple.app.MultiSign Multisigning multisigner
ripple.app.MultiSign sign_for Hash
ripple.app.MultiSign Signers With Tickets
ripple.app.MultiSign Signers With Tags
ripple.app.MultiSign SignerListSet flag, fix disabled
ripple.app.MultiSign SignerListSet flag, fix enabled
ripple.app.MultiSign SignerList Object
ripple.app.MultiSign SignerList Object
ripple.app.MultiSign Amendment Transition
ripple.app.MultiSign had 0 failures.
ripple.app.PayChan simple
ripple.app.PayChan Disallow Incoming Flag
ripple.app.PayChan cancel after
ripple.app.PayChan settle delay
ripple.app.PayChan expiration
ripple.app.PayChan close dry
ripple.app.PayChan default amount
ripple.app.PayChan Disallow XRP
ripple.app.PayChan Dst Tag
ripple.app.PayChan Deposit Authorization
ripple.app.PayChan Multiple channels to the same account
ripple.app.PayChan AccountChannels RPC
ripple.app.PayChan Account channels RPC markers
ripple.app.PayChan Account channels RPC owner only
ripple.app.PayChan PayChan Channel_Auth RPC Api 1
ripple.app.PayChan PayChan Channel_Auth RPC Api 2
ripple.app.PayChan PayChan Channel_Auth RPC Api 3
ripple.app.PayChan PayChan Auth/Verify RPC
ripple.app.PayChan Optional Fields
ripple.app.PayChan malformed pk
ripple.app.PayChan Metadata & Ownership
ripple.app.PayChan Account Delete
ripple.app.PayChan using tickets
ripple.app.PayChan simple
ripple.app.PayChan Disallow Incoming Flag
ripple.app.PayChan cancel after
ripple.app.PayChan settle delay
ripple.app.PayChan expiration
ripple.app.PayChan close dry
ripple.app.PayChan default amount
ripple.app.PayChan Disallow XRP
ripple.app.PayChan Dst Tag
ripple.app.PayChan Deposit Authorization
ripple.app.PayChan Multiple channels to the same account
ripple.app.PayChan AccountChannels RPC
ripple.app.PayChan Account channels RPC markers
ripple.app.PayChan Account channels RPC owner only
ripple.app.PayChan PayChan Channel_Auth RPC Api 1
ripple.app.PayChan PayChan Channel_Auth RPC Api 2
ripple.app.PayChan PayChan Channel_Auth RPC Api 3
ripple.app.PayChan PayChan Auth/Verify RPC
ripple.app.PayChan Optional Fields
ripple.app.PayChan malformed pk
ripple.app.PayChan Metadata & Ownership
ripple.app.PayChan Account Delete
ripple.app.PayChan using tickets
ripple.app.PayChan Deposit Authorization with Credentials
ripple.app.PayChan Metadata & Ownership
ripple.app.PayChan had 0 failures.
ripple.app.SetRegularKey Set regular key
ripple.app.SetRegularKey Disable master key
ripple.app.SetRegularKey Re-enable master key
ripple.app.SetRegularKey Revoke regular key
ripple.app.SetRegularKey Set regular key
ripple.app.SetRegularKey Disable master key
ripple.app.SetRegularKey Re-enable master key
ripple.app.SetRegularKey Revoke regular key
ripple.app.SetRegularKey Set regular key to master key (before fixMasterKeyAsRegularKey)
ripple.app.SetRegularKey Set regular key to master key (after fixMasterKeyAsRegularKey)
ripple.app.SetRegularKey Password spent
ripple.app.SetRegularKey Universal mask
ripple.app.SetRegularKey Ticket regular key
ripple.app.SetRegularKey had 0 failures.
ripple.app.Ticket Feature Not Enabled
ripple.app.Ticket Create Tickets that fail Preflight
ripple.app.Ticket Create Tickets that fail Preclaim
ripple.app.Ticket Create Ticket Insufficient Reserve
ripple.app.Ticket Using Tickets
ripple.app.Ticket Transaction Database With Tickets
ripple.app.Ticket Sign with TicketSequence
ripple.app.Ticket Fix both Seq and Ticket
ripple.app.Ticket had 0 failures.
Longest suite times:
   23.3s ripple.app.Invariants
   11.0s ripple.app.AccountDelete
   10.0s ripple.app.PayChan
   10.0s ripple.app.Check
    7.4s ripple.app.Escrow
    6.2s ripple.app.MultiSign
    3.0s ripple.app.DepositAuth
    2.2s ripple.app.DepositPreauth
    1.2s ripple.app.Ticket
75.2s, 10 suites, 302 cases, 37723 tests total, 0 failures
