ripple.app.MultiSign No Reserve
ripple.app.MultiSign SignerListSet
ripple.app.MultiSign Phantom Signers
ripple.app.MultiSign Fee
ripple.app.MultiSign Misordered Signers
ripple.app.MultiSign Master Signers
ripple.app.MultiSign Regular Signers
ripple.app.MultiSign Regular Signers Using submit_multisigned
ripple.app.MultiSign Heterogenious Signers
ripple.app.MultiSign Key Disable
ripple.app.MultiSign Regular Key
ripple.app.MultiSign Transaction Types
ripple.app.MultiSign Bad Signature Text
ripple.app.MultiSign No Multisigners
ripple.app.MultiSign Multisigning multisigner
ripple.app.MultiSign sign_for Hash
ripple.app.MultiSign Signers With Tickets
ripple.app.MultiSign No Reserve
ripple.app.MultiSign SignerListSet
ripple.app.MultiSign Phantom Signers
ripple.app.MultiSign Fee
ripple.app.MultiSign Misordered Signers
ripple.app.MultiSign Master Signers
ripple.app.MultiSign Regular Signers
ripple.app.MultiSign Regular Signers Using submit_multisigned
ripple.app.MultiSign Heterogenious Signers
ripple.app.MultiSign Key Disable
ripple.app.MultiSign Regular Key
ripple.app.MultiSign Transaction Types
ripple.app.MultiSign Bad Signature Text
ripple.app.MultiSign No Multisigners
ripple.app.MultiSign Multisigning multisigner
ripple.app.MultiSign sign_for Hash
ripple.app.MultiSign Signers With Tickets
ripple.app.MultiSign No Reserve
ripple.app.MultiSign SignerListSet
ripple.app.MultiSign Phantom Signers
ripple.app.MultiSign Fee
ripple.app.MultiSign Misordered Signers
ripple.app.MultiSign Master Signers
ripple.app.MultiSign Regular Signers
ripple.app.MultiSign Regular Signers Using submit_multisigned
ripple.app.MultiSign Heterogenious Signers
ripple.app.MultiSign Key Disable
ripple.app.MultiSign Regular Key
ripple.app.MultiSign Transaction Types
ripple.app.MultiSign Bad Signature Text
ripple.app.MultiSign No Multisigners
ripple.app.MultiSign Multisigning multisigner
ripple.app.MultiSign sign_for Hash
ripple.app.MultiSign Signers With Tickets
ripple.app.MultiSign Signers With Tags
ripple.app.MultiSign SignerListSet flag, fix disabled
ripple.app.MultiSign SignerListSet flag, fix enabled
ripple.app.MultiSign SignerList Object
ripple.app.MultiSign SignerList Object
ripple.app.MultiSign Amendment Transition
ripple.app.MultiSign had 0 failures.
ripple.app.PseudoTx
ripple.app.PseudoTx had 0 failures.
ripple.app.SetRegularKey Set regular key
ripple.app.SetRegularKey Disable master key
ripple.app.SetRegularKey Re-enable master key
ripple.app.SetRegularKey Revoke regular key
ripple.app.SetRegularKey Set regular key
ripple.app.SetRegularKey Disable master key
ripple.app.SetRegularKey Re-enable master key
ripple.app.SetRegularKey Revoke regular key
ripple.app.SetRegularKey Set regular key to master key (before fixMasterKeyAsRegularKey)
ripple.app.SetRegularKey Set regular key to master key (after fixMasterKeyAsRegularKey)
ripple.app.SetRegularKey Password spent
ripple.app.SetRegularKey Universal mask
ripple.app.SetRegularKey Ticket regular key
ripple.app.SetRegularKey had 0 failures.
ripple.app.Ticket Feature Not Enabled
ripple.app.Ticket Create Tickets that fail Preflight
ripple.app.Ticket Create Tickets that fail Preclaim
ripple.app.Ticket Create Ticket Insufficient Reserve
ripple.app.Ticket Using Tickets
ripple.app.Ticket Transaction Database With Tickets
ripple.app.Ticket Sign with TicketSequence
ripple.app.Ticket Fix both Seq and Ticket
ripple.app.Ticket had 0 failures.
ripple.app.Transaction_ordering Correct Order
ripple.app.Transaction_ordering Incorrect order
ripple.app.Transaction_ordering Incorrect order multiple intermediaries
ripple.app.Transaction_ordering had 0 failures.
ripple.protocol.STObject fields
ripple.protocol.STObject serialization
ripple.protocol.STObject Malformed serialized forms
ripple.protocol.STObject had 0 failures.
ripple.protocol.STTx Malformed serialized form
ripple.protocol.STTx secp256k1 signatures
ripple.protocol.STTx ed25519 signatures
ripple.protocol.STTx STObject constructor errors
ripple.protocol.STTx had 0 failures.
ripple.protocol.SeqProxy
ripple.protocol.SeqProxy had 0 failures.
ripple.protocol.Serializer
ripple.protocol.Serializer had 0 failures.
ripple.tx.Apply Require Fully Canonicial Signature
ripple.tx.Apply had 0 failures.
Longest suite times:
    6.4s ripple.app.MultiSign
    1.2s ripple.app.Ticket
9.4s, 10 suites, 92 cases, 6782 tests total, 0 failures
