ripple.app.Flow limitQuality
ripple.app.Flow Circular XRP
ripple.app.Flow ripd1443
ripple.app.Flow ripd1449
ripple.app.Flow Line Quality
ripple.app.Flow falseDryChanges
ripple.app.Flow Book Step
ripple.app.Flow Direct Step
ripple.app.Flow Book Step
ripple.app.Flow Transfer Rate
ripple.app.Flow Self-payment 1
ripple.app.Flow Self-payment 2
ripple.app.Flow Self funded XRPEndpoint
ripple.app.Flow Self funded XRPEndpoint
ripple.app.Flow Unfunded Offer
ripple.app.Flow ReexecuteDirectStep
ripple.app.Flow Self crossing low quality offer
ripple.app.Flow Payment with ticket
ripple.app.Flow Line Quality
ripple.app.Flow falseDryChanges
ripple.app.Flow Book Step
ripple.app.Flow Direct Step
ripple.app.Flow Book Step
ripple.app.Flow Transfer Rate
ripple.app.Flow Self-payment 1
ripple.app.Flow Self-payment 2
ripple.app.Flow Self funded XRPEndpoint
ripple.app.Flow Self funded XRPEndpoint
ripple.app.Flow Unfunded Offer
ripple.app.Flow ReexecuteDirectStep
ripple.app.Flow Self crossing low quality offer
ripple.app.Flow Payment with ticket
ripple.app.Flow Empty Strand
ripple.app.Flow had 0 failures.
ripple.app.MPToken Multi-send MaximumAmount enforcement
ripple.app.MPToken Create Validate
ripple.app.MPToken Create Validate
ripple.app.MPToken Create Validate
ripple.app.MPToken Create Enabled
ripple.app.MPToken Create Enabled
ripple.app.MPToken Destroy Validate
ripple.app.MPToken Destroy Validate
ripple.app.MPToken Destroy Enabled
ripple.app.MPToken Destroy Enabled
ripple.app.MPToken Validate authorize transaction
ripple.app.MPToken Validate authorize transaction
ripple.app.MPToken Authorize Enabled
ripple.app.MPToken Authorize Enabled
ripple.app.MPToken Validate set transaction
ripple.app.MPToken Validate set transaction
ripple.app.MPToken Validate set transaction
ripple.app.MPToken Validate set transaction
ripple.app.MPToken Validate set transaction
ripple.app.MPToken Enabled set transaction
ripple.app.MPToken Enabled set transaction
ripple.app.MPToken MPT clawback validations
ripple.app.MPToken MPT Clawback
ripple.app.MPToken Payment
ripple.app.MPToken DepositPreauth
ripple.app.MPToken DepositPreauth disabled featureCredentials
ripple.app.MPToken DepositPreauth disabled featureCredentials
ripple.app.MPToken MPT Issue Invalid in Transaction
ripple.app.MPToken Test synthetic fields from tx response
ripple.app.MPToken Tokens Equality
ripple.app.MPToken Test STAmount MPT arithmetics
ripple.app.MPToken Test MPTAmount arithmetics
ripple.app.MPToken Test MPTIssue from/to Json
ripple.app.MPToken Test Asset from/to Json
ripple.app.MPToken invalid MPTokenIssuanceCreate for DynamicMPT
ripple.app.MPToken invalid MPTokenIssuanceSet for DynamicMPT
ripple.app.MPToken Mutate MPT
ripple.app.MPToken Mutate MPTCanLock
ripple.app.MPToken Mutate MPTRequireAuth
ripple.app.MPToken Mutate MPTCanEscrow
ripple.app.MPToken Mutate MPTCanTransfer
ripple.app.MPToken Mutate MPTCanClawback
ripple.app.MPToken had 0 failures.
ripple.app.AccountTxPaging Paging for Single Account
ripple.app.AccountTxPaging had 0 failures.
ripple.app.Path source currency limits
ripple.app.Path no direct path no intermediary no alternatives
ripple.app.Path direct path no intermediary
ripple.app.Path payment auto path find
ripple.app.Path path find
ripple.app.Path alternative paths - consume best transfer first
ripple.app.Path path negative: ripple-client issue #23: smaller
ripple.app.Path path negative: ripple-client issue #23: larger
ripple.app.Path quality set and test
ripple.app.Path trust normal clear
ripple.app.Path trust auto clear
ripple.app.Path ripple -> ripple
ripple.app.Path ripple -> no ripple
ripple.app.Path no ripple -> ripple
ripple.app.Path no ripple -> no ripple
ripple.app.Path path find w/o domain
ripple.app.Path path find consume all w/o domain
ripple.app.Path alternative path consume both w/o domain
ripple.app.Path alternative paths consume best transfer w/o domain
ripple.app.Path alternative paths - limit returned paths to best quality w/o domain
ripple.app.Path path negative: Issue #5 w/o domain
ripple.app.Path via gateway w/o domain
ripple.app.Path XRP to XRP w/o domain
ripple.app.Path Receive max w/o domain
ripple.app.Path Path Find: XRP -> XRP and XRP -> IOU w/o domain
ripple.app.Path Path Find: non-XRP -> XRP w/o domain
ripple.app.Path Path Find: Bitstamp and SnapSwap, liquidity with no offers w/o domain
ripple.app.Path Path Find: non-XRP -> non-XRP, same currency w/o domain
ripple.app.Path Path Find: non-XRP -> non-XRP, same currency) w/o domain
ripple.app.Path path find w/ domain
ripple.app.Path path find consume all w/ domain
ripple.app.Path alternative path consume both w/ domain
ripple.app.Path alternative paths consume best transfer w/ domain
ripple.app.Path alternative paths - limit returned paths to best quality w/ domain
ripple.app.Path path negative: Issue #5 w/ domain
ripple.app.Path via gateway w/ domain
ripple.app.Path XRP to XRP w/ domain
ripple.app.Path Receive max w/ domain
ripple.app.Path Path Find: XRP -> XRP and XRP -> IOU w/ domain
ripple.app.Path Path Find: non-XRP -> XRP w/ domain
ripple.app.Path Path Find: Bitstamp and SnapSwap, liquidity with no offers w/ domain
ripple.app.Path Path Find: non-XRP -> non-XRP, same currency w/ domain
ripple.app.Path Path Find: non-XRP -> non-XRP, same currency) w/ domain
ripple.app.Path Hybrid offer path
ripple.app.Path AMM not used in domain path
ripple.app.Path had 0 failures.
ripple.app.PayStrand To Strand
ripple.app.PayStrand To Strand
ripple.app.PayStrand RIPD1373
ripple.app.PayStrand RIPD1373
ripple.app.PayStrand test loop
ripple.app.PayStrand test loop
ripple.app.PayStrand test no account
ripple.app.PayStrand had 0 failures.
ripple.app.Transaction_ordering Correct Order
ripple.app.Transaction_ordering Incorrect order
ripple.app.Transaction_ordering Incorrect order multiple intermediaries
ripple.app.Transaction_ordering had 0 failures.
ripple.rpc.AccountTx Parameters APIv1
ripple.rpc.AccountTx Parameters APIv2
ripple.rpc.AccountTx Parameters APIv3
ripple.rpc.AccountTx Contents
ripple.rpc.AccountTx AccountDelete
ripple.rpc.AccountTx MPT
ripple.rpc.AccountTx had 0 failures.
ripple.rpc.DeliveredAmount Ledger Request RPC DeliveredAmount
ripple.rpc.DeliveredAmount Ledger Request Subscribe DeliveredAmount
ripple.rpc.DeliveredAmount MPT DeliveredAmount
ripple.rpc.DeliveredAmount MPT DeliveredAmount
ripple.rpc.DeliveredAmount had 0 failures.
ripple.rpc.LedgerRPC Basic Request
ripple.rpc.LedgerRPC Bad Input
ripple.rpc.LedgerRPC ledger_current Request
ripple.rpc.LedgerRPC Ledger Request, Full Option
ripple.rpc.LedgerRPC Ledger Request, Full Option Without Admin
ripple.rpc.LedgerRPC Ledger Request, Accounts Option
ripple.rpc.LedgerRPC Lookup ledger
ripple.rpc.LedgerRPC Ledger with queueing disabled
ripple.rpc.LedgerRPC Ledger with Queued Transactions
ripple.rpc.LedgerRPC Ledger Request, Accounts Hashes
ripple.rpc.LedgerRPC had 0 failures.
ripple.rpc.Transaction Test binary request API version 1
ripple.rpc.Transaction Test binary request API version 2
ripple.rpc.Transaction Test binary request API version 3
ripple.rpc.Transaction Test Range Request
ripple.rpc.Transaction CTID Range Request
ripple.rpc.Transaction CTID Validation
ripple.rpc.Transaction CTID RPC
ripple.rpc.Transaction Test Request API version 1
ripple.rpc.Transaction Test Request API version 2
ripple.rpc.Transaction Test Request API version 3
ripple.rpc.Transaction had 0 failures.
ripple.rpc.TransactionEntry Invalid request params
ripple.rpc.TransactionEntry Basic request API version 1
ripple.rpc.TransactionEntry Basic request API version 2
ripple.rpc.TransactionEntry Basic request API version 3
ripple.rpc.TransactionEntry had 0 failures.
Longest suite times:
   14.8s ripple.app.MPToken
   11.7s ripple.app.Flow
    8.5s ripple.rpc.Transaction
    7.9s ripple.app.Path
    2.9s ripple.app.PayStrand
    2.6s ripple.rpc.DeliveredAmount
    1.2s ripple.rpc.LedgerRPC
51.6s, 11 suites, 165 cases, 38008 tests total, 0 failures
