ripple.app.MPToken Multi-send MaximumAmount enforcement
ripple.app.MPToken Create Validate
ripple.app.MPToken Create Validate
ripple.app.MPToken Create Validate
ripple.app.MPToken Create Enabled
ripple.app.MPToken Create Enabled
ripple.app.MPToken Destroy Validate
ripple.app.MPToken Destroy Validate
ripple.app.MPToken Destroy Enabled
ripple.app.MPToken Destroy Enabled
ripple.app.MPToken Validate authorize transaction
ripple.app.MPToken Validate authorize transaction
ripple.app.MPToken Authorize Enabled
ripple.app.MPToken Authorize Enabled
ripple.app.MPToken Validate set transaction
ripple.app.MPToken Validate set transaction
ripple.app.MPToken Validate set transaction
ripple.app.MPToken Validate set transaction
ripple.app.MPToken Validate set transaction
ripple.app.MPToken Enabled set transaction
ripple.app.MPToken Enabled set transaction
ripple.app.MPToken MPT clawback validations
ripple.app.MPToken MPT Clawback
ripple.app.MPToken Payment
ripple.app.MPToken DepositPreauth
ripple.app.MPToken DepositPreauth disabled featureCredentials
ripple.app.MPToken DepositPreauth disabled featureCredentials
ripple.app.MPToken MPT Issue Invalid in Transaction
ripple.app.MPToken Test synthetic fields from tx response
ripple.app.MPToken Tokens Equality
ripple.app.MPToken Test STAmount MPT arithmetics
ripple.app.MPToken Test MPTAmount arithmetics
ripple.app.MPToken Test MPTIssue from/to Json
ripple.app.MPToken Test Asset from/to Json
ripple.app.MPToken invalid MPTokenIssuanceCreate for DynamicMPT
ripple.app.MPToken invalid MPTokenIssuanceSet for DynamicMPT
ripple.app.MPToken Mutate MPT
ripple.app.MPToken Mutate MPTCanLock
ripple.app.MPToken Mutate MPTRequireAuth
ripple.app.MPToken Mutate MPTCanEscrow
ripple.app.MPToken Mutate MPTCanTransfer
ripple.app.MPToken Mutate MPTCanClawback
ripple.app.MPToken had 0 failures.
ripple.app.AMMClawback test invalid request
ripple.app.AMMClawback test featureAMMClawback is not enabled.
ripple.app.AMMClawback test AMMClawback specific amount
ripple.app.AMMClawback test AMMClawback specific amount which exceeds the current balance
ripple.app.AMMClawback test AMMClawback all the tokens in the AMM pool
ripple.app.AMMClawback test AMMClawback from AMM pool with assets having the same issuer
ripple.app.AMMClawback test AMMClawback from AMM pool with assets having the same currency, but from different issuer
ripple.app.AMMClawback test AMMClawback when issuing token for each other
ripple.app.AMMClawback test AMMClawback from account which does not own any lptoken in the pool
ripple.app.AMMClawback test assets frozen
ripple.app.AMMClawback test single depoit and clawback
ripple.app.AMMClawback test last holder's lptoken balance not equal to AMM's lptoken balance before clawback
ripple.app.AMMClawback test AMMClawback specific amount
ripple.app.AMMClawback test AMMClawback specific amount which exceeds the current balance
ripple.app.AMMClawback test AMMClawback all the tokens in the AMM pool
ripple.app.AMMClawback test AMMClawback from AMM pool with assets having the same issuer
ripple.app.AMMClawback test AMMClawback from AMM pool with assets having the same currency, but from different issuer
ripple.app.AMMClawback test AMMClawback when issuing token for each other
ripple.app.AMMClawback test AMMClawback from account which does not own any lptoken in the pool
ripple.app.AMMClawback test assets frozen
ripple.app.AMMClawback test single depoit and clawback
ripple.app.AMMClawback test last holder's lptoken balance not equal to AMM's lptoken balance before clawback
ripple.app.AMMClawback test AMMClawback specific amount
ripple.app.AMMClawback test AMMClawback specific amount which exceeds the current balance
ripple.app.AMMClawback test AMMClawback all the tokens in the AMM pool
ripple.app.AMMClawback test AMMClawback from AMM pool with assets having the same issuer
ripple.app.AMMClawback test AMMClawback from AMM pool with assets having the same currency, but from different issuer
ripple.app.AMMClawback test AMMClawback when issuing token for each other
ripple.app.AMMClawback test AMMClawback from account which does not own any lptoken in the pool
ripple.app.AMMClawback test assets frozen
ripple.app.AMMClawback test single depoit and clawback
ripple.app.AMMClawback test last holder's lptoken balance not equal to AMM's lptoken balance before clawback
ripple.app.AMMClawback had 0 failures.
ripple.app.Clawback Enable AllowTrustLineClawback flag
ripple.app.Clawback Validation
ripple.app.Clawback Permission
ripple.app.Clawback Enable clawback
ripple.app.Clawback Multi line
ripple.app.Clawback Bidirectional line
ripple.app.Clawback Delete default trustline
ripple.app.Clawback Frozen trustline
ripple.app.Clawback Amount exceeds available
ripple.app.Clawback Tickets
ripple.app.Clawback Enable AllowTrustLineClawback flag
ripple.app.Clawback Validation
ripple.app.Clawback Permission
ripple.app.Clawback Enable clawback
ripple.app.Clawback Multi line
ripple.app.Clawback Bidirectional line
ripple.app.Clawback Delete default trustline
ripple.app.Clawback Frozen trustline
ripple.app.Clawback Amount exceeds available
ripple.app.Clawback Tickets
ripple.app.Clawback had 0 failures.
ripple.app.Credentials Create for subject.
ripple.app.Credentials Create for themself.
ripple.app.Credentials Delete issuer before accept
ripple.app.Credentials Delete issuer after accept
ripple.app.Credentials Delete subject before accept
ripple.app.Credentials Delete subject after accept
ripple.app.Credentials Delete by other
ripple.app.Credentials Delete by subject
ripple.app.Credentials Delete by issuer
ripple.app.Credentials Credentials fail, no subject param.
ripple.app.Credentials Credentials fail, no credentialType param.
ripple.app.Credentials Credentials fail, empty credentialType param.
ripple.app.Credentials Credentials fail, credentialType length > maxCredentialTypeLength.
ripple.app.Credentials Credentials fail, URI length > 256.
ripple.app.Credentials Credentials fail, URI empty.
ripple.app.Credentials Credentials fail, expiration in the past.
ripple.app.Credentials Credentials fail, invalid fee.
ripple.app.Credentials Credentials fail, duplicate.
ripple.app.Credentials Credentials fail, directory full
ripple.app.Credentials Credentials fail, subject doesn't exist.
ripple.app.Credentials Credentials fail, not enough reserve.
ripple.app.Credentials Credentials fail, no subject param.
ripple.app.Credentials Credentials fail, no credentialType param.
ripple.app.Credentials Credentials fail, empty credentialType param.
ripple.app.Credentials Credentials fail, credentialType length > maxCredentialTypeLength.
ripple.app.Credentials Credentials fail, URI length > 256.
ripple.app.Credentials Credentials fail, URI empty.
ripple.app.Credentials Credentials fail, expiration in the past.
ripple.app.Credentials Credentials fail, invalid fee.
ripple.app.Credentials Credentials fail, duplicate.
ripple.app.Credentials Credentials fail, directory full
ripple.app.Credentials Credentials fail, subject doesn't exist.
ripple.app.Credentials Credentials fail, not enough reserve.
ripple.app.Credentials CredentialsAccept fail, Credential doesn't exist.
ripple.app.Credentials CredentialsAccept fail, invalid Issuer account.
ripple.app.Credentials CredentialsAccept fail, invalid credentialType param.
ripple.app.Credentials CredentialsAccept fail, not enough reserve.
ripple.app.Credentials CredentialsAccept fail, invalid fee.
ripple.app.Credentials CredentialsAccept fail, lsfAccepted already set.
ripple.app.Credentials CredentialsAccept fail, expired credentials.
ripple.app.Credentials CredentialsAccept fail, issuer doesn't exist.
ripple.app.Credentials CredentialsDelete fail, no Credentials.
ripple.app.Credentials CredentialsDelete fail, invalid Subject account.
ripple.app.Credentials CredentialsDelete fail, invalid Issuer account.
ripple.app.Credentials CredentialsDelete fail, invalid credentialType param.
ripple.app.Credentials CredentialsDelete fail, time not expired yet.
ripple.app.Credentials CredentialsDelete fail, no Issuer and Subject.
ripple.app.Credentials CredentialsDelete fail, invalid fee.
ripple.app.Credentials deleteSLE fail, bad SLE.
ripple.app.Credentials Credentials fail, Feature is not enabled.
ripple.app.Credentials Test flag, fix disabled
ripple.app.Credentials Test flag, fix enabled
ripple.app.Credentials account_tx
ripple.app.Credentials account_objects
ripple.app.Credentials removeExpired ignores deleteSLE failure  before fix
ripple.app.Credentials removeExpired ignores deleteSLE failure  after fix
ripple.app.Credentials had 0 failures.
ripple.app.EscrowToken IOU Enablement
ripple.app.EscrowToken IOU Allow Locking Flag
ripple.app.EscrowToken IOU Create Preflight
ripple.app.EscrowToken IOU Create Preclaim
ripple.app.EscrowToken IOU Finish Preclaim
ripple.app.EscrowToken IOU Finish Do Apply
ripple.app.EscrowToken IOU Cancel Preclaim
ripple.app.EscrowToken IOU Balances
ripple.app.EscrowToken IOU Metadata to self
ripple.app.EscrowToken IOU Metadata to other
ripple.app.EscrowToken IOU Metadata to issuer
ripple.app.EscrowToken IOU RippleState
ripple.app.EscrowToken IOU Gateway
ripple.app.EscrowToken IOU Locked Rate
ripple.app.EscrowToken IOU Limit
ripple.app.EscrowToken IOU Require Auth
ripple.app.EscrowToken IOU Freeze
ripple.app.EscrowToken IOU Insuficient Funds
ripple.app.EscrowToken IOU Precision Loss
ripple.app.EscrowToken MPT Enablement
ripple.app.EscrowToken MPT Create Preflight
ripple.app.EscrowToken MPT Create Preclaim
ripple.app.EscrowToken MPT Finish Preclaim
ripple.app.EscrowToken MPT Finish Do Apply
ripple.app.EscrowToken MPT Cancel Preclaim
ripple.app.EscrowToken MPT Balances
ripple.app.EscrowToken MPT Metadata to self
ripple.app.EscrowToken MPT Metadata to other
ripple.app.EscrowToken MPT Gateway Balances
ripple.app.EscrowToken MPT Locked Rate
ripple.app.EscrowToken MPT Require Auth
ripple.app.EscrowToken MPT Lock
ripple.app.EscrowToken MPT Can Transfer
ripple.app.EscrowToken MPT Destroy
ripple.app.EscrowToken MPT Enablement
ripple.app.EscrowToken MPT Create Preflight
ripple.app.EscrowToken MPT Create Preclaim
ripple.app.EscrowToken MPT Finish Preclaim
ripple.app.EscrowToken MPT Finish Do Apply
ripple.app.EscrowToken MPT Cancel Preclaim
ripple.app.EscrowToken MPT Balances
ripple.app.EscrowToken MPT Metadata to self
ripple.app.EscrowToken MPT Metadata to other
ripple.app.EscrowToken MPT Gateway Balances
ripple.app.EscrowToken MPT Locked Rate
ripple.app.EscrowToken MPT Require Auth
ripple.app.EscrowToken MPT Lock
ripple.app.EscrowToken MPT Can Transfer
ripple.app.EscrowToken MPT Destroy
ripple.app.EscrowToken IOU Enablement
ripple.app.EscrowToken IOU Allow Locking Flag
ripple.app.EscrowToken IOU Create Preflight
ripple.app.EscrowToken IOU Create Preclaim
ripple.app.EscrowToken IOU Finish Preclaim
ripple.app.EscrowToken IOU Finish Do Apply
ripple.app.EscrowToken IOU Cancel Preclaim
ripple.app.EscrowToken IOU Balances
ripple.app.EscrowToken IOU Metadata to self
ripple.app.EscrowToken IOU Metadata to other
ripple.app.EscrowToken IOU Metadata to issuer
ripple.app.EscrowToken IOU RippleState
ripple.app.EscrowToken IOU Gateway
ripple.app.EscrowToken IOU Locked Rate
ripple.app.EscrowToken IOU Limit
ripple.app.EscrowToken IOU Require Auth
ripple.app.EscrowToken IOU Freeze
ripple.app.EscrowToken IOU Insuficient Funds
ripple.app.EscrowToken IOU Precision Loss
ripple.app.EscrowToken MPT Enablement
ripple.app.EscrowToken MPT Create Preflight
ripple.app.EscrowToken MPT Create Preclaim
ripple.app.EscrowToken MPT Finish Preclaim
ripple.app.EscrowToken MPT Finish Do Apply
ripple.app.EscrowToken MPT Cancel Preclaim
ripple.app.EscrowToken MPT Balances
ripple.app.EscrowToken MPT Metadata to self
ripple.app.EscrowToken MPT Metadata to other
ripple.app.EscrowToken MPT Gateway Balances
ripple.app.EscrowToken MPT Locked Rate
ripple.app.EscrowToken MPT Require Auth
ripple.app.EscrowToken MPT Lock
ripple.app.EscrowToken MPT Can Transfer
ripple.app.EscrowToken MPT Destroy
ripple.app.EscrowToken MPT Enablement
ripple.app.EscrowToken MPT Create Preflight
ripple.app.EscrowToken MPT Create Preclaim
ripple.app.EscrowToken MPT Finish Preclaim
ripple.app.EscrowToken MPT Finish Do Apply
ripple.app.EscrowToken MPT Cancel Preclaim
ripple.app.EscrowToken MPT Balances
ripple.app.EscrowToken MPT Metadata to self
ripple.app.EscrowToken MPT Metadata to other
ripple.app.EscrowToken MPT Gateway Balances
ripple.app.EscrowToken MPT Locked Rate
ripple.app.EscrowToken MPT Require Auth
ripple.app.EscrowToken MPT Lock
ripple.app.EscrowToken MPT Can Transfer
ripple.app.EscrowToken MPT Destroy
ripple.app.EscrowToken had 0 failures.
ripple.app.PermissionedDomains Enabled
ripple.app.PermissionedDomains Enabled
ripple.app.PermissionedDomains Credentials disabled
ripple.app.PermissionedDomains Disabled
ripple.app.PermissionedDomains Set
ripple.app.PermissionedDomains Set
ripple.app.PermissionedDomains Delete
ripple.app.PermissionedDomains Delete
ripple.app.PermissionedDomains Account Reserve
ripple.app.PermissionedDomains Account Reserve
ripple.app.PermissionedDomains had 0 failures.
Longest suite times:
   28.6s ripple.app.EscrowToken
   15.1s ripple.app.MPToken
    8.9s ripple.app.AMMClawback
    5.8s ripple.app.Credentials
    3.7s ripple.app.Clawback
    1.9s ripple.app.PermissionedDomains
64.1s, 6 suites, 258 cases, 31582 tests total, 0 failures
