4539bb074 chore: Consolidate fix amendments (#104)
dde7ca9f2 fix: Use transaction sequence numbers in permissioned domains (#98)
dc707b9f3 feat: Enable and rename fixSecurity3_1_3 amendment (#90)
5aa3d5e23 refactor: Remove erroneous base_uint ctor from container (#46)
519d9057a fix: Improve invariant check for Permissioned Domains (#6134) (#6958)
08d8e440c Stop tx processing if failed to delete expired credentials (#6715)
e09949ccd fix: Fix touchy "funds are conserved" assertion in LoanPay (#6231)
dd99ecc65 fix: Clamp VaultClawback to assetsAvailable for zero-amount clawback (#6646)
06afbd558 fix: Prevent deletion of MPTokens with active escrow (#6635)
415e3d8ca fix: Assorted Permissioned Domain fixes (#6587)
26d416123 fix: Assorted Vault fixes (#6607)
351907457 refactor: Update PermissionedDomainDelete to use keylet for sle access (#6063)
11bab0661 fix: Enforce aggregate MaximumAmount in multi-send MPT (#6644)
0e3600a18 refactor: Improve exception handling
1ead5a7ac Expand Number to support full integer range (#6192)
91d239f10 Improve and fix bugs in Lending Protocol - XLS-66 (#6156)
418ce6830 VaultClawback: Burn shares of an empty vault (#6120)
138d6e751 Implement Lending Protocol (unsupported) (#5270)
4135d56aa fix: floating point representation errors in vault (#5997)
4425f84c1 Remove directory size limit (#5935)
5ebc29c48 fix: Enforce reserve when creating trust line or MPToken in VaultWithdraw (#5857)
b444457c1 chore: Exclude code/unreachable transaction code from Codecov (#5847)
7bc2d5cba chore: Fix release build error (#5864)
5b2ab905c chore: exclude all `UNREACHABLE` blocks from codecov (#5846)
5d79bfc53 Remove bogus coverage warning (#5838)
8e4fda160 Rename flags for DynamicMPT (#5820)
d67dcfe3c refactor: Restructure Transactor::preflight to reduce boilerplate (#5592)
3cbdf818a Miscellaneous refactors and updates (#5590)
dc8b37a52 refactor: Modularise ledger (#5493)
37b951859 Rename mutable flags (#5797)
ccb9f1e42 Support DynamicMPT XLS-94d (#5705)
37c377a1b Fix: EscrowTokenV1 (#5571)
61d628d65 fix: Add restrictions to Permission Delegation: fixDelegateV1_1 (#5650)
cf5f65b68 Add `Scale` to SingleAssetVault (#5652)
b7ed99426 fix: Make test suite names match the directory name (#5597)
b5a63b39d refactor: Decouple ledger from xrpld/app (#5492)
80d82c5b2 Add support for `DomainID` in `MPTokenIssuance` transactions (#5509)
8bfaa7fe0 test: Run unit tests regardless of 'Supported' amendment status (#5537)
8aa94ea09 fixAMMClawbackRounding: adjust last holder's LPToken balance (#5513)
58c2c82a3 fix: Amendment-guard `TokenEscrow` preclaim and expand tests (#5473)
a5e953b19 fix: Add tecNO_DELEGATE_PERMISSION and fix flags (#5465)
053e1af7f Add support for XLS-85 Token Escrow (#5185)
621df422a fix: Add AMMv1_3 amendment (#5203)
e514de76e Add single asset vault (XLS-65d) (#5224)
3e152fec7 refactor: use east const convention (#5409)
2db279180 Add PermissionDelegation feature (#5354)
2bc5cb240 test: enable unit tests to work with variable reference fee (#5145)
c17676a9b refactor: Improve ordering of headers with clang-format (#5343)
2406b28e6 refactor: Remove unused and add missing includes (#5293)
43e1d4440 fix: Switch Permissioned Domain to Supported::yes (#5287)
fa5a85439 fix: Amendment to add transaction flag checking functionality for Credentials (#5250)
0968cdf34 fix: Do not allow creating Permissioned Domains if credentials are not enabled (#5275)
3868c04e9 Switch from assert to XRPL_ASSERT (#5245)
ccc088980 Permissioned Domains (XLS-80d) (#5161)
5cd72f243 Add MPTIssue to STIssue (#5200)
ea1fffeeb Enforce levelization in libxrpl with CMake (#5111)
b54d85d86 refactor(AMMClawback): move tfClawTwoAssets check (#5201)
8e827e32a Introduce Credentials support (XLS-70d): (#5103)
c5c0e70e2 Fix token comparison in Payment (#5172)
ec61f5e9d Add fixAMMv1_2 amendment (#5176)
d57cced17 Fix unity build (#5179)
54a350be7 Add AMMClawback Transaction (XLS-0073d) (#5142)
23c37fa50 Introduce MPT support (XLS-33d): (#5143)
1d23148e6 Rewrite includes (#4997)
e416ee72c Rearrange sources (#4997)
5ba1f984d Rename `allowClawback` flag to `allowTrustLineClawback` (#4617)
b7e902dcc XLS-39 Clawback: (#4553)
