ripple.app.Freeze RippleState Freeze
ripple.app.Freeze Deep Freeze
ripple.app.Freeze Create Frozen Trustline
ripple.app.Freeze Freeze Set and Clear
ripple.app.Freeze Global Freeze
ripple.app.Freeze No Freeze
ripple.app.Freeze Offers for Frozen Trust Lines
ripple.app.Freeze Offers on frozen trust lines
ripple.app.Freeze Direct payments on frozen trust lines
ripple.app.Freeze Checks on frozen trust lines
ripple.app.Freeze AMM payments on frozen trust lines
ripple.app.Freeze Longer paths payment on frozen trust lines
ripple.app.Freeze NFT offers on frozen trust lines
ripple.app.Freeze RippleState Freeze
ripple.app.Freeze Deep Freeze
ripple.app.Freeze Create Frozen Trustline
ripple.app.Freeze Freeze Set and Clear
ripple.app.Freeze Global Freeze
ripple.app.Freeze No Freeze
ripple.app.Freeze Offers for Frozen Trust Lines
ripple.app.Freeze Offers on frozen trust lines
ripple.app.Freeze Direct payments on frozen trust lines
ripple.app.Freeze Checks on frozen trust lines
ripple.app.Freeze AMM payments on frozen trust lines
ripple.app.Freeze Longer paths payment on frozen trust lines
ripple.app.Freeze NFT offers on frozen trust lines
ripple.app.Freeze RippleState Freeze
ripple.app.Freeze Deep Freeze
ripple.app.Freeze Create Frozen Trustline
ripple.app.Freeze Freeze Set and Clear
ripple.app.Freeze Global Freeze
ripple.app.Freeze No Freeze
ripple.app.Freeze Offers for Frozen Trust Lines
ripple.app.Freeze Offers on frozen trust lines
ripple.app.Freeze Direct payments on frozen trust lines
ripple.app.Freeze Checks on frozen trust lines
ripple.app.Freeze AMM payments on frozen trust lines
ripple.app.Freeze Longer paths payment on frozen trust lines
ripple.app.Freeze NFT offers on frozen trust lines
ripple.app.Freeze RippleState Freeze
ripple.app.Freeze Deep Freeze
ripple.app.Freeze Create Frozen Trustline
ripple.app.Freeze Freeze Set and Clear
ripple.app.Freeze Global Freeze
ripple.app.Freeze No Freeze
ripple.app.Freeze Offers for Frozen Trust Lines
ripple.app.Freeze Offers on frozen trust lines
ripple.app.Freeze Direct payments on frozen trust lines
ripple.app.Freeze Checks on frozen trust lines
ripple.app.Freeze AMM payments on frozen trust lines
ripple.app.Freeze Longer paths payment on frozen trust lines
ripple.app.Freeze NFT offers on frozen trust lines
ripple.app.Freeze RippleState Freeze
ripple.app.Freeze Deep Freeze
ripple.app.Freeze Create Frozen Trustline
ripple.app.Freeze Freeze Set and Clear
ripple.app.Freeze Global Freeze
ripple.app.Freeze No Freeze
ripple.app.Freeze Offers for Frozen Trust Lines
ripple.app.Freeze Offers on frozen trust lines
ripple.app.Freeze Direct payments on frozen trust lines
ripple.app.Freeze Checks on frozen trust lines
ripple.app.Freeze AMM payments on frozen trust lines
ripple.app.Freeze Longer paths payment on frozen trust lines
ripple.app.Freeze NFT offers on frozen trust lines
ripple.app.Freeze RippleState Freeze
ripple.app.Freeze Deep Freeze
ripple.app.Freeze Create Frozen Trustline
ripple.app.Freeze Freeze Set and Clear
ripple.app.Freeze Global Freeze
ripple.app.Freeze No Freeze
ripple.app.Freeze Offers for Frozen Trust Lines
ripple.app.Freeze Offers on frozen trust lines
ripple.app.Freeze Direct payments on frozen trust lines
ripple.app.Freeze Checks on frozen trust lines
ripple.app.Freeze AMM payments on frozen trust lines
ripple.app.Freeze Longer paths payment on frozen trust lines
ripple.app.Freeze NFT offers on frozen trust lines
ripple.app.Freeze RippleState Freeze
ripple.app.Freeze Deep Freeze
ripple.app.Freeze Create Frozen Trustline
ripple.app.Freeze Freeze Set and Clear
ripple.app.Freeze Global Freeze
ripple.app.Freeze No Freeze
ripple.app.Freeze Offers for Frozen Trust Lines
ripple.app.Freeze Offers on frozen trust lines
ripple.app.Freeze Direct payments on frozen trust lines
ripple.app.Freeze Checks on frozen trust lines
ripple.app.Freeze AMM payments on frozen trust lines
ripple.app.Freeze Longer paths payment on frozen trust lines
ripple.app.Freeze NFT offers on frozen trust lines
ripple.app.Freeze had 0 failures.
Longest suite times:
   14.4s ripple.app.Freeze
14.4s, 1 suite, 91 cases, 10632 tests total, 0 failures
