ripple.app.NFTokenBurnAllFeatures
ripple.app.NFTokenBurnAllFeatures Burn random
ripple.app.NFTokenBurnAllFeatures Burn sequential
ripple.app.NFTokenBurnAllFeatures Burn too many offers
ripple.app.NFTokenBurnAllFeatures had 0 failures.
ripple.app.NFTokenBurnBaseUtil
ripple.app.NFTokenBurnBaseUtil Burn random
ripple.app.NFTokenBurnBaseUtil Burn sequential
ripple.app.NFTokenBurnBaseUtil Burn too many offers
ripple.app.NFTokenBurnBaseUtil Exercise broken links
ripple.app.NFTokenBurnBaseUtil had 0 failures.
ripple.app.NFTokenBurnWOFixNFTPageLinks
ripple.app.NFTokenBurnWOFixNFTPageLinks Burn random
ripple.app.NFTokenBurnWOFixNFTPageLinks Burn sequential
ripple.app.NFTokenBurnWOFixNFTPageLinks Burn too many offers
ripple.app.NFTokenBurnWOFixNFTPageLinks Exercise broken links
ripple.app.NFTokenBurnWOFixNFTPageLinks had 0 failures.
ripple.app.NFTokenBurnWOFixTokenRemint
ripple.app.NFTokenBurnWOFixTokenRemint Burn random
ripple.app.NFTokenBurnWOFixTokenRemint Burn sequential
ripple.app.NFTokenBurnWOFixTokenRemint Burn too many offers
ripple.app.NFTokenBurnWOFixTokenRemint Exercise broken links
ripple.app.NFTokenBurnWOFixTokenRemint had 0 failures.
ripple.app.NFTokenBurnWOfixFungTokens
ripple.app.NFTokenBurnWOfixFungTokens Burn random
ripple.app.NFTokenBurnWOfixFungTokens Burn sequential
ripple.app.NFTokenBurnWOfixFungTokens Burn too many offers
ripple.app.NFTokenBurnWOfixFungTokens Exercise broken links
ripple.app.NFTokenBurnWOfixFungTokens had 0 failures.
ripple.app.NFTokenAllFeatures
ripple.app.NFTokenAllFeatures Enabled
ripple.app.NFTokenAllFeatures Mint reserve
ripple.app.NFTokenAllFeatures Mint max tokens
ripple.app.NFTokenAllFeatures Mint invalid
ripple.app.NFTokenAllFeatures Burn invalid
ripple.app.NFTokenAllFeatures Invalid NFT offer create
ripple.app.NFTokenAllFeatures Invalid NFT offer cancel
ripple.app.NFTokenAllFeatures Invalid NFT offer accept
ripple.app.NFTokenAllFeatures Mint flagBurnable
ripple.app.NFTokenAllFeatures Mint flagOnlyXRP
ripple.app.NFTokenAllFeatures Mint flagCreateTrustLines
ripple.app.NFTokenAllFeatures Mint flagTransferable
ripple.app.NFTokenAllFeatures Mint transferFee
ripple.app.NFTokenAllFeatures Mint taxon
ripple.app.NFTokenAllFeatures Mint URI
ripple.app.NFTokenAllFeatures Create offer destination
ripple.app.NFTokenAllFeatures Create offer destination disallow incoming
ripple.app.NFTokenAllFeatures Create offer expiration
ripple.app.NFTokenAllFeatures Cancel offers
ripple.app.NFTokenAllFeatures Cancel too many offers
ripple.app.NFTokenAllFeatures Brokered NFT offer accept
ripple.app.NFTokenAllFeatures NFToken offer owner
ripple.app.NFTokenAllFeatures NFToken transactions with tickets
ripple.app.NFTokenAllFeatures NFToken delete account
ripple.app.NFTokenAllFeatures nft_buy_offers and nft_sell_offers
ripple.app.NFTokenAllFeatures fixNFTokenNegOffer
ripple.app.NFTokenAllFeatures Payments with IOU transfer fees
ripple.app.NFTokenAllFeatures Brokered sale to self
ripple.app.NFTokenAllFeatures fixNFTokenRemint
ripple.app.NFTokenAllFeatures NFTokenMint with Create NFTokenOffer
ripple.app.NFTokenAllFeatures Test synthetic fields from JSON response
ripple.app.NFTokenAllFeatures Test buyer reserve when accepting an offer
ripple.app.NFTokenAllFeatures Test fix unasked for auto-trustline.
ripple.app.NFTokenAllFeatures Test fix NFT issuer is IOU issuer
ripple.app.NFTokenAllFeatures Test NFTokenModify
ripple.app.NFTokenAllFeatures had 0 failures.
ripple.app.NFTokenAuth Unauthorized seller tries to accept buy offer
ripple.app.NFTokenAuth Unauthorized buyer tries to create buy offer
ripple.app.NFTokenAuth Seller tries to accept buy offer from unauth buyer
ripple.app.NFTokenAuth Authorized buyer tries to accept sell offer from unauthorized seller
ripple.app.NFTokenAuth Unauthorized buyer tries to accept sell offer
ripple.app.NFTokenAuth Unauthorized broker bridges authorized buyer and seller.
ripple.app.NFTokenAuth Authorized broker tries to bridge offers from unauthorized buyer.
ripple.app.NFTokenAuth Authorized broker tries to bridge offers from unauthorized seller.
ripple.app.NFTokenAuth Unauthorized minter receives transfer fee.
ripple.app.NFTokenAuth Unauthorized seller tries to accept buy offer
ripple.app.NFTokenAuth Unauthorized buyer tries to create buy offer
ripple.app.NFTokenAuth Seller tries to accept buy offer from unauth buyer
ripple.app.NFTokenAuth Authorized buyer tries to accept sell offer from unauthorized seller
ripple.app.NFTokenAuth Unauthorized buyer tries to accept sell offer
ripple.app.NFTokenAuth Unauthorized broker bridges authorized buyer and seller.
ripple.app.NFTokenAuth Authorized broker tries to bridge offers from unauthorized buyer.
ripple.app.NFTokenAuth Authorized broker tries to bridge offers from unauthorized seller.
ripple.app.NFTokenAuth Unauthorized minter receives transfer fee.
ripple.app.NFTokenAuth had 0 failures.
ripple.app.NFTokenBaseUtil Enabled
ripple.app.NFTokenBaseUtil Mint reserve
ripple.app.NFTokenBaseUtil Mint max tokens
ripple.app.NFTokenBaseUtil Mint invalid
ripple.app.NFTokenBaseUtil Burn invalid
ripple.app.NFTokenBaseUtil Invalid NFT offer create
ripple.app.NFTokenBaseUtil Invalid NFT offer cancel
ripple.app.NFTokenBaseUtil Invalid NFT offer accept
ripple.app.NFTokenBaseUtil Mint flagBurnable
ripple.app.NFTokenBaseUtil Mint flagOnlyXRP
ripple.app.NFTokenBaseUtil Mint flagCreateTrustLines
ripple.app.NFTokenBaseUtil Mint flagTransferable
ripple.app.NFTokenBaseUtil Mint transferFee
ripple.app.NFTokenBaseUtil Mint taxon
ripple.app.NFTokenBaseUtil Mint URI
ripple.app.NFTokenBaseUtil Create offer destination
ripple.app.NFTokenBaseUtil Create offer destination disallow incoming
ripple.app.NFTokenBaseUtil Create offer expiration
ripple.app.NFTokenBaseUtil Cancel offers
ripple.app.NFTokenBaseUtil Cancel too many offers
ripple.app.NFTokenBaseUtil Brokered NFT offer accept
ripple.app.NFTokenBaseUtil NFToken offer owner
ripple.app.NFTokenBaseUtil NFToken transactions with tickets
ripple.app.NFTokenBaseUtil NFToken delete account
ripple.app.NFTokenBaseUtil nft_buy_offers and nft_sell_offers
ripple.app.NFTokenBaseUtil fixNFTokenNegOffer
ripple.app.NFTokenBaseUtil Payments with IOU transfer fees
ripple.app.NFTokenBaseUtil Brokered sale to self
ripple.app.NFTokenBaseUtil fixNFTokenRemint
ripple.app.NFTokenBaseUtil NFTokenMint with Create NFTokenOffer
ripple.app.NFTokenBaseUtil Test synthetic fields from JSON response
ripple.app.NFTokenBaseUtil Test buyer reserve when accepting an offer
ripple.app.NFTokenBaseUtil Test fix unasked for auto-trustline.
ripple.app.NFTokenBaseUtil Test fix NFT issuer is IOU issuer
ripple.app.NFTokenBaseUtil Test NFTokenModify
ripple.app.NFTokenBaseUtil had 0 failures.
ripple.app.NFTokenDisallowIncoming
ripple.app.NFTokenDisallowIncoming Enabled
ripple.app.NFTokenDisallowIncoming Mint reserve
ripple.app.NFTokenDisallowIncoming Mint max tokens
ripple.app.NFTokenDisallowIncoming Mint invalid
ripple.app.NFTokenDisallowIncoming Burn invalid
ripple.app.NFTokenDisallowIncoming Invalid NFT offer create
ripple.app.NFTokenDisallowIncoming Invalid NFT offer cancel
ripple.app.NFTokenDisallowIncoming Invalid NFT offer accept
ripple.app.NFTokenDisallowIncoming Mint flagBurnable
ripple.app.NFTokenDisallowIncoming Mint flagOnlyXRP
ripple.app.NFTokenDisallowIncoming Mint flagCreateTrustLines
ripple.app.NFTokenDisallowIncoming Mint flagTransferable
ripple.app.NFTokenDisallowIncoming Mint transferFee
ripple.app.NFTokenDisallowIncoming Mint taxon
ripple.app.NFTokenDisallowIncoming Mint URI
ripple.app.NFTokenDisallowIncoming Create offer destination
ripple.app.NFTokenDisallowIncoming Create offer destination disallow incoming
ripple.app.NFTokenDisallowIncoming Create offer expiration
ripple.app.NFTokenDisallowIncoming Cancel offers
ripple.app.NFTokenDisallowIncoming Cancel too many offers
ripple.app.NFTokenDisallowIncoming Brokered NFT offer accept
ripple.app.NFTokenDisallowIncoming NFToken offer owner
ripple.app.NFTokenDisallowIncoming NFToken transactions with tickets
ripple.app.NFTokenDisallowIncoming NFToken delete account
ripple.app.NFTokenDisallowIncoming nft_buy_offers and nft_sell_offers
ripple.app.NFTokenDisallowIncoming fixNFTokenNegOffer
ripple.app.NFTokenDisallowIncoming Payments with IOU transfer fees
ripple.app.NFTokenDisallowIncoming Brokered sale to self
ripple.app.NFTokenDisallowIncoming fixNFTokenRemint
ripple.app.NFTokenDisallowIncoming NFTokenMint with Create NFTokenOffer
ripple.app.NFTokenDisallowIncoming Test synthetic fields from JSON response
ripple.app.NFTokenDisallowIncoming Test buyer reserve when accepting an offer
ripple.app.NFTokenDisallowIncoming Test fix unasked for auto-trustline.
ripple.app.NFTokenDisallowIncoming Test fix NFT issuer is IOU issuer
ripple.app.NFTokenDisallowIncoming Test NFTokenModify
ripple.app.NFTokenDisallowIncoming had 0 failures.
ripple.app.NFTokenWOMintOffer
ripple.app.NFTokenWOMintOffer Enabled
ripple.app.NFTokenWOMintOffer Mint reserve
ripple.app.NFTokenWOMintOffer Mint max tokens
ripple.app.NFTokenWOMintOffer Mint invalid
ripple.app.NFTokenWOMintOffer Burn invalid
ripple.app.NFTokenWOMintOffer Invalid NFT offer create
ripple.app.NFTokenWOMintOffer Invalid NFT offer cancel
ripple.app.NFTokenWOMintOffer Invalid NFT offer accept
ripple.app.NFTokenWOMintOffer Mint flagBurnable
ripple.app.NFTokenWOMintOffer Mint flagOnlyXRP
ripple.app.NFTokenWOMintOffer Mint flagCreateTrustLines
ripple.app.NFTokenWOMintOffer Mint flagTransferable
ripple.app.NFTokenWOMintOffer Mint transferFee
ripple.app.NFTokenWOMintOffer Mint taxon
ripple.app.NFTokenWOMintOffer Mint URI
ripple.app.NFTokenWOMintOffer Create offer destination
ripple.app.NFTokenWOMintOffer Create offer destination disallow incoming
ripple.app.NFTokenWOMintOffer Create offer expiration
ripple.app.NFTokenWOMintOffer Cancel offers
ripple.app.NFTokenWOMintOffer Cancel too many offers
ripple.app.NFTokenWOMintOffer Brokered NFT offer accept
ripple.app.NFTokenWOMintOffer NFToken offer owner
ripple.app.NFTokenWOMintOffer NFToken transactions with tickets
ripple.app.NFTokenWOMintOffer NFToken delete account
ripple.app.NFTokenWOMintOffer nft_buy_offers and nft_sell_offers
ripple.app.NFTokenWOMintOffer fixNFTokenNegOffer
ripple.app.NFTokenWOMintOffer Payments with IOU transfer fees
ripple.app.NFTokenWOMintOffer Brokered sale to self
ripple.app.NFTokenWOMintOffer fixNFTokenRemint
ripple.app.NFTokenWOMintOffer NFTokenMint with Create NFTokenOffer
ripple.app.NFTokenWOMintOffer Test synthetic fields from JSON response
ripple.app.NFTokenWOMintOffer Test buyer reserve when accepting an offer
ripple.app.NFTokenWOMintOffer Test fix unasked for auto-trustline.
ripple.app.NFTokenWOMintOffer Test fix NFT issuer is IOU issuer
ripple.app.NFTokenWOMintOffer Test NFTokenModify
ripple.app.NFTokenWOMintOffer had 0 failures.
ripple.app.NFTokenWOModify
ripple.app.NFTokenWOModify Enabled
ripple.app.NFTokenWOModify Mint reserve
ripple.app.NFTokenWOModify Mint max tokens
ripple.app.NFTokenWOModify Mint invalid
ripple.app.NFTokenWOModify Burn invalid
ripple.app.NFTokenWOModify Invalid NFT offer create
ripple.app.NFTokenWOModify Invalid NFT offer cancel
ripple.app.NFTokenWOModify Invalid NFT offer accept
ripple.app.NFTokenWOModify Mint flagBurnable
ripple.app.NFTokenWOModify Mint flagOnlyXRP
ripple.app.NFTokenWOModify Mint flagCreateTrustLines
ripple.app.NFTokenWOModify Mint flagTransferable
ripple.app.NFTokenWOModify Mint transferFee
ripple.app.NFTokenWOModify Mint taxon
ripple.app.NFTokenWOModify Mint URI
ripple.app.NFTokenWOModify Create offer destination
ripple.app.NFTokenWOModify Create offer destination disallow incoming
ripple.app.NFTokenWOModify Create offer expiration
ripple.app.NFTokenWOModify Cancel offers
ripple.app.NFTokenWOModify Cancel too many offers
ripple.app.NFTokenWOModify Brokered NFT offer accept
ripple.app.NFTokenWOModify NFToken offer owner
ripple.app.NFTokenWOModify NFToken transactions with tickets
ripple.app.NFTokenWOModify NFToken delete account
ripple.app.NFTokenWOModify nft_buy_offers and nft_sell_offers
ripple.app.NFTokenWOModify fixNFTokenNegOffer
ripple.app.NFTokenWOModify Payments with IOU transfer fees
ripple.app.NFTokenWOModify Brokered sale to self
ripple.app.NFTokenWOModify fixNFTokenRemint
ripple.app.NFTokenWOModify NFTokenMint with Create NFTokenOffer
ripple.app.NFTokenWOModify Test synthetic fields from JSON response
ripple.app.NFTokenWOModify Test buyer reserve when accepting an offer
ripple.app.NFTokenWOModify Test fix unasked for auto-trustline.
ripple.app.NFTokenWOModify Test fix NFT issuer is IOU issuer
ripple.app.NFTokenWOModify Test NFTokenModify
ripple.app.NFTokenWOModify had 0 failures.
ripple.app.NFTokenWOTokenRemint
ripple.app.NFTokenWOTokenRemint Enabled
ripple.app.NFTokenWOTokenRemint Mint reserve
ripple.app.NFTokenWOTokenRemint Mint max tokens
ripple.app.NFTokenWOTokenRemint Mint invalid
ripple.app.NFTokenWOTokenRemint Burn invalid
ripple.app.NFTokenWOTokenRemint Invalid NFT offer create
ripple.app.NFTokenWOTokenRemint Invalid NFT offer cancel
ripple.app.NFTokenWOTokenRemint Invalid NFT offer accept
ripple.app.NFTokenWOTokenRemint Mint flagBurnable
ripple.app.NFTokenWOTokenRemint Mint flagOnlyXRP
ripple.app.NFTokenWOTokenRemint Mint flagCreateTrustLines
ripple.app.NFTokenWOTokenRemint Mint flagTransferable
ripple.app.NFTokenWOTokenRemint Mint transferFee
ripple.app.NFTokenWOTokenRemint Mint taxon
ripple.app.NFTokenWOTokenRemint Mint URI
ripple.app.NFTokenWOTokenRemint Create offer destination
ripple.app.NFTokenWOTokenRemint Create offer destination disallow incoming
ripple.app.NFTokenWOTokenRemint Create offer expiration
ripple.app.NFTokenWOTokenRemint Cancel offers
ripple.app.NFTokenWOTokenRemint Cancel too many offers
ripple.app.NFTokenWOTokenRemint Brokered NFT offer accept
ripple.app.NFTokenWOTokenRemint NFToken offer owner
ripple.app.NFTokenWOTokenRemint NFToken transactions with tickets
ripple.app.NFTokenWOTokenRemint NFToken delete account
ripple.app.NFTokenWOTokenRemint nft_buy_offers and nft_sell_offers
ripple.app.NFTokenWOTokenRemint fixNFTokenNegOffer
ripple.app.NFTokenWOTokenRemint Payments with IOU transfer fees
ripple.app.NFTokenWOTokenRemint Brokered sale to self
ripple.app.NFTokenWOTokenRemint fixNFTokenRemint
ripple.app.NFTokenWOTokenRemint NFTokenMint with Create NFTokenOffer
ripple.app.NFTokenWOTokenRemint Test synthetic fields from JSON response
ripple.app.NFTokenWOTokenRemint Test buyer reserve when accepting an offer
ripple.app.NFTokenWOTokenRemint Test fix unasked for auto-trustline.
ripple.app.NFTokenWOTokenRemint Test fix NFT issuer is IOU issuer
ripple.app.NFTokenWOTokenRemint Test NFTokenModify
ripple.app.NFTokenWOTokenRemint had 0 failures.
ripple.app.NFTokenWOTokenReserve
ripple.app.NFTokenWOTokenReserve Enabled
ripple.app.NFTokenWOTokenReserve Mint reserve
ripple.app.NFTokenWOTokenReserve Mint max tokens
ripple.app.NFTokenWOTokenReserve Mint invalid
ripple.app.NFTokenWOTokenReserve Burn invalid
ripple.app.NFTokenWOTokenReserve Invalid NFT offer create
ripple.app.NFTokenWOTokenReserve Invalid NFT offer cancel
ripple.app.NFTokenWOTokenReserve Invalid NFT offer accept
ripple.app.NFTokenWOTokenReserve Mint flagBurnable
ripple.app.NFTokenWOTokenReserve Mint flagOnlyXRP
ripple.app.NFTokenWOTokenReserve Mint flagCreateTrustLines
ripple.app.NFTokenWOTokenReserve Mint flagTransferable
ripple.app.NFTokenWOTokenReserve Mint transferFee
ripple.app.NFTokenWOTokenReserve Mint taxon
ripple.app.NFTokenWOTokenReserve Mint URI
ripple.app.NFTokenWOTokenReserve Create offer destination
ripple.app.NFTokenWOTokenReserve Create offer destination disallow incoming
ripple.app.NFTokenWOTokenReserve Create offer expiration
ripple.app.NFTokenWOTokenReserve Cancel offers
ripple.app.NFTokenWOTokenReserve Cancel too many offers
ripple.app.NFTokenWOTokenReserve Brokered NFT offer accept
ripple.app.NFTokenWOTokenReserve NFToken offer owner
ripple.app.NFTokenWOTokenReserve NFToken transactions with tickets
ripple.app.NFTokenWOTokenReserve NFToken delete account
ripple.app.NFTokenWOTokenReserve nft_buy_offers and nft_sell_offers
ripple.app.NFTokenWOTokenReserve fixNFTokenNegOffer
ripple.app.NFTokenWOTokenReserve Payments with IOU transfer fees
ripple.app.NFTokenWOTokenReserve Brokered sale to self
ripple.app.NFTokenWOTokenReserve fixNFTokenRemint
ripple.app.NFTokenWOTokenReserve NFTokenMint with Create NFTokenOffer
ripple.app.NFTokenWOTokenReserve Test synthetic fields from JSON response
ripple.app.NFTokenWOTokenReserve Test buyer reserve when accepting an offer
ripple.app.NFTokenWOTokenReserve Test fix unasked for auto-trustline.
ripple.app.NFTokenWOTokenReserve Test fix NFT issuer is IOU issuer
ripple.app.NFTokenWOTokenReserve Test NFTokenModify
ripple.app.NFTokenWOTokenReserve had 0 failures.
ripple.app.NFTokenWOfixV1
ripple.app.NFTokenWOfixV1 Enabled
ripple.app.NFTokenWOfixV1 Mint reserve
ripple.app.NFTokenWOfixV1 Mint max tokens
ripple.app.NFTokenWOfixV1 Mint invalid
ripple.app.NFTokenWOfixV1 Burn invalid
ripple.app.NFTokenWOfixV1 Invalid NFT offer create
ripple.app.NFTokenWOfixV1 Invalid NFT offer cancel
ripple.app.NFTokenWOfixV1 Invalid NFT offer accept
ripple.app.NFTokenWOfixV1 Mint flagBurnable
ripple.app.NFTokenWOfixV1 Mint flagOnlyXRP
ripple.app.NFTokenWOfixV1 Mint flagCreateTrustLines
ripple.app.NFTokenWOfixV1 Mint flagTransferable
ripple.app.NFTokenWOfixV1 Mint transferFee
ripple.app.NFTokenWOfixV1 Mint taxon
ripple.app.NFTokenWOfixV1 Mint URI
ripple.app.NFTokenWOfixV1 Create offer destination
ripple.app.NFTokenWOfixV1 Create offer destination disallow incoming
ripple.app.NFTokenWOfixV1 Create offer expiration
ripple.app.NFTokenWOfixV1 Cancel offers
ripple.app.NFTokenWOfixV1 Cancel too many offers
ripple.app.NFTokenWOfixV1 Brokered NFT offer accept
ripple.app.NFTokenWOfixV1 NFToken offer owner
ripple.app.NFTokenWOfixV1 NFToken transactions with tickets
ripple.app.NFTokenWOfixV1 NFToken delete account
ripple.app.NFTokenWOfixV1 nft_buy_offers and nft_sell_offers
ripple.app.NFTokenWOfixV1 fixNFTokenNegOffer
ripple.app.NFTokenWOfixV1 Payments with IOU transfer fees
ripple.app.NFTokenWOfixV1 Brokered sale to self
ripple.app.NFTokenWOfixV1 fixNFTokenRemint
ripple.app.NFTokenWOfixV1 NFTokenMint with Create NFTokenOffer
ripple.app.NFTokenWOfixV1 Test synthetic fields from JSON response
ripple.app.NFTokenWOfixV1 Test buyer reserve when accepting an offer
ripple.app.NFTokenWOfixV1 Test fix unasked for auto-trustline.
ripple.app.NFTokenWOfixV1 Test fix NFT issuer is IOU issuer
ripple.app.NFTokenWOfixV1 Test NFTokenModify
ripple.app.NFTokenWOfixV1 had 0 failures.
ripple.app.NFTokenDir Sequential NFTs
ripple.app.NFTokenDir Lopsided splits
ripple.app.NFTokenDir fixNFTokenDirV1
ripple.app.NFTokenDir NFToken too many same
ripple.app.NFTokenDir Sequential NFTs
ripple.app.NFTokenDir Lopsided splits
ripple.app.NFTokenDir fixNFTokenDirV1
ripple.app.NFTokenDir NFToken too many same
ripple.app.NFTokenDir NFToken consecutive packing
ripple.app.NFTokenDir Sequential NFTs
ripple.app.NFTokenDir Lopsided splits
ripple.app.NFTokenDir fixNFTokenDirV1
ripple.app.NFTokenDir NFToken too many same
ripple.app.NFTokenDir NFToken consecutive packing
ripple.app.NFTokenDir had 0 failures.
Longest suite times:
   26.9s ripple.app.NFTokenAllFeatures
   25.7s ripple.app.NFTokenWOMintOffer
   25.1s ripple.app.NFTokenWOfixV1
   25.0s ripple.app.NFTokenDisallowIncoming
   24.8s ripple.app.NFTokenBaseUtil
   24.4s ripple.app.NFTokenWOModify
   24.1s ripple.app.NFTokenWOTokenReserve
   23.4s ripple.app.NFTokenWOTokenRemint
   18.8s ripple.app.NFTokenDir
   14.8s ripple.app.NFTokenBurnWOfixFungTokens
289.7s, 15 suites, 343 cases, 365695 tests total, 0 failures
