ripple.app.AccountDelete Basics
ripple.app.AccountDelete Directories
ripple.app.AccountDelete Owned types
ripple.app.AccountDelete Resurrection
ripple.app.AccountDelete Amendment enable
ripple.app.AccountDelete Too many offers
ripple.app.AccountDelete Implicitly created trust line
ripple.app.AccountDelete Balance too small for fee
ripple.app.AccountDelete With Tickets
ripple.app.AccountDelete Destination Constraints
ripple.app.AccountDelete Destination Constraints with DepositPreauth and Credentials
ripple.app.AccountDelete Credentials that aren't required
ripple.app.AccountDelete Expired credentials
ripple.app.AccountDelete Credentials feature disabled
ripple.app.AccountDelete Deleting Issuer deletes issued credentials
ripple.app.AccountDelete Deleting Subject deletes issued credentials
ripple.app.AccountDelete had 0 failures.
ripple.app.PayChan simple
ripple.app.PayChan Disallow Incoming Flag
ripple.app.PayChan cancel after
ripple.app.PayChan settle delay
ripple.app.PayChan expiration
ripple.app.PayChan close dry
ripple.app.PayChan default amount
ripple.app.PayChan Disallow XRP
ripple.app.PayChan Dst Tag
ripple.app.PayChan Deposit Authorization
ripple.app.PayChan Multiple channels to the same account
ripple.app.PayChan AccountChannels RPC
ripple.app.PayChan Account channels RPC markers
ripple.app.PayChan Account channels RPC owner only
ripple.app.PayChan PayChan Channel_Auth RPC Api 1
ripple.app.PayChan PayChan Channel_Auth RPC Api 2
ripple.app.PayChan PayChan Channel_Auth RPC Api 3
ripple.app.PayChan PayChan Auth/Verify RPC
ripple.app.PayChan Optional Fields
ripple.app.PayChan malformed pk
ripple.app.PayChan Metadata & Ownership
ripple.app.PayChan Account Delete
ripple.app.PayChan using tickets
ripple.app.PayChan simple
ripple.app.PayChan Disallow Incoming Flag
ripple.app.PayChan cancel after
ripple.app.PayChan settle delay
ripple.app.PayChan expiration
ripple.app.PayChan close dry
ripple.app.PayChan default amount
ripple.app.PayChan Disallow XRP
ripple.app.PayChan Dst Tag
ripple.app.PayChan Deposit Authorization
ripple.app.PayChan Multiple channels to the same account
ripple.app.PayChan AccountChannels RPC
ripple.app.PayChan Account channels RPC markers
ripple.app.PayChan Account channels RPC owner only
ripple.app.PayChan PayChan Channel_Auth RPC Api 1
ripple.app.PayChan PayChan Channel_Auth RPC Api 2
ripple.app.PayChan PayChan Channel_Auth RPC Api 3
ripple.app.PayChan PayChan Auth/Verify RPC
ripple.app.PayChan Optional Fields
ripple.app.PayChan malformed pk
ripple.app.PayChan Metadata & Ownership
ripple.app.PayChan Account Delete
ripple.app.PayChan using tickets
ripple.app.PayChan Deposit Authorization with Credentials
ripple.app.PayChan Metadata & Ownership
ripple.app.PayChan had 0 failures.
Longest suite times:
   12.0s ripple.app.AccountDelete
   10.0s ripple.app.PayChan
22.0s, 2 suites, 64 cases, 11535 tests total, 0 failures
