ripple.app.AccountDelete Basics
ripple.app.AccountDelete Directories
ripple.app.AccountDelete Owned types
ripple.app.AccountDelete Resurrection
ripple.app.AccountDelete Amendment enable
ripple.app.AccountDelete Too many offers
ripple.app.AccountDelete Implicitly created trust line
ripple.app.AccountDelete Balance too small for fee
ripple.app.AccountDelete With Tickets
ripple.app.AccountDelete Destination Constraints
ripple.app.AccountDelete Destination Constraints with DepositPreauth and Credentials
ripple.app.AccountDelete Credentials that aren't required
ripple.app.AccountDelete Expired credentials
ripple.app.AccountDelete Credentials feature disabled
ripple.app.AccountDelete Deleting Issuer deletes issued credentials
ripple.app.AccountDelete Deleting Subject deletes issued credentials
ripple.app.AccountDelete had 0 failures.
ripple.rpc.AccountSet No AccountSet
ripple.rpc.AccountSet Most Flags
ripple.rpc.AccountSet Set and reset AccountTxnID
ripple.rpc.AccountSet Set NoFreeze
ripple.rpc.AccountSet Domain
ripple.rpc.AccountSet Gateway
ripple.rpc.AccountSet MessageKey
ripple.rpc.AccountSet WalletID
ripple.rpc.AccountSet EmailHash
ripple.rpc.AccountSet Bad inputs
ripple.rpc.AccountSet Require auth
ripple.rpc.AccountSet TransferRate
ripple.rpc.AccountSet Bad signing key
ripple.rpc.AccountSet had 0 failures.
ripple.app.Delegate test featurePermissionDelegation not enabled
ripple.app.Delegate test valid request creating, updating, deleting permissions
ripple.app.Delegate test invalid DelegateSet
ripple.app.Delegate test invalid DelegateSet
ripple.app.Delegate test reserve
ripple.app.Delegate test fee
ripple.app.Delegate test sequence
ripple.app.Delegate test deleting account
ripple.app.Delegate test delegate transaction
ripple.app.Delegate test payment granular
ripple.app.Delegate test payment granular
ripple.app.Delegate test TrustSet granular permissions
ripple.app.Delegate test AccountSet granular permissions
ripple.app.Delegate test MPTokenIssuanceSet granular
ripple.app.Delegate test single sign
ripple.app.Delegate test single sign with bad secret
ripple.app.Delegate test multi sign
ripple.app.Delegate test multi sign which does not meet quorum
ripple.app.Delegate test permission value
ripple.app.Delegate test permission value
ripple.app.Delegate test delegate disabled tx
ripple.app.Delegate test delegate disabled tx
ripple.app.Delegate had 0 failures.
ripple.app.Invariants XRP created
ripple.app.Invariants account root removed
ripple.app.Invariants account root deletion left artifact
ripple.app.Invariants ledger entry types don't match
ripple.app.Invariants trust lines with XRP not allowed
ripple.app.Invariants trust lines with deep freeze flag without freeze not allowed
ripple.app.Invariants transfers when frozen
ripple.app.Invariants XRP balance checks
ripple.app.Invariants Transaction fee checks
ripple.app.Invariants no bad offers
ripple.app.Invariants no zero escrow
ripple.app.Invariants valid new account root
ripple.app.Invariants NFTokenPage
ripple.app.Invariants PermissionedDomain fix
ripple.app.Invariants PermissionedDomain 2
ripple.app.Invariants PermissionedDomain 3
ripple.app.Invariants PermissionedDomain 4
ripple.app.Invariants PermissionedDomain Set 1
ripple.app.Invariants PermissionedDomain Set 2
ripple.app.Invariants PermissionedDomain Set 3
ripple.app.Invariants PermissionedDomain Set 4
ripple.app.Invariants PermissionedDomain set 2 domains
ripple.app.Invariants PermissionedDomain del 2 domains
ripple.app.Invariants PermissionedDomain set 0 domains
ripple.app.Invariants PermissionedDomain del 0 domains
ripple.app.Invariants PermissionedDomain set, delete domain
ripple.app.Invariants PermissionedDomain del, create domain
ripple.app.Invariants PermissionedDomain invalid tx
ripple.app.Invariants PermissionedDomain
ripple.app.Invariants PermissionedDomain 2
ripple.app.Invariants PermissionedDomain 3
ripple.app.Invariants PermissionedDomain 4
ripple.app.Invariants PermissionedDomain Set 1
ripple.app.Invariants PermissionedDomain Set 2
ripple.app.Invariants PermissionedDomain Set 3
ripple.app.Invariants PermissionedDomain Set 4
ripple.app.Invariants PermissionedDomain set 2 domains
ripple.app.Invariants PermissionedDomain del 2 domains
ripple.app.Invariants PermissionedDomain set 0 domains
ripple.app.Invariants PermissionedDomain del 0 domains
ripple.app.Invariants PermissionedDomain set, delete domain
ripple.app.Invariants PermissionedDomain del, create domain
ripple.app.Invariants PermissionedDomain invalid tx
ripple.app.Invariants PermissionedDEX fix
ripple.app.Invariants PermissionedDEX
ripple.app.Invariants no modified unmodifiable fields
ripple.app.Invariants valid pseudo accounts
ripple.app.Invariants valid loan broker
ripple.app.Invariants Vault general checks
ripple.app.Invariants Vault create
ripple.app.Invariants Vault deposit
ripple.app.Invariants Vault withdrawal
ripple.app.Invariants Vault clawback
ripple.app.Invariants overwrite: NoXRPTrustLines fix
ripple.app.Invariants overwrite: NoDeepFreeze fix
ripple.app.Invariants overwrite: NoZeroEscrow MPT fix
ripple.app.Invariants overwrite: NoXRPTrustLines
ripple.app.Invariants overwrite: NoDeepFreeze
ripple.app.Invariants overwrite: NoZeroEscrow MPT
ripple.app.Invariants vault computeCoarsestScale: No values
ripple.app.Invariants vault computeCoarsestScale: Mixed integer and Number values
ripple.app.Invariants vault computeCoarsestScale: Mixed scales
ripple.app.Invariants vault computeCoarsestScale: Equal scales
ripple.app.Invariants vault computeCoarsestScale: Mixed mantissa sizes
ripple.app.Invariants vault computeCoarsestScale: False equivalence
ripple.app.Invariants had 0 failures.
ripple.app.MultiSign No Reserve
ripple.app.MultiSign SignerListSet
ripple.app.MultiSign Phantom Signers
ripple.app.MultiSign Fee
ripple.app.MultiSign Misordered Signers
ripple.app.MultiSign Master Signers
ripple.app.MultiSign Regular Signers
ripple.app.MultiSign Regular Signers Using submit_multisigned
ripple.app.MultiSign Heterogenious Signers
ripple.app.MultiSign Key Disable
ripple.app.MultiSign Regular Key
ripple.app.MultiSign Transaction Types
ripple.app.MultiSign Bad Signature Text
ripple.app.MultiSign No Multisigners
ripple.app.MultiSign Multisigning multisigner
ripple.app.MultiSign sign_for Hash
ripple.app.MultiSign Signers With Tickets
ripple.app.MultiSign No Reserve
ripple.app.MultiSign SignerListSet
ripple.app.MultiSign Phantom Signers
ripple.app.MultiSign Fee
ripple.app.MultiSign Misordered Signers
ripple.app.MultiSign Master Signers
ripple.app.MultiSign Regular Signers
ripple.app.MultiSign Regular Signers Using submit_multisigned
ripple.app.MultiSign Heterogenious Signers
ripple.app.MultiSign Key Disable
ripple.app.MultiSign Regular Key
ripple.app.MultiSign Transaction Types
ripple.app.MultiSign Bad Signature Text
ripple.app.MultiSign No Multisigners
ripple.app.MultiSign Multisigning multisigner
ripple.app.MultiSign sign_for Hash
ripple.app.MultiSign Signers With Tickets
ripple.app.MultiSign No Reserve
ripple.app.MultiSign SignerListSet
ripple.app.MultiSign Phantom Signers
ripple.app.MultiSign Fee
ripple.app.MultiSign Misordered Signers
ripple.app.MultiSign Master Signers
ripple.app.MultiSign Regular Signers
ripple.app.MultiSign Regular Signers Using submit_multisigned
ripple.app.MultiSign Heterogenious Signers
ripple.app.MultiSign Key Disable
ripple.app.MultiSign Regular Key
ripple.app.MultiSign Transaction Types
ripple.app.MultiSign Bad Signature Text
ripple.app.MultiSign No Multisigners
ripple.app.MultiSign Multisigning multisigner
ripple.app.MultiSign sign_for Hash
ripple.app.MultiSign Signers With Tickets
ripple.app.MultiSign Signers With Tags
ripple.app.MultiSign SignerListSet flag, fix disabled
ripple.app.MultiSign SignerListSet flag, fix enabled
ripple.app.MultiSign SignerList Object
ripple.app.MultiSign SignerList Object
ripple.app.MultiSign Amendment Transition
ripple.app.MultiSign had 0 failures.
ripple.app.SetRegularKey Set regular key
ripple.app.SetRegularKey Disable master key
ripple.app.SetRegularKey Re-enable master key
ripple.app.SetRegularKey Revoke regular key
ripple.app.SetRegularKey Set regular key
ripple.app.SetRegularKey Disable master key
ripple.app.SetRegularKey Re-enable master key
ripple.app.SetRegularKey Revoke regular key
ripple.app.SetRegularKey Set regular key to master key (before fixMasterKeyAsRegularKey)
ripple.app.SetRegularKey Set regular key to master key (after fixMasterKeyAsRegularKey)
ripple.app.SetRegularKey Password spent
ripple.app.SetRegularKey Universal mask
ripple.app.SetRegularKey Ticket regular key
ripple.app.SetRegularKey had 0 failures.
ripple.app.Ticket Feature Not Enabled
ripple.app.Ticket Create Tickets that fail Preflight
ripple.app.Ticket Create Tickets that fail Preclaim
ripple.app.Ticket Create Ticket Insufficient Reserve
ripple.app.Ticket Using Tickets
ripple.app.Ticket Transaction Database With Tickets
ripple.app.Ticket Sign with TicketSequence
ripple.app.Ticket Fix both Seq and Ticket
ripple.app.Ticket had 0 failures.
Longest suite times:
   23.4s ripple.app.Invariants
   23.2s ripple.app.Delegate
   11.5s ripple.app.AccountDelete
    6.2s ripple.app.MultiSign
    5.4s ripple.rpc.AccountSet
    1.2s ripple.app.Ticket
71.7s, 7 suites, 194 cases, 28923 tests total, 0 failures
