a38d3fc72 fix: Change AMMClawback return code to tecNO_PERMISSION (#6946)
17f26ba97 fix: Decouple reserve from fee in delegate payment (#6568)
53d0daf3b fix(telemetry): preserve deterministic trace_id in round spans
615762410 fix(telemetry): preserve deterministic trace_id in round spans
689e803cc fix(telemetry): preserve deterministic trace_id in round spans
c4ef1e699 Merge remote-tracking branch 'XRPLF/develop' into ximinez/number-maxint-range
6c8e7a539 Merge remote-tracking branch 'XRPLF/develop' into ximinez/vault-test
9a870c36e Merge remote-tracking branch 'XRPLF/develop' into ximinez/acquireAsyncDispatch
8bb87e9ca Merge remote-tracking branch 'XRPLF/develop' into ximinez/fix-getledger
5d807f0d6 Merge remote-tracking branch 'XRPLF/develop' into ximinez/online-delete-gaps
affe5835f fix: Change AMMClawback return code to tecNO_PERMISSION (#6946)
e85f010ef Fix AMMClawback return code on AllowTrustLineClawback and NoFreeze check.
d560d8be6 Fix AMMClawback return code on AllowTrustLineClawback and NoFreeze check.
2570c7df0 Sponsored Fees and Reserves for Attackathon (#6842)
0a896b795 Fix double adjustOwnerCount() in AMMWithdraw.
75d0960e1 Merge remote-tracking branch 'XRPLF/develop' into ximinez/lending-sendmulti
6d9ed125f fix: Decouple reserve from fee in delegate payment (#6568)
92607805c feat(telemetry): add validationsChecked recording hook in recvValidation
23eee6192 feat: Make VaultID conditional on LoanBrokerSet
9dd2ca1e4 fix: Address code review findings for TSAN/ASAN PR
1a7d67c4d chore: Enable clang-tidy `bugprone-reserved-identifier` check (#6456)
62c9b6bbd Merge branch 'develop' into vvysokikh1/fix-positive-balance-trustline-pay-no-reserve
fef83c296 Merge remote-tracking branch 'origin' into vvysokikh1/fix-positive-balance-trustline-pay-no-reserve
316cdcaa0 Merge branch 'develop' into vvysokikh1/fix-positive-balance-trustline-pay-no-reserve
b195011ef fix: Apply object reserve for Vault pseudo-account (#5954)
7e6647e76 Review feedback from @shawnxie999: broker owner count
362ecbd1c fix: Apply object reserve for Vault pseudo-account (#5954)
2eca3dca8 Merge remote-tracking branch 'upstream/develop' into ximinez/lending-number-simple
508937f3d refactor: Retire MultiSignReserve and ExpandedSignerList amendments (#5981)
7925cc405 fix: Check the borrower's balance in LoanSet for reserve
4425f84c1 Remove directory size limit (#5935)
5ebc29c48 fix: Enforce reserve when creating trust line or MPToken in VaultWithdraw (#5857)
2dd1d682a Remove directory size limit (#5935)
83ee3788e fix: Enforce reserve when creating trust line or MPToken in VaultWithdraw (#5857)
1efc532b2 Implement Vito's new loan payment part rounding algorithm, and more
519d1dbc3 refactor: Replace fee().accountReserve(0) with fee().reserve (#5843)
f85c09e5f Merge remote-tracking branch 'origin' into vvysokikh1/fix-positive-balance-trustline-pay-no-reserve
0bd6b1ae4 Review feedback from @mvadari
8ac514363 get new fees and reserves working (#5714)
e7a7bb83c VaultWithdraw destination account bugfix (#5572)
527e0c916 Lending protocol implementation (XLS-0066)
848311563 Lending protocol implementation (XLS-0066)
7ff2f58a9 fixup! Update to match latest spec: compute interest, LoanBroker reserves
bcece6d68 Update to match latest spec: compute interest, LoanBroker reserves
ceeb11aee Ensure that an account is not deleted with a non-zero owner count
cc0fe0db0 LoanBrokerSet will charge a reserve increment when creating
b6a95f997 PoC Smart Escrows (#5340)
ec61f5e9d Add fixAMMv1_2 amendment (#5176)
