ripple.app.SetTrust Allow two free trustlines
ripple.app.SetTrust Dynamic reserve for trustline
ripple.app.SetTrust Dynamic reserve for trustline
ripple.app.SetTrust SetTrust using a ticket
ripple.app.SetTrust SetTrust checks for malformed transactions
ripple.app.SetTrust SetTrust removes quality of trustline for low account
ripple.app.SetTrust SetTrust removes quality of trustline for high account
ripple.app.SetTrust SetTrust creates quality of trustline for low account
ripple.app.SetTrust SetTrust creates quality of trustline for high account
ripple.app.SetTrust Create trustline with disallow incoming
ripple.app.SetTrust Reset trust line limit with Authorised Lines: Verify deletion of trust lines
ripple.app.SetTrust Test deletion of trust lines: revert trust line limit to zero
ripple.app.SetTrust Ensure that trust line limits are respected in payment transactions
ripple.app.SetTrust Ensure that authorised trust lines do not allow payments from unauthorised counter-parties
ripple.app.SetTrust Check that trust line limits are respected in conjunction with rippling feature
ripple.app.SetTrust Legacy 2.5.0 -- offer crossing creates positive balance without reserve
ripple.app.SetTrust Allow two free trustlines
ripple.app.SetTrust Dynamic reserve for trustline
ripple.app.SetTrust Dynamic reserve for trustline
ripple.app.SetTrust SetTrust using a ticket
ripple.app.SetTrust SetTrust checks for malformed transactions
ripple.app.SetTrust SetTrust removes quality of trustline for low account
ripple.app.SetTrust SetTrust removes quality of trustline for high account
ripple.app.SetTrust SetTrust creates quality of trustline for low account
ripple.app.SetTrust SetTrust creates quality of trustline for high account
ripple.app.SetTrust Create trustline with disallow incoming
ripple.app.SetTrust Reset trust line limit with Authorised Lines: Verify deletion of trust lines
ripple.app.SetTrust Test deletion of trust lines: revert trust line limit to zero
ripple.app.SetTrust Ensure that trust line limits are respected in payment transactions
ripple.app.SetTrust Ensure that authorised trust lines do not allow payments from unauthorised counter-parties
ripple.app.SetTrust Check that trust line limits are respected in conjunction with rippling feature
ripple.app.SetTrust Legacy 2.5.0 -- offer crossing creates positive balance without reserve
ripple.app.SetTrust had 0 failures.
Longest suite times:
    4.9s ripple.app.SetTrust
4.9s, 1 suite, 32 cases, 1656 tests total, 0 failures
