ripple.app.Freeze RippleState Freeze
ripple.app.Freeze Deep Freeze
ripple.app.Freeze Create Frozen Trustline
ripple.app.Freeze Freeze Set and Clear
ripple.app.Freeze Global Freeze
ripple.app.Freeze No Freeze
ripple.app.Freeze Offers for Frozen Trust Lines
ripple.app.Freeze Offers on frozen trust lines
ripple.app.Freeze Direct payments on frozen trust lines
ripple.app.Freeze Checks on frozen trust lines
ripple.app.Freeze AMM payments on frozen trust lines
ripple.app.Freeze Longer paths payment on frozen trust lines
ripple.app.Freeze NFT offers on frozen trust lines
ripple.app.Freeze RippleState Freeze
ripple.app.Freeze Deep Freeze
ripple.app.Freeze Create Frozen Trustline
ripple.app.Freeze Freeze Set and Clear
ripple.app.Freeze Global Freeze
ripple.app.Freeze No Freeze
ripple.app.Freeze Offers for Frozen Trust Lines
ripple.app.Freeze Offers on frozen trust lines
ripple.app.Freeze Direct payments on frozen trust lines
ripple.app.Freeze Checks on frozen trust lines
ripple.app.Freeze AMM payments on frozen trust lines
ripple.app.Freeze Longer paths payment on frozen trust lines
ripple.app.Freeze NFT offers on frozen trust lines
ripple.app.Freeze RippleState Freeze
ripple.app.Freeze Deep Freeze
ripple.app.Freeze Create Frozen Trustline
ripple.app.Freeze Freeze Set and Clear
ripple.app.Freeze Global Freeze
ripple.app.Freeze No Freeze
ripple.app.Freeze Offers for Frozen Trust Lines
ripple.app.Freeze Offers on frozen trust lines
ripple.app.Freeze Direct payments on frozen trust lines
ripple.app.Freeze Checks on frozen trust lines
ripple.app.Freeze AMM payments on frozen trust lines
ripple.app.Freeze Longer paths payment on frozen trust lines
ripple.app.Freeze NFT offers on frozen trust lines
ripple.app.Freeze RippleState Freeze
ripple.app.Freeze Deep Freeze
ripple.app.Freeze Create Frozen Trustline
ripple.app.Freeze Freeze Set and Clear
ripple.app.Freeze Global Freeze
ripple.app.Freeze No Freeze
ripple.app.Freeze Offers for Frozen Trust Lines
ripple.app.Freeze Offers on frozen trust lines
ripple.app.Freeze Direct payments on frozen trust lines
ripple.app.Freeze Checks on frozen trust lines
ripple.app.Freeze AMM payments on frozen trust lines
ripple.app.Freeze Longer paths payment on frozen trust lines
ripple.app.Freeze NFT offers on frozen trust lines
ripple.app.Freeze RippleState Freeze
ripple.app.Freeze Deep Freeze
ripple.app.Freeze Create Frozen Trustline
ripple.app.Freeze Freeze Set and Clear
ripple.app.Freeze Global Freeze
ripple.app.Freeze No Freeze
ripple.app.Freeze Offers for Frozen Trust Lines
ripple.app.Freeze Offers on frozen trust lines
ripple.app.Freeze Direct payments on frozen trust lines
ripple.app.Freeze Checks on frozen trust lines
ripple.app.Freeze AMM payments on frozen trust lines
ripple.app.Freeze Longer paths payment on frozen trust lines
ripple.app.Freeze NFT offers on frozen trust lines
ripple.app.Freeze RippleState Freeze
ripple.app.Freeze Deep Freeze
ripple.app.Freeze Create Frozen Trustline
ripple.app.Freeze Freeze Set and Clear
ripple.app.Freeze Global Freeze
ripple.app.Freeze No Freeze
ripple.app.Freeze Offers for Frozen Trust Lines
ripple.app.Freeze Offers on frozen trust lines
ripple.app.Freeze Direct payments on frozen trust lines
ripple.app.Freeze Checks on frozen trust lines
ripple.app.Freeze AMM payments on frozen trust lines
ripple.app.Freeze Longer paths payment on frozen trust lines
ripple.app.Freeze NFT offers on frozen trust lines
ripple.app.Freeze RippleState Freeze
ripple.app.Freeze Deep Freeze
ripple.app.Freeze Create Frozen Trustline
ripple.app.Freeze Freeze Set and Clear
ripple.app.Freeze Global Freeze
ripple.app.Freeze No Freeze
ripple.app.Freeze Offers for Frozen Trust Lines
ripple.app.Freeze Offers on frozen trust lines
ripple.app.Freeze Direct payments on frozen trust lines
ripple.app.Freeze Checks on frozen trust lines
ripple.app.Freeze AMM payments on frozen trust lines
ripple.app.Freeze Longer paths payment on frozen trust lines
ripple.app.Freeze NFT offers on frozen trust lines
ripple.app.Freeze had 0 failures.
ripple.app.SetTrust Allow two free trustlines
ripple.app.SetTrust Dynamic reserve for trustline
ripple.app.SetTrust Dynamic reserve for trustline
ripple.app.SetTrust SetTrust using a ticket
ripple.app.SetTrust SetTrust checks for malformed transactions
ripple.app.SetTrust SetTrust removes quality of trustline for low account
ripple.app.SetTrust SetTrust removes quality of trustline for high account
ripple.app.SetTrust SetTrust creates quality of trustline for low account
ripple.app.SetTrust SetTrust creates quality of trustline for high account
ripple.app.SetTrust Create trustline with disallow incoming
ripple.app.SetTrust Reset trust line limit with Authorised Lines: Verify deletion of trust lines
ripple.app.SetTrust Test deletion of trust lines: revert trust line limit to zero
ripple.app.SetTrust Ensure that trust line limits are respected in payment transactions
ripple.app.SetTrust Ensure that authorised trust lines do not allow payments from unauthorised counter-parties
ripple.app.SetTrust Check that trust line limits are respected in conjunction with rippling feature
ripple.app.SetTrust Allow two free trustlines
ripple.app.SetTrust Dynamic reserve for trustline
ripple.app.SetTrust Dynamic reserve for trustline
ripple.app.SetTrust SetTrust using a ticket
ripple.app.SetTrust SetTrust checks for malformed transactions
ripple.app.SetTrust SetTrust removes quality of trustline for low account
ripple.app.SetTrust SetTrust removes quality of trustline for high account
ripple.app.SetTrust SetTrust creates quality of trustline for low account
ripple.app.SetTrust SetTrust creates quality of trustline for high account
ripple.app.SetTrust Create trustline with disallow incoming
ripple.app.SetTrust Reset trust line limit with Authorised Lines: Verify deletion of trust lines
ripple.app.SetTrust Test deletion of trust lines: revert trust line limit to zero
ripple.app.SetTrust Ensure that trust line limits are respected in payment transactions
ripple.app.SetTrust Ensure that authorised trust lines do not allow payments from unauthorised counter-parties
ripple.app.SetTrust Check that trust line limits are respected in conjunction with rippling feature
ripple.app.SetTrust had 0 failures.
ripple.app.TrustAndBalance Trust Nonexistent Account
ripple.app.TrustAndBalance Credit Limit
ripple.app.TrustAndBalance Payment to Nonexistent Account
ripple.app.TrustAndBalance Direct Payment, Ripple
ripple.app.TrustAndBalance Direct Payment: Without  Xfer Fee, Without  Subscribe
ripple.app.TrustAndBalance Direct Payment: With  Xfer Fee, Without  Subscribe
ripple.app.TrustAndBalance Direct Payment: Without  Xfer Fee, With  Subscribe
ripple.app.TrustAndBalance Direct Payment: With  Xfer Fee, With  Subscribe
ripple.app.TrustAndBalance Payments With Paths and Fees
ripple.app.TrustAndBalance Indirect Payment
ripple.app.TrustAndBalance Indirect Payment, Multi Path, With  Xfer Fee,
ripple.app.TrustAndBalance Indirect Payment, Multi Path, Without  Xfer Fee,
ripple.app.TrustAndBalance Set Invoice ID on Payment
ripple.app.TrustAndBalance Payment to Nonexistent Account
ripple.app.TrustAndBalance Direct Payment, Ripple
ripple.app.TrustAndBalance Direct Payment: Without  Xfer Fee, Without  Subscribe
ripple.app.TrustAndBalance Direct Payment: With  Xfer Fee, Without  Subscribe
ripple.app.TrustAndBalance Direct Payment: Without  Xfer Fee, With  Subscribe
ripple.app.TrustAndBalance Direct Payment: With  Xfer Fee, With  Subscribe
ripple.app.TrustAndBalance Payments With Paths and Fees
ripple.app.TrustAndBalance Indirect Payment
ripple.app.TrustAndBalance Indirect Payment, Multi Path, With  Xfer Fee,
ripple.app.TrustAndBalance Indirect Payment, Multi Path, Without  Xfer Fee,
ripple.app.TrustAndBalance Set Invoice ID on Payment
ripple.app.TrustAndBalance had 0 failures.
Longest suite times:
   13.3s ripple.app.Freeze
    3.9s ripple.app.SetTrust
    2.6s ripple.app.TrustAndBalance
19.8s, 3 suites, 145 cases, 13435 tests total, 0 failures
