ripple.app.SetTrust Allow two free trustlines
ripple.app.SetTrust Dynamic reserve for trustline
ripple.app.SetTrust Dynamic reserve for trustline
ripple.app.SetTrust SetTrust using a ticket
ripple.app.SetTrust SetTrust checks for malformed transactions
ripple.app.SetTrust SetTrust removes quality of trustline for low account
ripple.app.SetTrust SetTrust removes quality of trustline for high account
ripple.app.SetTrust SetTrust creates quality of trustline for low account
ripple.app.SetTrust SetTrust creates quality of trustline for high account
ripple.app.SetTrust Create trustline with disallow incoming
ripple.app.SetTrust Legacy 2.0.0 -- offer crossing creates positive balance without reserve
ripple.app.SetTrust Allow two free trustlines
ripple.app.SetTrust Dynamic reserve for trustline
ripple.app.SetTrust Dynamic reserve for trustline
ripple.app.SetTrust SetTrust using a ticket
ripple.app.SetTrust SetTrust checks for malformed transactions
ripple.app.SetTrust SetTrust removes quality of trustline for low account
ripple.app.SetTrust SetTrust removes quality of trustline for high account
ripple.app.SetTrust SetTrust creates quality of trustline for low account
ripple.app.SetTrust SetTrust creates quality of trustline for high account
ripple.app.SetTrust Create trustline with disallow incoming
ripple.app.SetTrust Legacy 2.0.0 -- offer crossing creates positive balance without reserve
Longest suite times:
    5.4s ripple.app.SetTrust
5.4s, 1 suite, 22 cases, 700 tests total, 0 failures
