ripple.app.AccountDelete Basics
ripple.app.AccountDelete Directories
ripple.app.AccountDelete Owned types
ripple.app.AccountDelete Resurrection
ripple.app.AccountDelete Amendment enable
ripple.app.AccountDelete Too many offers
ripple.app.AccountDelete Implicitly created trust line
ripple.app.AccountDelete Balance too small for fee
ripple.app.AccountDelete With Tickets
ripple.app.AccountDelete Destination Constraints
ripple.app.AccountDelete Destination Constraints with DepositPreauth and Credentials
ripple.app.AccountDelete Credentials that aren't required
ripple.app.AccountDelete Expired credentials
ripple.app.AccountDelete Credentials feature disabled
ripple.app.AccountDelete Deleting Issuer deletes issued credentials
ripple.app.AccountDelete Deleting Subject deletes issued credentials
ripple.app.AccountDelete had 0 failures.
ripple.app.OfferAllFeatures
ripple.app.OfferAllFeatures Removing Canceled Offers
ripple.app.OfferAllFeatures Incorrect Removal of Funded Offers
ripple.app.OfferAllFeatures Tiny payments
ripple.app.OfferAllFeatures XRP Tiny payments
ripple.app.OfferAllFeatures Enforce No Ripple
ripple.app.OfferAllFeatures Insufficient Reserve
ripple.app.OfferAllFeatures Fill Modes
ripple.app.OfferAllFeatures Malformed Detection
ripple.app.OfferAllFeatures Offer Expiration
ripple.app.OfferAllFeatures Unfunded Crossing
ripple.app.OfferAllFeatures Self-crossing
ripple.app.OfferAllFeatures Self-crossing, with partner account
ripple.app.OfferAllFeatures Negative Balance
ripple.app.OfferAllFeatures Offer Crossing with XRP, Reverse order
ripple.app.OfferAllFeatures Offer Crossing with XRP, Normal order
ripple.app.OfferAllFeatures Offer Crossing with Limit Override
ripple.app.OfferAllFeatures Offer Accept then Cancel.
ripple.app.OfferAllFeatures Offer Cancel Past and Future Sequence.
ripple.app.OfferAllFeatures Currency Conversion: Entire Offer
ripple.app.OfferAllFeatures Currency Conversion: Offerer Into Debt
ripple.app.OfferAllFeatures Currency Conversion: In Parts
ripple.app.OfferAllFeatures Cross Currency Payment: Start with XRP
ripple.app.OfferAllFeatures Cross Currency Payment: End with XRP
ripple.app.OfferAllFeatures Cross Currency Payment: Bridged
ripple.app.OfferAllFeatures Auto Bridged Second Leg Dry
ripple.app.OfferAllFeatures Offer Fees Consume Funds
ripple.app.OfferAllFeatures Offer Create, then Cross
ripple.app.OfferAllFeatures Offer tfSell: Basic Sell
ripple.app.OfferAllFeatures Offer tfSell: 2x Sell Exceed Limit
ripple.app.OfferAllFeatures Client Issue #535: Gateway Cross Currency
ripple.app.OfferAllFeatures Partial Crossing
ripple.app.OfferAllFeatures XRP Direct Crossing
ripple.app.OfferAllFeatures Direct Crossing
ripple.app.OfferAllFeatures Bridged Crossing
ripple.app.OfferAllFeatures Sell Offer
ripple.app.OfferAllFeatures Combine tfSell with tfFillOrKill
ripple.app.OfferAllFeatures Transfer Rate Offer
ripple.app.OfferAllFeatures Self Cross Offer
ripple.app.OfferAllFeatures Bad path assert
ripple.app.OfferAllFeatures Direct to Direct path
ripple.app.OfferAllFeatures Self crossing low quality offer
ripple.app.OfferAllFeatures Offer In Scaling
ripple.app.OfferAllFeatures Offer In Scaling With Xfer Rate
ripple.app.OfferAllFeatures Offer Threshold With Reduced Funds
ripple.app.OfferAllFeatures Tiny Offer
ripple.app.OfferAllFeatures Self Pay Xfer Fee
ripple.app.OfferAllFeatures Self Pay Unlimited Funds
ripple.app.OfferAllFeatures lsfRequireAuth
ripple.app.OfferAllFeatures Missing Auth
ripple.app.OfferAllFeatures RippleConnect Smoketest payment flow
ripple.app.OfferAllFeatures Self Auth
ripple.app.OfferAllFeatures Deleted offer issuer
ripple.app.OfferAllFeatures Tick Size
ripple.app.OfferAllFeatures Ticket Offers
ripple.app.OfferAllFeatures Ticket Cancel Offers
ripple.app.OfferAllFeatures Rm small increased q offers XRP
ripple.app.OfferAllFeatures Rm small increased q offers IOU
ripple.app.OfferAllFeatures fixFillOrKill
ripple.app.OfferAllFeatures had 0 failures.
ripple.app.OfferBaseUtil
ripple.app.OfferBaseUtil Removing Canceled Offers
ripple.app.OfferBaseUtil Incorrect Removal of Funded Offers
ripple.app.OfferBaseUtil Tiny payments
ripple.app.OfferBaseUtil XRP Tiny payments
ripple.app.OfferBaseUtil Enforce No Ripple
ripple.app.OfferBaseUtil Insufficient Reserve
ripple.app.OfferBaseUtil Fill Modes
ripple.app.OfferBaseUtil Malformed Detection
ripple.app.OfferBaseUtil Offer Expiration
ripple.app.OfferBaseUtil Unfunded Crossing
ripple.app.OfferBaseUtil Self-crossing
ripple.app.OfferBaseUtil Self-crossing, with partner account
ripple.app.OfferBaseUtil Negative Balance
ripple.app.OfferBaseUtil Offer Crossing with XRP, Reverse order
ripple.app.OfferBaseUtil Offer Crossing with XRP, Normal order
ripple.app.OfferBaseUtil Offer Crossing with Limit Override
ripple.app.OfferBaseUtil Offer Accept then Cancel.
ripple.app.OfferBaseUtil Offer Cancel Past and Future Sequence.
ripple.app.OfferBaseUtil Currency Conversion: Entire Offer
ripple.app.OfferBaseUtil Currency Conversion: Offerer Into Debt
ripple.app.OfferBaseUtil Currency Conversion: In Parts
ripple.app.OfferBaseUtil Cross Currency Payment: Start with XRP
ripple.app.OfferBaseUtil Cross Currency Payment: End with XRP
ripple.app.OfferBaseUtil Cross Currency Payment: Bridged
ripple.app.OfferBaseUtil Auto Bridged Second Leg Dry
ripple.app.OfferBaseUtil Offer Fees Consume Funds
ripple.app.OfferBaseUtil Offer Create, then Cross
ripple.app.OfferBaseUtil Offer tfSell: Basic Sell
ripple.app.OfferBaseUtil Offer tfSell: 2x Sell Exceed Limit
ripple.app.OfferBaseUtil Client Issue #535: Gateway Cross Currency
ripple.app.OfferBaseUtil Partial Crossing
ripple.app.OfferBaseUtil XRP Direct Crossing
ripple.app.OfferBaseUtil Direct Crossing
ripple.app.OfferBaseUtil Bridged Crossing
ripple.app.OfferBaseUtil Sell Offer
ripple.app.OfferBaseUtil Combine tfSell with tfFillOrKill
ripple.app.OfferBaseUtil Transfer Rate Offer
ripple.app.OfferBaseUtil Self Cross Offer
ripple.app.OfferBaseUtil Bad path assert
ripple.app.OfferBaseUtil Direct to Direct path
ripple.app.OfferBaseUtil Self crossing low quality offer
ripple.app.OfferBaseUtil Offer In Scaling
ripple.app.OfferBaseUtil Offer In Scaling With Xfer Rate
ripple.app.OfferBaseUtil Offer Threshold With Reduced Funds
ripple.app.OfferBaseUtil Tiny Offer
ripple.app.OfferBaseUtil Self Pay Xfer Fee
ripple.app.OfferBaseUtil Self Pay Unlimited Funds
ripple.app.OfferBaseUtil lsfRequireAuth
ripple.app.OfferBaseUtil Missing Auth
ripple.app.OfferBaseUtil RippleConnect Smoketest payment flow
ripple.app.OfferBaseUtil Self Auth
ripple.app.OfferBaseUtil Deleted offer issuer
ripple.app.OfferBaseUtil Tick Size
ripple.app.OfferBaseUtil Ticket Offers
ripple.app.OfferBaseUtil Ticket Cancel Offers
ripple.app.OfferBaseUtil Rm small increased q offers XRP
ripple.app.OfferBaseUtil Rm small increased q offers IOU
ripple.app.OfferBaseUtil fixFillOrKill
ripple.app.OfferBaseUtil incorrect assert fixed
ripple.app.OfferBaseUtil had 0 failures.
ripple.app.OfferWOFillOrKill
ripple.app.OfferWOFillOrKill Removing Canceled Offers
ripple.app.OfferWOFillOrKill Incorrect Removal of Funded Offers
ripple.app.OfferWOFillOrKill Tiny payments
ripple.app.OfferWOFillOrKill XRP Tiny payments
ripple.app.OfferWOFillOrKill Enforce No Ripple
ripple.app.OfferWOFillOrKill Insufficient Reserve
ripple.app.OfferWOFillOrKill Fill Modes
ripple.app.OfferWOFillOrKill Malformed Detection
ripple.app.OfferWOFillOrKill Offer Expiration
ripple.app.OfferWOFillOrKill Unfunded Crossing
ripple.app.OfferWOFillOrKill Self-crossing
ripple.app.OfferWOFillOrKill Self-crossing, with partner account
ripple.app.OfferWOFillOrKill Negative Balance
ripple.app.OfferWOFillOrKill Offer Crossing with XRP, Reverse order
ripple.app.OfferWOFillOrKill Offer Crossing with XRP, Normal order
ripple.app.OfferWOFillOrKill Offer Crossing with Limit Override
ripple.app.OfferWOFillOrKill Offer Accept then Cancel.
ripple.app.OfferWOFillOrKill Offer Cancel Past and Future Sequence.
ripple.app.OfferWOFillOrKill Currency Conversion: Entire Offer
ripple.app.OfferWOFillOrKill Currency Conversion: Offerer Into Debt
ripple.app.OfferWOFillOrKill Currency Conversion: In Parts
ripple.app.OfferWOFillOrKill Cross Currency Payment: Start with XRP
ripple.app.OfferWOFillOrKill Cross Currency Payment: End with XRP
ripple.app.OfferWOFillOrKill Cross Currency Payment: Bridged
ripple.app.OfferWOFillOrKill Auto Bridged Second Leg Dry
ripple.app.OfferWOFillOrKill Offer Fees Consume Funds
ripple.app.OfferWOFillOrKill Offer Create, then Cross
ripple.app.OfferWOFillOrKill Offer tfSell: Basic Sell
ripple.app.OfferWOFillOrKill Offer tfSell: 2x Sell Exceed Limit
ripple.app.OfferWOFillOrKill Client Issue #535: Gateway Cross Currency
ripple.app.OfferWOFillOrKill Partial Crossing
ripple.app.OfferWOFillOrKill XRP Direct Crossing
ripple.app.OfferWOFillOrKill Direct Crossing
ripple.app.OfferWOFillOrKill Bridged Crossing
ripple.app.OfferWOFillOrKill Sell Offer
ripple.app.OfferWOFillOrKill Combine tfSell with tfFillOrKill
ripple.app.OfferWOFillOrKill Transfer Rate Offer
ripple.app.OfferWOFillOrKill Self Cross Offer
ripple.app.OfferWOFillOrKill Bad path assert
ripple.app.OfferWOFillOrKill Direct to Direct path
ripple.app.OfferWOFillOrKill Self crossing low quality offer
ripple.app.OfferWOFillOrKill Offer In Scaling
ripple.app.OfferWOFillOrKill Offer In Scaling With Xfer Rate
ripple.app.OfferWOFillOrKill Offer Threshold With Reduced Funds
ripple.app.OfferWOFillOrKill Tiny Offer
ripple.app.OfferWOFillOrKill Self Pay Xfer Fee
ripple.app.OfferWOFillOrKill Self Pay Unlimited Funds
ripple.app.OfferWOFillOrKill lsfRequireAuth
ripple.app.OfferWOFillOrKill Missing Auth
ripple.app.OfferWOFillOrKill RippleConnect Smoketest payment flow
ripple.app.OfferWOFillOrKill Self Auth
ripple.app.OfferWOFillOrKill Deleted offer issuer
ripple.app.OfferWOFillOrKill Tick Size
ripple.app.OfferWOFillOrKill Ticket Offers
ripple.app.OfferWOFillOrKill Ticket Cancel Offers
ripple.app.OfferWOFillOrKill Rm small increased q offers XRP
ripple.app.OfferWOFillOrKill Rm small increased q offers IOU
ripple.app.OfferWOFillOrKill fixFillOrKill
ripple.app.OfferWOFillOrKill had 0 failures.
ripple.app.OfferWOPermDEX
ripple.app.OfferWOPermDEX Removing Canceled Offers
ripple.app.OfferWOPermDEX Incorrect Removal of Funded Offers
ripple.app.OfferWOPermDEX Tiny payments
ripple.app.OfferWOPermDEX XRP Tiny payments
ripple.app.OfferWOPermDEX Enforce No Ripple
ripple.app.OfferWOPermDEX Insufficient Reserve
ripple.app.OfferWOPermDEX Fill Modes
ripple.app.OfferWOPermDEX Malformed Detection
ripple.app.OfferWOPermDEX Offer Expiration
ripple.app.OfferWOPermDEX Unfunded Crossing
ripple.app.OfferWOPermDEX Self-crossing
ripple.app.OfferWOPermDEX Self-crossing, with partner account
ripple.app.OfferWOPermDEX Negative Balance
ripple.app.OfferWOPermDEX Offer Crossing with XRP, Reverse order
ripple.app.OfferWOPermDEX Offer Crossing with XRP, Normal order
ripple.app.OfferWOPermDEX Offer Crossing with Limit Override
ripple.app.OfferWOPermDEX Offer Accept then Cancel.
ripple.app.OfferWOPermDEX Offer Cancel Past and Future Sequence.
ripple.app.OfferWOPermDEX Currency Conversion: Entire Offer
ripple.app.OfferWOPermDEX Currency Conversion: Offerer Into Debt
ripple.app.OfferWOPermDEX Currency Conversion: In Parts
ripple.app.OfferWOPermDEX Cross Currency Payment: Start with XRP
ripple.app.OfferWOPermDEX Cross Currency Payment: End with XRP
ripple.app.OfferWOPermDEX Cross Currency Payment: Bridged
ripple.app.OfferWOPermDEX Auto Bridged Second Leg Dry
ripple.app.OfferWOPermDEX Offer Fees Consume Funds
ripple.app.OfferWOPermDEX Offer Create, then Cross
ripple.app.OfferWOPermDEX Offer tfSell: Basic Sell
ripple.app.OfferWOPermDEX Offer tfSell: 2x Sell Exceed Limit
ripple.app.OfferWOPermDEX Client Issue #535: Gateway Cross Currency
ripple.app.OfferWOPermDEX Partial Crossing
ripple.app.OfferWOPermDEX XRP Direct Crossing
ripple.app.OfferWOPermDEX Direct Crossing
ripple.app.OfferWOPermDEX Bridged Crossing
ripple.app.OfferWOPermDEX Sell Offer
ripple.app.OfferWOPermDEX Combine tfSell with tfFillOrKill
ripple.app.OfferWOPermDEX Transfer Rate Offer
ripple.app.OfferWOPermDEX Self Cross Offer
ripple.app.OfferWOPermDEX Bad path assert
ripple.app.OfferWOPermDEX Direct to Direct path
ripple.app.OfferWOPermDEX Self crossing low quality offer
ripple.app.OfferWOPermDEX Offer In Scaling
ripple.app.OfferWOPermDEX Offer In Scaling With Xfer Rate
ripple.app.OfferWOPermDEX Offer Threshold With Reduced Funds
ripple.app.OfferWOPermDEX Tiny Offer
ripple.app.OfferWOPermDEX Self Pay Xfer Fee
ripple.app.OfferWOPermDEX Self Pay Unlimited Funds
ripple.app.OfferWOPermDEX lsfRequireAuth
ripple.app.OfferWOPermDEX Missing Auth
ripple.app.OfferWOPermDEX RippleConnect Smoketest payment flow
ripple.app.OfferWOPermDEX Self Auth
ripple.app.OfferWOPermDEX Deleted offer issuer
ripple.app.OfferWOPermDEX Tick Size
ripple.app.OfferWOPermDEX Ticket Offers
ripple.app.OfferWOPermDEX Ticket Cancel Offers
ripple.app.OfferWOPermDEX Rm small increased q offers XRP
ripple.app.OfferWOPermDEX Rm small increased q offers IOU
ripple.app.OfferWOPermDEX fixFillOrKill
ripple.app.OfferWOPermDEX had 0 failures.
ripple.app.OfferWOSmallQOffers
ripple.app.OfferWOSmallQOffers Removing Canceled Offers
ripple.app.OfferWOSmallQOffers Incorrect Removal of Funded Offers
ripple.app.OfferWOSmallQOffers Tiny payments
ripple.app.OfferWOSmallQOffers XRP Tiny payments
ripple.app.OfferWOSmallQOffers Enforce No Ripple
ripple.app.OfferWOSmallQOffers Insufficient Reserve
ripple.app.OfferWOSmallQOffers Fill Modes
ripple.app.OfferWOSmallQOffers Malformed Detection
ripple.app.OfferWOSmallQOffers Offer Expiration
ripple.app.OfferWOSmallQOffers Unfunded Crossing
ripple.app.OfferWOSmallQOffers Self-crossing
ripple.app.OfferWOSmallQOffers Self-crossing, with partner account
ripple.app.OfferWOSmallQOffers Negative Balance
ripple.app.OfferWOSmallQOffers Offer Crossing with XRP, Reverse order
ripple.app.OfferWOSmallQOffers Offer Crossing with XRP, Normal order
ripple.app.OfferWOSmallQOffers Offer Crossing with Limit Override
ripple.app.OfferWOSmallQOffers Offer Accept then Cancel.
ripple.app.OfferWOSmallQOffers Offer Cancel Past and Future Sequence.
ripple.app.OfferWOSmallQOffers Currency Conversion: Entire Offer
ripple.app.OfferWOSmallQOffers Currency Conversion: Offerer Into Debt
ripple.app.OfferWOSmallQOffers Currency Conversion: In Parts
ripple.app.OfferWOSmallQOffers Cross Currency Payment: Start with XRP
ripple.app.OfferWOSmallQOffers Cross Currency Payment: End with XRP
ripple.app.OfferWOSmallQOffers Cross Currency Payment: Bridged
ripple.app.OfferWOSmallQOffers Auto Bridged Second Leg Dry
ripple.app.OfferWOSmallQOffers Offer Fees Consume Funds
ripple.app.OfferWOSmallQOffers Offer Create, then Cross
ripple.app.OfferWOSmallQOffers Offer tfSell: Basic Sell
ripple.app.OfferWOSmallQOffers Offer tfSell: 2x Sell Exceed Limit
ripple.app.OfferWOSmallQOffers Client Issue #535: Gateway Cross Currency
ripple.app.OfferWOSmallQOffers Partial Crossing
ripple.app.OfferWOSmallQOffers XRP Direct Crossing
ripple.app.OfferWOSmallQOffers Direct Crossing
ripple.app.OfferWOSmallQOffers Bridged Crossing
ripple.app.OfferWOSmallQOffers Sell Offer
ripple.app.OfferWOSmallQOffers Combine tfSell with tfFillOrKill
ripple.app.OfferWOSmallQOffers Transfer Rate Offer
ripple.app.OfferWOSmallQOffers Self Cross Offer
ripple.app.OfferWOSmallQOffers Bad path assert
ripple.app.OfferWOSmallQOffers Direct to Direct path
ripple.app.OfferWOSmallQOffers Self crossing low quality offer
ripple.app.OfferWOSmallQOffers Offer In Scaling
ripple.app.OfferWOSmallQOffers Offer In Scaling With Xfer Rate
ripple.app.OfferWOSmallQOffers Offer Threshold With Reduced Funds
ripple.app.OfferWOSmallQOffers Tiny Offer
ripple.app.OfferWOSmallQOffers Self Pay Xfer Fee
ripple.app.OfferWOSmallQOffers Self Pay Unlimited Funds
ripple.app.OfferWOSmallQOffers lsfRequireAuth
ripple.app.OfferWOSmallQOffers Missing Auth
ripple.app.OfferWOSmallQOffers RippleConnect Smoketest payment flow
ripple.app.OfferWOSmallQOffers Self Auth
ripple.app.OfferWOSmallQOffers Deleted offer issuer
ripple.app.OfferWOSmallQOffers Tick Size
ripple.app.OfferWOSmallQOffers Ticket Offers
ripple.app.OfferWOSmallQOffers Ticket Cancel Offers
ripple.app.OfferWOSmallQOffers Rm small increased q offers XRP
ripple.app.OfferWOSmallQOffers Rm small increased q offers IOU
ripple.app.OfferWOSmallQOffers fixFillOrKill
ripple.app.OfferWOSmallQOffers had 0 failures.
ripple.app.OfferWTakerDryOffer
ripple.app.OfferWTakerDryOffer Removing Canceled Offers
ripple.app.OfferWTakerDryOffer Incorrect Removal of Funded Offers
ripple.app.OfferWTakerDryOffer Tiny payments
ripple.app.OfferWTakerDryOffer XRP Tiny payments
ripple.app.OfferWTakerDryOffer Enforce No Ripple
ripple.app.OfferWTakerDryOffer Insufficient Reserve
ripple.app.OfferWTakerDryOffer Fill Modes
ripple.app.OfferWTakerDryOffer Malformed Detection
ripple.app.OfferWTakerDryOffer Offer Expiration
ripple.app.OfferWTakerDryOffer Unfunded Crossing
ripple.app.OfferWTakerDryOffer Self-crossing
ripple.app.OfferWTakerDryOffer Self-crossing, with partner account
ripple.app.OfferWTakerDryOffer Negative Balance
ripple.app.OfferWTakerDryOffer Offer Crossing with XRP, Reverse order
ripple.app.OfferWTakerDryOffer Offer Crossing with XRP, Normal order
ripple.app.OfferWTakerDryOffer Offer Crossing with Limit Override
ripple.app.OfferWTakerDryOffer Offer Accept then Cancel.
ripple.app.OfferWTakerDryOffer Offer Cancel Past and Future Sequence.
ripple.app.OfferWTakerDryOffer Currency Conversion: Entire Offer
ripple.app.OfferWTakerDryOffer Currency Conversion: Offerer Into Debt
ripple.app.OfferWTakerDryOffer Currency Conversion: In Parts
ripple.app.OfferWTakerDryOffer Cross Currency Payment: Start with XRP
ripple.app.OfferWTakerDryOffer Cross Currency Payment: End with XRP
ripple.app.OfferWTakerDryOffer Cross Currency Payment: Bridged
ripple.app.OfferWTakerDryOffer Auto Bridged Second Leg Dry
ripple.app.OfferWTakerDryOffer Offer Fees Consume Funds
ripple.app.OfferWTakerDryOffer Offer Create, then Cross
ripple.app.OfferWTakerDryOffer Offer tfSell: Basic Sell
ripple.app.OfferWTakerDryOffer Offer tfSell: 2x Sell Exceed Limit
ripple.app.OfferWTakerDryOffer Client Issue #535: Gateway Cross Currency
ripple.app.OfferWTakerDryOffer Partial Crossing
ripple.app.OfferWTakerDryOffer XRP Direct Crossing
ripple.app.OfferWTakerDryOffer Direct Crossing
ripple.app.OfferWTakerDryOffer Bridged Crossing
ripple.app.OfferWTakerDryOffer Sell Offer
ripple.app.OfferWTakerDryOffer Combine tfSell with tfFillOrKill
ripple.app.OfferWTakerDryOffer Transfer Rate Offer
ripple.app.OfferWTakerDryOffer Self Cross Offer
ripple.app.OfferWTakerDryOffer Bad path assert
ripple.app.OfferWTakerDryOffer Direct to Direct path
ripple.app.OfferWTakerDryOffer Self crossing low quality offer
ripple.app.OfferWTakerDryOffer Offer In Scaling
ripple.app.OfferWTakerDryOffer Offer In Scaling With Xfer Rate
ripple.app.OfferWTakerDryOffer Offer Threshold With Reduced Funds
ripple.app.OfferWTakerDryOffer Tiny Offer
ripple.app.OfferWTakerDryOffer Self Pay Xfer Fee
ripple.app.OfferWTakerDryOffer Self Pay Unlimited Funds
ripple.app.OfferWTakerDryOffer lsfRequireAuth
ripple.app.OfferWTakerDryOffer Missing Auth
ripple.app.OfferWTakerDryOffer RippleConnect Smoketest payment flow
ripple.app.OfferWTakerDryOffer Self Auth
ripple.app.OfferWTakerDryOffer Deleted offer issuer
ripple.app.OfferWTakerDryOffer Tick Size
ripple.app.OfferWTakerDryOffer Ticket Offers
ripple.app.OfferWTakerDryOffer Ticket Cancel Offers
ripple.app.OfferWTakerDryOffer Rm small increased q offers XRP
ripple.app.OfferWTakerDryOffer Rm small increased q offers IOU
ripple.app.OfferWTakerDryOffer fixFillOrKill
ripple.app.OfferWTakerDryOffer had 0 failures.
ripple.app.TxQMetaInfo acct in queue but empty
ripple.app.TxQMetaInfo rpc
ripple.app.TxQMetaInfo expiration replacement
ripple.app.TxQMetaInfo full queue gap handling
ripple.app.TxQMetaInfo Autofilled sequence should account for TxQ
ripple.app.TxQMetaInfo account info
ripple.app.TxQMetaInfo server info
ripple.app.TxQMetaInfo server subscribe
ripple.app.TxQMetaInfo clear queued acct txs
ripple.app.TxQMetaInfo straightfoward positive case
ripple.app.TxQMetaInfo replace last tx with enough to clear queue
ripple.app.TxQMetaInfo replace middle tx with enough to clear queue
ripple.app.TxQMetaInfo clear queue failure (load)
ripple.app.TxQMetaInfo scaling
ripple.app.TxQMetaInfo Sequence in queue and open ledger
ripple.app.TxQMetaInfo Ticket in queue and open ledger
ripple.app.TxQMetaInfo Re-execute preflight
ripple.app.TxQMetaInfo Queue full drop penalty
ripple.app.TxQMetaInfo Cancel queued offers
ripple.app.TxQMetaInfo Zero reference fee
ripple.app.TxQMetaInfo had 0 failures.
ripple.app.TxQPosNegFlows queue sequence
ripple.app.TxQPosNegFlows queue ticket
ripple.app.TxQPosNegFlows queue tec
ripple.app.TxQPosNegFlows local tx retry
ripple.app.TxQPosNegFlows last ledger sequence
ripple.app.TxQPosNegFlows zero transaction fee
ripple.app.TxQPosNegFlows fail in preclaim
ripple.app.TxQPosNegFlows queued tx fails
ripple.app.TxQPosNegFlows multi tx per account
ripple.app.TxQPosNegFlows tie breaking
ripple.app.TxQPosNegFlows acct tx id
ripple.app.TxQPosNegFlows maximum tx
ripple.app.TxQPosNegFlows unexpected balance change
ripple.app.TxQPosNegFlows blockers sequence
ripple.app.TxQPosNegFlows blockers ticket
ripple.app.TxQPosNegFlows In-flight balance checks
ripple.app.TxQPosNegFlows consequences
ripple.app.TxQPosNegFlows had 0 failures.
ripple.app.Escrow Enablement
ripple.app.Escrow Timing: Finish Only
ripple.app.Escrow Timing: Cancel Only
ripple.app.Escrow Timing: Finish and Cancel -> Finish
ripple.app.Escrow Timing: Finish and Cancel -> Cancel
ripple.app.Escrow Tags
ripple.app.Escrow Disallow XRP
ripple.app.Escrow Implied Finish Time (without fix1571)
ripple.app.Escrow Implied Finish Time (with fix1571)
ripple.app.Escrow Failure Cases
ripple.app.Escrow Lockup
ripple.app.Escrow Escrow with CryptoConditions
ripple.app.Escrow Metadata to self
ripple.app.Escrow Metadata to other
ripple.app.Escrow Consequences
ripple.app.Escrow Escrow with tickets
ripple.app.Escrow Test with credentials
ripple.app.Escrow Escrow with credentials without depositPreauth
ripple.app.Escrow Enablement
ripple.app.Escrow Timing: Finish Only
ripple.app.Escrow Timing: Cancel Only
ripple.app.Escrow Timing: Finish and Cancel -> Finish
ripple.app.Escrow Timing: Finish and Cancel -> Cancel
ripple.app.Escrow Tags
ripple.app.Escrow Disallow XRP
ripple.app.Escrow Implied Finish Time (without fix1571)
ripple.app.Escrow Implied Finish Time (with fix1571)
ripple.app.Escrow Failure Cases
ripple.app.Escrow Lockup
ripple.app.Escrow Escrow with CryptoConditions
ripple.app.Escrow Metadata to self
ripple.app.Escrow Metadata to other
ripple.app.Escrow Consequences
ripple.app.Escrow Escrow with tickets
ripple.app.Escrow Test with credentials
ripple.app.Escrow Escrow with credentials without depositPreauth
ripple.app.Escrow Tags
ripple.app.Escrow had 0 failures.
ripple.app.OfferStream
ripple.app.OfferStream had 0 failures.
ripple.app.PayChan simple
ripple.app.PayChan Disallow Incoming Flag
ripple.app.PayChan cancel after
ripple.app.PayChan settle delay
ripple.app.PayChan expiration
ripple.app.PayChan close dry
ripple.app.PayChan default amount
ripple.app.PayChan Disallow XRP
ripple.app.PayChan Dst Tag
ripple.app.PayChan Deposit Authorization
ripple.app.PayChan Multiple channels to the same account
ripple.app.PayChan AccountChannels RPC
ripple.app.PayChan Account channels RPC markers
ripple.app.PayChan Account channels RPC owner only
ripple.app.PayChan PayChan Channel_Auth RPC Api 1
ripple.app.PayChan PayChan Channel_Auth RPC Api 2
ripple.app.PayChan PayChan Channel_Auth RPC Api 3
ripple.app.PayChan PayChan Auth/Verify RPC
ripple.app.PayChan Optional Fields
ripple.app.PayChan malformed pk
ripple.app.PayChan Metadata & Ownership
ripple.app.PayChan Account Delete
ripple.app.PayChan using tickets
ripple.app.PayChan simple
ripple.app.PayChan Disallow Incoming Flag
ripple.app.PayChan cancel after
ripple.app.PayChan settle delay
ripple.app.PayChan expiration
ripple.app.PayChan close dry
ripple.app.PayChan default amount
ripple.app.PayChan Disallow XRP
ripple.app.PayChan Dst Tag
ripple.app.PayChan Deposit Authorization
ripple.app.PayChan Multiple channels to the same account
ripple.app.PayChan AccountChannels RPC
ripple.app.PayChan Account channels RPC markers
ripple.app.PayChan Account channels RPC owner only
ripple.app.PayChan PayChan Channel_Auth RPC Api 1
ripple.app.PayChan PayChan Channel_Auth RPC Api 2
ripple.app.PayChan PayChan Channel_Auth RPC Api 3
ripple.app.PayChan PayChan Auth/Verify RPC
ripple.app.PayChan Optional Fields
ripple.app.PayChan malformed pk
ripple.app.PayChan Metadata & Ownership
ripple.app.PayChan Account Delete
ripple.app.PayChan using tickets
ripple.app.PayChan Deposit Authorization with Credentials
ripple.app.PayChan Metadata & Ownership
ripple.app.PayChan had 0 failures.
ripple.app.Ticket Feature Not Enabled
ripple.app.Ticket Create Tickets that fail Preflight
ripple.app.Ticket Create Tickets that fail Preclaim
ripple.app.Ticket Create Ticket Insufficient Reserve
ripple.app.Ticket Using Tickets
ripple.app.Ticket Transaction Database With Tickets
ripple.app.Ticket Sign with TicketSequence
ripple.app.Ticket Fix both Seq and Ticket
ripple.app.Ticket had 0 failures.
Longest suite times:
   11.9s ripple.app.AccountDelete
   10.7s ripple.app.OfferWOSmallQOffers
   10.7s ripple.app.OfferWOPermDEX
   10.6s ripple.app.OfferWOFillOrKill
   10.5s ripple.app.OfferBaseUtil
   10.5s ripple.app.OfferWTakerDryOffer
   10.4s ripple.app.OfferAllFeatures
   10.0s ripple.app.PayChan
    7.5s ripple.app.Escrow
    4.7s ripple.app.TxQMetaInfo
101.9s, 13 suites, 502 cases, 71678 tests total, 0 failures
