ripple.app.XChain
ripple.app.XChain Create Bridge
ripple.app.XChain Bridge create constraints
ripple.app.XChain Create Bridge Matrix
ripple.app.XChain Modify Bridge
ripple.app.XChain Create ClaimID
ripple.app.XChain Commit
ripple.app.XChain Add Attestation
ripple.app.XChain Add Non Batch Claim Attestation
ripple.app.XChain Add Non Batch Account Create Attestation
ripple.app.XChain Claim
ripple.app.XChain Bridge Create Account
ripple.app.XChain Fee dips into reserve
ripple.app.XChain Bridge Delete Door Account
ripple.app.XChain Bad attestations
ripple.app.XChain had 0 failures.
ripple.app.XChainSim Bridge usage simulation
ripple.app.XChainSim had 0 failures.
ripple.rpc.AccountObjects error cases
ripple.rpc.AccountObjects unsteppedThenStepped
ripple.rpc.AccountObjects unsteppedThenSteppedWithNFTs
ripple.rpc.AccountObjects object types
ripple.rpc.AccountObjects NFTsMarker
ripple.rpc.AccountObjects account_nfts
ripple.rpc.AccountObjects AccountObjectMarker
ripple.rpc.AccountObjects had 0 failures.
ripple.rpc.LedgerEntry Invalid requests
ripple.rpc.LedgerEntry AccountRoot
ripple.rpc.LedgerEntry Check
ripple.rpc.LedgerEntry Credentials
ripple.rpc.LedgerEntry Delegate
ripple.rpc.LedgerEntry Deposit Preauth
ripple.rpc.LedgerEntry Deposit Preauth with credentials
ripple.rpc.LedgerEntry Directory
ripple.rpc.LedgerEntry Escrow
ripple.rpc.LedgerEntry Offer
ripple.rpc.LedgerEntry Pay Chan
ripple.rpc.LedgerEntry RippleState
ripple.rpc.LedgerEntry Ticket
ripple.rpc.LedgerEntry DID
ripple.rpc.LedgerEntry Invalid Oracle Ledger Entry
ripple.rpc.LedgerEntry Oracle Ledger Entry
ripple.rpc.LedgerEntry MPT
ripple.rpc.LedgerEntry PermissionedDomain
ripple.rpc.LedgerEntry command-line
ripple.rpc.LedgerEntry had 0 failures.
Longest suite times:
   35.4s ripple.app.XChain
    3.9s ripple.rpc.LedgerEntry
    1.8s ripple.app.XChainSim
    1.6s ripple.rpc.AccountObjects
42.8s, 4 suites, 42 cases, 56064 tests total, 0 failures
