4539bb074 chore: Consolidate fix amendments (#104)
dc707b9f3 feat: Enable and rename fixSecurity3_1_3 amendment (#90)
5aa3d5e23 refactor: Remove erroneous base_uint ctor from container (#46)
2794a7503 fix: Prevents overwritting a bool value in an invariant (#6609) (#6961)
5ad05918f fix: Check for empty `sfAdditionalBooks` array in hybrid offer invariant (#6716) (#6945)
519d9057a fix: Improve invariant check for Permissioned Domains (#6134) (#6958)
08d8e440c Stop tx processing if failed to delete expired credentials (#6715)
7e7dc3070 fix: Add rounding to Vault invariants (#6217) (#6957)
e09949ccd fix: Fix touchy "funds are conserved" assertion in LoanPay (#6231)
c979643d0 fix: Add assorted Lending Protocol fixes (#6678)
06afbd558 fix: Prevent deletion of MPTokens with active escrow (#6635)
26d416123 fix: Assorted Vault fixes (#6607)
11bab0661 fix: Enforce aggregate MaximumAmount in multi-send MPT (#6644)
0e3600a18 refactor: Improve exception handling
1ead5a7ac Expand Number to support full integer range (#6192)
91d239f10 Improve and fix bugs in Lending Protocol - XLS-66 (#6156)
f17e476f7 fix: Inner batch transactions never have valid signatures (#6069)
138d6e751 Implement Lending Protocol (unsupported) (#5270)
4135d56aa fix: floating point representation errors in vault (#5997)
8951419db fix: invariant error in fee-sized `VaultWithdraw` (#5876)
5ebc29c48 fix: Enforce reserve when creating trust line or MPToken in VaultWithdraw (#5857)
b444457c1 chore: Exclude code/unreachable transaction code from Codecov (#5847)
220ab2622 Add vault invariants (#5518)
7bc2d5cba chore: Fix release build error (#5864)
5b2ab905c chore: exclude all `UNREACHABLE` blocks from codecov (#5846)
5d79bfc53 Remove bogus coverage warning (#5838)
51ef35ab5 fix: Transaction sig checking functions do not get a full context (#5829)
550f90a75 refactor: Add support for extra transaction signatures (#5594)
d67dcfe3c refactor: Restructure Transactor::preflight to reduce boilerplate (#5592)
3cbdf818a Miscellaneous refactors and updates (#5590)
dc8b37a52 refactor: Modularise ledger (#5493)
61d628d65 fix: Add restrictions to Permission Delegation: fixDelegateV1_1 (#5650)
b7ed99426 fix: Make test suite names match the directory name (#5597)
baf4b8381 fix `DeliveredAmount` and `delivered_amount` in transaction metadata for direct MPT transfer (#5569)
8bfaa7fe0 test: Run unit tests regardless of 'Supported' amendment status (#5537)
c9135a63c Retire Flow Cross amendment (#5562)
9874d47d7 Decouple CredentialHelpers from xrpld/app/tx (#5487)
e9d46f0bf Remove OwnerPaysFee as it's never fully supported (#5435)
35a40a8e6 fix: Improve multi-sign usage of `simulate` (#5479)
a5e953b19 fix: Add tecNO_DELEGATE_PERMISSION and fix flags (#5465)
053e1af7f Add support for XLS-85 Token Escrow (#5185)
0a34b5c69 Add support for XLS-81 Permissioned DEX (#5404)
2a61aee56 Add Batch feature (XLS-56) (#5060)
e514de76e Add single asset vault (XLS-65d) (#5224)
3e152fec7 refactor: use east const convention (#5409)
2db279180 Add PermissionDelegation feature (#5354)
cba512068 refactor: Clean up test logging to make it easier to search (#5396)
2bc5cb240 test: enable unit tests to work with variable reference fee (#5145)
c17676a9b refactor: Improve ordering of headers with clang-format (#5343)
2406b28e6 refactor: Remove unused and add missing includes (#5293)
dcc458122 Add RPC "simulate" to execute a dry run of a transaction (#5069)
50b8f19cb Fix CI unit tests (#5196)
409c1d5aa Add missing space character to a log message (#5251)
ccc088980 Permissioned Domains (XLS-80d) (#5161)
eabca8439 Antithesis instrumentation improvements (#5213)
ea1fffeeb Enforce levelization in libxrpl with CMake (#5111)
d7e949193 Add Antithesis intrumentation (#5042)
f419c1805 Add a new serialized type: STNumber (#5121)
8e827e32a Introduce Credentials support (XLS-70d): (#5103)
c5c0e70e2 Fix token comparison in Payment (#5172)
23c37fa50 Introduce MPT support (XLS-33d): (#5143)
552377c76 Reformat code with clang-format-18
9a6af9c43 chore: fix typos in comments (#5094)
0a331ea72 Factor out Transactor::trapTransaction (#5087)
1d23148e6 Rewrite includes (#4997)
e416ee72c Rearrange sources (#4997)
ae7ea33b7 fixReducedOffersV2: prevent offers from blocking order books: (#5032)
0eebe6a5f Rewrite includes
3b624d8bf `fixFillOrKill`: fix offer crossing with tfFillOrKill (#4694)
b421945e7 `DID`: Decentralized identifiers (DIDs) (XLS-40): (#4636)
58f7aecb0 fix(AMM): prevent orphaned objects, inconsistent ledger state: (#4626)
3c9db4b69 Introduce AMM support (XLS-30d): (#4294)
e4b17d1cf `XRPFees`: Fee setting and handling improvements (#4247)
0362e935a Reduce default reserves to 10/2 (#4329)
0839a202c Reduce console noise coming from unit tests:
11ca9a946 Add successor information to clio ETL messages
8d59c7dd4 Redistribute unit test priorities based on current measurements
10e4608ce Improve unit test coverage of AccountDelete transactor
22cc9a254 Maintenance of Offer and PayStrand unit tests
3b33318dc Prefer std::optional over boost:optional:
fe129e8e4  Optimize payment path exploration in flow:
44fe0e1fc Add support for the 'TicketBatch' amendment:
17abca1ca Use macros to instantiate most SField instances:
7724cca38 Implement enhanced Ticket support:
86e8f2e23 Add Shard Family
328e42ad4 Minor cleanups:
6d28f2a8d Cleanup code using move semantics
74f9edef0 Prefer keylets instead of naked hashes:
50760c693 Format first-party source according to .clang-format
a6246b0ba Remove conditionals for fix1373 enabled 07Jul2017
e93a44fe9 Remove conditionals for fix1368 enabled 31Mar2017
d097819c5 Check XRP endpoints for circular paths (RIPD-1781):
81326a6d0 Remove old payment code
ae707b814 Always enable fix1449 dated March 30, 2017 20:00:00 UTC
9c580b20a Always enable fix1443 dated March 12, 2017 01:00:00 UTC
70c21f90b Always enable fix1298 dated December 21, 2016 18:00:00 UTC
0964379a6 Always enable fix1274 dated September 30, 2016 17:00:00 UTC
a176f58a9 Always enable fix1141 dated July 1, 2016 17:00:00 UTC
fc0a08270 Remove STAmountSO::soTime and soTime2:
e3b5b808c Add units to all fee calculations:
a3a9dc26b Introduce support for deletable accounts:
7912ee6f7 Use structured bindings in some places:
b9e73b485 Fix shadowing variables
79a0cb096 Payment paths with a zero output step are dry (RIPD-1749):
64b55c0f8 Rename JsonFields.h to jss.h:
148bbf4e8 Add safe_cast (RIPD-1702):
58f786cbb Make the FeeEscalation amendment permanent (RIPD-1654):
a999894da Allow rippled to compile with C++17:
0bbe6e226 Remove beast::Journal default constructor
16b9bbb51 Retried transactions that `tec` move from TxQ to open ledger:
f658656b8 Mark some single-argument constructors explicit
7c785d0d7 Add missing override keyword:
cfdc64d7c Enable manual tests in CI:
008ff67ac Add DepositPreauth ledger type and transaction (RIPD-1624):
118c25c0f Compile time check preflight returns no tec (RIPD-1624):
04f138886 Remove extra semicolons:
deb9e4ce3 Remove BeastConfig.h (RIPD-1167)
da43775d1 Unit test that NoRipple and DepositAuth are orthogonal
259394029 Support for lsfDepositAuth (RIPD-1487):
8a02b76d7 Fix snprintf warning
e8d02c133 Refactor FeatureBitset:
3523cee63 Minimize use of jtx::with_only_features (RIPD-1515):
feb7582ac Unit tests don't enable Tickets or SHAMapV2 by default:
07e3f81b7 Run unit tests in parallel
1853c0d67 Add STAmount switchover support to tx queue:
a02a469b2 Fix unit test compiler warnings
463b154e3 Improve directory insertion & deletion (RIPD-1353, RIPD-1488):
366694861 Make code self-documenting by using symbolic constants
5ad49454f Remove unused lambda captures
56946e812 Change features default behavior in Env (RIPD-1460):
7dc2fe9ce Handle strand creation for erroneous self-payment
5f3776529 Make Paystrand tests automatic:
a56d31910 Disallow account one in payments
369909df8 Use payment flow code for offer crossing (RIPD-1094):
2680b78b5 Rename featureToStrandV2 to fix1373
068889e5b Cleanup fix1449
3bd9772c0 Rename timebase switches from 'amendment' to 'fix'
1bb92d40a Fix tx re-ordering bug in test:
846723d77 New rules for payment paths:
80d9b0464 Add helper to modify Env configs (RIPD-1247)
ffa79ac6a Enforce rippling constraints during payments
f423181b9 Rename amendment featureRIPD1368 -> fix1368
2c6b0f319 Fix limiting step re-execute bug (RIPD-1368):
a8cf5e0a5 Add validator token to config (RIPD-1386)
fb60cc9b5 Cleanup unit test support code (RIPD-1380):
b6a01ea41 Move support test code to src/test/support (RIPD-1313)
e00a6b0e5 Enable amendments in genesis ledger (RIPD-1281)
bb0b97f46 Fix unfunded offer not removed (RIPD-1298):
8f9788917 Don't include unit test sources in code coverage (RIPD-1132):
