ripple.app.AccountDelete Basics
ripple.app.AccountDelete Directories
ripple.app.AccountDelete Owned types
ripple.app.AccountDelete Resurrection
ripple.app.AccountDelete Amendment enable
ripple.app.AccountDelete Too many offers
ripple.app.AccountDelete Implicitly created trust line
ripple.app.AccountDelete Balance too small for fee
ripple.app.AccountDelete With Tickets
ripple.app.AccountDelete Destination Constraints
ripple.app.AccountDelete Destination Constraints with DepositPreauth and Credentials
ripple.app.AccountDelete Credentials that aren't required
ripple.app.AccountDelete Expired credentials
ripple.app.AccountDelete Credentials feature disabled
ripple.app.AccountDelete Deleting Issuer deletes issued credentials
ripple.app.AccountDelete Deleting Subject deletes issued credentials
ripple.app.AccountDelete had 0 failures.
ripple.app.Flow limitQuality
ripple.app.Flow Circular XRP
ripple.app.Flow ripd1443
ripple.app.Flow ripd1449
ripple.app.Flow Line Quality
ripple.app.Flow falseDryChanges
ripple.app.Flow Book Step
ripple.app.Flow Direct Step
ripple.app.Flow Book Step
ripple.app.Flow Transfer Rate
ripple.app.Flow Self-payment 1
ripple.app.Flow Self-payment 2
ripple.app.Flow Self funded XRPEndpoint
ripple.app.Flow Self funded XRPEndpoint
ripple.app.Flow Unfunded Offer
ripple.app.Flow ReexecuteDirectStep
ripple.app.Flow Self crossing low quality offer
ripple.app.Flow Payment with ticket
ripple.app.Flow Line Quality
ripple.app.Flow falseDryChanges
ripple.app.Flow Book Step
ripple.app.Flow Direct Step
ripple.app.Flow Book Step
ripple.app.Flow Transfer Rate
ripple.app.Flow Self-payment 1
ripple.app.Flow Self-payment 2
ripple.app.Flow Self funded XRPEndpoint
ripple.app.Flow Self funded XRPEndpoint
ripple.app.Flow Unfunded Offer
ripple.app.Flow ReexecuteDirectStep
ripple.app.Flow Self crossing low quality offer
ripple.app.Flow Payment with ticket
ripple.app.Flow Empty Strand
ripple.app.Flow had 0 failures.
ripple.app.TxQPosNegFlows queue sequence
ripple.app.TxQPosNegFlows queue ticket
ripple.app.TxQPosNegFlows queue tec
ripple.app.TxQPosNegFlows local tx retry
ripple.app.TxQPosNegFlows last ledger sequence
ripple.app.TxQPosNegFlows zero transaction fee
ripple.app.TxQPosNegFlows fail in preclaim
ripple.app.TxQPosNegFlows queued tx fails
ripple.app.TxQPosNegFlows multi tx per account
ripple.app.TxQPosNegFlows tie breaking
ripple.app.TxQPosNegFlows acct tx id
ripple.app.TxQPosNegFlows maximum tx
ripple.app.TxQPosNegFlows unexpected balance change
ripple.app.TxQPosNegFlows blockers sequence
ripple.app.TxQPosNegFlows blockers ticket
ripple.app.TxQPosNegFlows In-flight balance checks
ripple.app.TxQPosNegFlows consequences
ripple.app.TxQPosNegFlows had 0 failures.
ripple.app.DepositAuth Enable
ripple.app.DepositAuth Pay IOU
ripple.app.DepositAuth Pay XRP
ripple.app.DepositAuth No Ripple
ripple.app.DepositAuth had 0 failures.
ripple.app.Invariants XRP created
ripple.app.Invariants account root removed
ripple.app.Invariants account root deletion left artifact
ripple.app.Invariants ledger entry types don't match
ripple.app.Invariants trust lines with XRP not allowed
ripple.app.Invariants trust lines with deep freeze flag without freeze not allowed
ripple.app.Invariants transfers when frozen
ripple.app.Invariants XRP balance checks
ripple.app.Invariants Transaction fee checks
ripple.app.Invariants no bad offers
ripple.app.Invariants no zero escrow
ripple.app.Invariants valid new account root
ripple.app.Invariants NFTokenPage
ripple.app.Invariants PermissionedDomain fix
ripple.app.Invariants PermissionedDomain 2
ripple.app.Invariants PermissionedDomain 3
ripple.app.Invariants PermissionedDomain 4
ripple.app.Invariants PermissionedDomain Set 1
ripple.app.Invariants PermissionedDomain Set 2
ripple.app.Invariants PermissionedDomain Set 3
ripple.app.Invariants PermissionedDomain Set 4
ripple.app.Invariants PermissionedDomain set 2 domains
ripple.app.Invariants PermissionedDomain del 2 domains
ripple.app.Invariants PermissionedDomain set 0 domains
ripple.app.Invariants PermissionedDomain del 0 domains
ripple.app.Invariants PermissionedDomain set, delete domain
ripple.app.Invariants PermissionedDomain del, create domain
ripple.app.Invariants PermissionedDomain invalid tx
ripple.app.Invariants PermissionedDomain
ripple.app.Invariants PermissionedDomain 2
ripple.app.Invariants PermissionedDomain 3
ripple.app.Invariants PermissionedDomain 4
ripple.app.Invariants PermissionedDomain Set 1
ripple.app.Invariants PermissionedDomain Set 2
ripple.app.Invariants PermissionedDomain Set 3
ripple.app.Invariants PermissionedDomain Set 4
ripple.app.Invariants PermissionedDomain set 2 domains
ripple.app.Invariants PermissionedDomain del 2 domains
ripple.app.Invariants PermissionedDomain set 0 domains
ripple.app.Invariants PermissionedDomain del 0 domains
ripple.app.Invariants PermissionedDomain set, delete domain
ripple.app.Invariants PermissionedDomain del, create domain
ripple.app.Invariants PermissionedDomain invalid tx
ripple.app.Invariants PermissionedDEX fix
ripple.app.Invariants PermissionedDEX
ripple.app.Invariants no modified unmodifiable fields
ripple.app.Invariants valid pseudo accounts
ripple.app.Invariants valid loan broker
ripple.app.Invariants Vault general checks
ripple.app.Invariants Vault create
ripple.app.Invariants Vault deposit
ripple.app.Invariants Vault withdrawal
ripple.app.Invariants Vault clawback
ripple.app.Invariants overwrite: NoXRPTrustLines fix
ripple.app.Invariants overwrite: NoDeepFreeze fix
ripple.app.Invariants overwrite: NoZeroEscrow MPT fix
ripple.app.Invariants overwrite: NoXRPTrustLines
ripple.app.Invariants overwrite: NoDeepFreeze
ripple.app.Invariants overwrite: NoZeroEscrow MPT
ripple.app.Invariants vault computeCoarsestScale: No values
ripple.app.Invariants vault computeCoarsestScale: Mixed integer and Number values
ripple.app.Invariants vault computeCoarsestScale: Mixed scales
ripple.app.Invariants vault computeCoarsestScale: Equal scales
ripple.app.Invariants vault computeCoarsestScale: Mixed mantissa sizes
ripple.app.Invariants vault computeCoarsestScale: False equivalence
ripple.app.Invariants had 0 failures.
ripple.app.Path source currency limits
ripple.app.Path no direct path no intermediary no alternatives
ripple.app.Path direct path no intermediary
ripple.app.Path payment auto path find
ripple.app.Path path find
ripple.app.Path alternative paths - consume best transfer first
ripple.app.Path path negative: ripple-client issue #23: smaller
ripple.app.Path path negative: ripple-client issue #23: larger
ripple.app.Path quality set and test
ripple.app.Path trust normal clear
ripple.app.Path trust auto clear
ripple.app.Path ripple -> ripple
ripple.app.Path ripple -> no ripple
ripple.app.Path no ripple -> ripple
ripple.app.Path no ripple -> no ripple
ripple.app.Path path find w/o domain
ripple.app.Path path find consume all w/o domain
ripple.app.Path alternative path consume both w/o domain
ripple.app.Path alternative paths consume best transfer w/o domain
ripple.app.Path alternative paths - limit returned paths to best quality w/o domain
ripple.app.Path path negative: Issue #5 w/o domain
ripple.app.Path via gateway w/o domain
ripple.app.Path XRP to XRP w/o domain
ripple.app.Path Receive max w/o domain
ripple.app.Path Path Find: XRP -> XRP and XRP -> IOU w/o domain
ripple.app.Path Path Find: non-XRP -> XRP w/o domain
ripple.app.Path Path Find: Bitstamp and SnapSwap, liquidity with no offers w/o domain
ripple.app.Path Path Find: non-XRP -> non-XRP, same currency w/o domain
ripple.app.Path Path Find: non-XRP -> non-XRP, same currency) w/o domain
ripple.app.Path path find w/ domain
ripple.app.Path path find consume all w/ domain
ripple.app.Path alternative path consume both w/ domain
ripple.app.Path alternative paths consume best transfer w/ domain
ripple.app.Path alternative paths - limit returned paths to best quality w/ domain
ripple.app.Path path negative: Issue #5 w/ domain
ripple.app.Path via gateway w/ domain
ripple.app.Path XRP to XRP w/ domain
ripple.app.Path Receive max w/ domain
ripple.app.Path Path Find: XRP -> XRP and XRP -> IOU w/ domain
ripple.app.Path Path Find: non-XRP -> XRP w/ domain
ripple.app.Path Path Find: Bitstamp and SnapSwap, liquidity with no offers w/ domain
ripple.app.Path Path Find: non-XRP -> non-XRP, same currency w/ domain
ripple.app.Path Path Find: non-XRP -> non-XRP, same currency) w/ domain
ripple.app.Path Hybrid offer path
ripple.app.Path AMM not used in domain path
ripple.app.Path had 0 failures.
ripple.app.PayStrand To Strand
ripple.app.PayStrand To Strand
ripple.app.PayStrand RIPD1373
ripple.app.PayStrand RIPD1373
ripple.app.PayStrand test loop
ripple.app.PayStrand test loop
ripple.app.PayStrand test no account
ripple.app.PayStrand had 0 failures.
ripple.app.SetRegularKey Set regular key
ripple.app.SetRegularKey Disable master key
ripple.app.SetRegularKey Re-enable master key
ripple.app.SetRegularKey Revoke regular key
ripple.app.SetRegularKey Set regular key
ripple.app.SetRegularKey Disable master key
ripple.app.SetRegularKey Re-enable master key
ripple.app.SetRegularKey Revoke regular key
ripple.app.SetRegularKey Set regular key to master key (before fixMasterKeyAsRegularKey)
ripple.app.SetRegularKey Set regular key to master key (after fixMasterKeyAsRegularKey)
ripple.app.SetRegularKey Password spent
ripple.app.SetRegularKey Universal mask
ripple.app.SetRegularKey Ticket regular key
ripple.app.SetRegularKey had 0 failures.
ripple.app.TrustAndBalance Trust Nonexistent Account
ripple.app.TrustAndBalance Credit Limit
ripple.app.TrustAndBalance Payment to Nonexistent Account
ripple.app.TrustAndBalance Direct Payment, Ripple
ripple.app.TrustAndBalance Direct Payment: Without  Xfer Fee, Without  Subscribe
ripple.app.TrustAndBalance Direct Payment: With  Xfer Fee, Without  Subscribe
ripple.app.TrustAndBalance Direct Payment: Without  Xfer Fee, With  Subscribe
ripple.app.TrustAndBalance Direct Payment: With  Xfer Fee, With  Subscribe
ripple.app.TrustAndBalance Payments With Paths and Fees
ripple.app.TrustAndBalance Indirect Payment
ripple.app.TrustAndBalance Indirect Payment, Multi Path, With  Xfer Fee,
ripple.app.TrustAndBalance Indirect Payment, Multi Path, Without  Xfer Fee,
ripple.app.TrustAndBalance Set Invoice ID on Payment
ripple.app.TrustAndBalance Payment to Nonexistent Account
ripple.app.TrustAndBalance Direct Payment, Ripple
ripple.app.TrustAndBalance Direct Payment: Without  Xfer Fee, Without  Subscribe
ripple.app.TrustAndBalance Direct Payment: With  Xfer Fee, Without  Subscribe
ripple.app.TrustAndBalance Direct Payment: Without  Xfer Fee, With  Subscribe
ripple.app.TrustAndBalance Direct Payment: With  Xfer Fee, With  Subscribe
ripple.app.TrustAndBalance Payments With Paths and Fees
ripple.app.TrustAndBalance Indirect Payment
ripple.app.TrustAndBalance Indirect Payment, Multi Path, With  Xfer Fee,
ripple.app.TrustAndBalance Indirect Payment, Multi Path, Without  Xfer Fee,
ripple.app.TrustAndBalance Set Invoice ID on Payment
ripple.app.TrustAndBalance had 0 failures.
ripple.ledger.PaymentSandbox selfFunding
ripple.ledger.PaymentSandbox subtractCredits
ripple.ledger.PaymentSandbox Tiny balance
ripple.ledger.PaymentSandbox Reserve
ripple.ledger.PaymentSandbox balanceHook
ripple.ledger.PaymentSandbox selfFunding
ripple.ledger.PaymentSandbox subtractCredits
ripple.ledger.PaymentSandbox Tiny balance
ripple.ledger.PaymentSandbox Reserve
ripple.ledger.PaymentSandbox balanceHook
ripple.ledger.PaymentSandbox had 0 failures.
Longest suite times:
   23.4s ripple.app.Invariants
   12.2s ripple.app.AccountDelete
   11.2s ripple.app.Flow
    8.1s ripple.app.Path
    3.6s ripple.app.TxQPosNegFlows
    3.0s ripple.app.DepositAuth
    2.9s ripple.app.PayStrand
    2.6s ripple.app.TrustAndBalance
    1.1s ripple.ledger.PaymentSandbox
68.9s, 10 suites, 234 cases, 39070 tests total, 0 failures
